01:12:14 **** Build of configuration Debug for project SoAd_TcpIp_Client ****
make -j8 all 
arm-none-eabi-gcc "../TcpIp/TcpIp.c" -mcpu=cortex-m3 -std=gnu11 -g3 -DSTM32 -DSTM32F1 -DSTM32F103C6Tx -DDEBUG -c -I../Inc -O0 -ffunction-sections -fdata-sections -Wall -fstack-usage -MMD -MP -MF"TcpIp/TcpIp.d" -MT"TcpIp/TcpIp.o" --specs=nano.specs -mfloat-abi=soft -mthumb -o "TcpIp/TcpIp.o"
arm-none-eabi-gcc "../TcpIp/TcpIp_PbCfg.c" -mcpu=cortex-m3 -std=gnu11 -g3 -DSTM32 -DSTM32F1 -DSTM32F103C6Tx -DDEBUG -c -I../Inc -O0 -ffunction-sections -fdata-sections -Wall -fstack-usage -MMD -MP -MF"TcpIp/TcpIp_PbCfg.d" -MT"TcpIp/TcpIp_PbCfg.o" --specs=nano.specs -mfloat-abi=soft -mthumb -o "TcpIp/TcpIp_PbCfg.o"
arm-none-eabi-gcc "../Stm32f103c6_Drivers/Stm32_F103C6_EXTI_driver.c" -mcpu=cortex-m3 -std=gnu11 -g3 -DSTM32 -DSTM32F1 -DSTM32F103C6Tx -DDEBUG -c -I../Inc -O0 -ffunction-sections -fdata-sections -Wall -fstack-usage -MMD -MP -MF"Stm32f103c6_Drivers/Stm32_F103C6_EXTI_driver.d" -MT"Stm32f103c6_Drivers/Stm32_F103C6_EXTI_driver.o" --specs=nano.specs -mfloat-abi=soft -mthumb -o "Stm32f103c6_Drivers/Stm32_F103C6_EXTI_driver.o"
arm-none-eabi-gcc "../Stm32f103c6_Drivers/Stm32_F103C6_RCC_driver.c" -mcpu=cortex-m3 -std=gnu11 -g3 -DSTM32 -DSTM32F1 -DSTM32F103C6Tx -DDEBUG -c -I../Inc -O0 -ffunction-sections -fdata-sections -Wall -fstack-usage -MMD -MP -MF"Stm32f103c6_Drivers/Stm32_F103C6_RCC_driver.d" -MT"Stm32f103c6_Drivers/Stm32_F103C6_RCC_driver.o" --specs=nano.specs -mfloat-abi=soft -mthumb -o "Stm32f103c6_Drivers/Stm32_F103C6_RCC_driver.o"
arm-none-eabi-gcc "../Stm32f103c6_Drivers/Stm32_F103C6_USART_driver.c" -mcpu=cortex-m3 -std=gnu11 -g3 -DSTM32 -DSTM32F1 -DSTM32F103C6Tx -DDEBUG -c -I../Inc -O0 -ffunction-sections -fdata-sections -Wall -fstack-usage -MMD -MP -MF"Stm32f103c6_Drivers/Stm32_F103C6_USART_driver.d" -MT"Stm32f103c6_Drivers/Stm32_F103C6_USART_driver.o" --specs=nano.specs -mfloat-abi=soft -mthumb -o "Stm32f103c6_Drivers/Stm32_F103C6_USART_driver.o"
arm-none-eabi-gcc "../Stm32f103c6_Drivers/Stm32_F103C6_gpio_driver.c" -mcpu=cortex-m3 -std=gnu11 -g3 -DSTM32 -DSTM32F1 -DSTM32F103C6Tx -DDEBUG -c -I../Inc -O0 -ffunction-sections -fdata-sections -Wall -fstack-usage -MMD -MP -MF"Stm32f103c6_Drivers/Stm32_F103C6_gpio_driver.d" -MT"Stm32f103c6_Drivers/Stm32_F103C6_gpio_driver.o" --specs=nano.specs -mfloat-abi=soft -mthumb -o "Stm32f103c6_Drivers/Stm32_F103C6_gpio_driver.o"
arm-none-eabi-gcc -mcpu=cortex-m3 -g3 -c -x assembler-with-cpp -MMD -MP -MF"Startup/startup_stm32f103c6tx.d" -MT"Startup/startup_stm32f103c6tx.o" --specs=nano.specs -mfloat-abi=soft -mthumb -o "Startup/startup_stm32f103c6tx.o" "../Startup/startup_stm32f103c6tx.s"
arm-none-eabi-gcc "../Src/PduR.c" -mcpu=cortex-m3 -std=gnu11 -g3 -DSTM32 -DSTM32F1 -DSTM32F103C6Tx -DDEBUG -c -I../Inc -O0 -ffunction-sections -fdata-sections -Wall -fstack-usage -MMD -MP -MF"Src/PduR.d" -MT"Src/PduR.o" --specs=nano.specs -mfloat-abi=soft -mthumb -o "Src/PduR.o"
../Stm32f103c6_Drivers/Stm32_F103C6_EXTI_driver.c:7:10: fatal error: Stm32_F103C6_EXTI_driver.h: No such file or directory
 #include "Stm32_F103C6_EXTI_driver.h"
          ^~~~~~~~~~~~~~~~~~~~~~~~~~~~
compilation terminated.
../Stm32f103c6_Drivers/Stm32_F103C6_USART_driver.c:7:10: fatal error: Stm32_F103C6_USART_driver.h: No such file or directory
 #include "Stm32_F103C6_USART_driver.h"
          ^~~~~~~~~~~~~~~~~~~~~~~~~~~~~
compilation terminated.
../TcpIp/TcpIp.c:1:10: fatal error: TcpIp.h: No such file or directory
 #include "TcpIp.h"
          ^~~~~~~~~
compilation terminated.
../Stm32f103c6_Drivers/Stm32_F103C6_RCC_driver.c:7:10: fatal error: Stm32_F103C6_RCC_driver.h: No such file or directory
 #include "Stm32_F103C6_RCC_driver.h"
          ^~~~~~~~~~~~~~~~~~~~~~~~~~~
compilation terminated.
../TcpIp/TcpIp_PbCfg.c:1:10: fatal error: TcpIp.h: No such file or directory
 #include "TcpIp.h"
          ^~~~~~~~~
compilation terminated.
make: *** [Stm32f103c6_Drivers/subdir.mk:27: Stm32f103c6_Drivers/Stm32_F103C6_EXTI_driver.o] Error 1
make: *** Waiting for unfinished jobs....
make: *** [Stm32f103c6_Drivers/subdir.mk:29: Stm32f103c6_Drivers/Stm32_F103C6_RCC_driver.o] Error 1
In file included from ../Src/PduR.c:9:0:
../Inc/PduR.h:13:10: fatal error: SoAd.h: No such file or directory
 #include "SoAd.h"
          ^~~~~~~~
compilation terminated.
make: *** [TcpIp/subdir.mk:21: TcpIp/TcpIp.o] Error 1
make: *** [Stm32f103c6_Drivers/subdir.mk:31: Stm32f103c6_Drivers/Stm32_F103C6_USART_driver.o] Error 1
make: *** [TcpIp/subdir.mk:23: TcpIp/TcpIp_PbCfg.o] Error 1
../Stm32f103c6_Drivers/Stm32_F103C6_gpio_driver.c:7:10: fatal error: Stm32_F103C6_gpio_driver.h: No such file or directory
 #include "Stm32_F103C6_gpio_driver.h"
          ^~~~~~~~~~~~~~~~~~~~~~~~~~~~
compilation terminated.
make: *** [Src/subdir.mk:27: Src/PduR.o] Error 1
make: *** [Stm32f103c6_Drivers/subdir.mk:33: Stm32f103c6_Drivers/Stm32_F103C6_gpio_driver.o] Error 1
"make -j8 all" terminated with exit code 2. Build might be incomplete.

01:12:15 Build Failed. 15 errors, 0 warnings. (took 621ms)

01:13:27 **** Incremental Build of configuration Debug for project SoAd_TcpIp_Client ****
make -j8 all 
arm-none-eabi-gcc -gdwarf-2 "../TcpIp/TcpIp.c" -mcpu=cortex-m3 -std=gnu11 -g3 -DSTM32 -DSTM32F1 -DSTM32F103C6Tx -DDEBUG -c -I../Inc -I"D:/Mohamed/College/GP/TcpIp/SoAd_TcpIp_Integration/SoAd_TcpIp_Client/EthIf/Inc" -I"D:/Mohamed/College/GP/TcpIp/SoAd_TcpIp_Integration/SoAd_TcpIp_Client/SoAd/Inc" -I"D:/Mohamed/College/GP/TcpIp/SoAd_TcpIp_Integration/SoAd_TcpIp_Client/Stm32f103c6_Drivers/Inc" -I"D:/Mohamed/College/GP/TcpIp/SoAd_TcpIp_Integration/SoAd_TcpIp_Client/TcpIp/Inc" -O0 -ffunction-sections -fdata-sections -Wall -fstack-usage -MMD -MP -MF"TcpIp/TcpIp.d" -MT"TcpIp/TcpIp.o" --specs=nano.specs -mfloat-abi=soft -mthumb -o "TcpIp/TcpIp.o"
arm-none-eabi-gcc -gdwarf-2 "../TcpIp/TcpIp_PbCfg.c" -mcpu=cortex-m3 -std=gnu11 -g3 -DSTM32 -DSTM32F1 -DSTM32F103C6Tx -DDEBUG -c -I../Inc -I"D:/Mohamed/College/GP/TcpIp/SoAd_TcpIp_Integration/SoAd_TcpIp_Client/EthIf/Inc" -I"D:/Mohamed/College/GP/TcpIp/SoAd_TcpIp_Integration/SoAd_TcpIp_Client/SoAd/Inc" -I"D:/Mohamed/College/GP/TcpIp/SoAd_TcpIp_Integration/SoAd_TcpIp_Client/Stm32f103c6_Drivers/Inc" -I"D:/Mohamed/College/GP/TcpIp/SoAd_TcpIp_Integration/SoAd_TcpIp_Client/TcpIp/Inc" -O0 -ffunction-sections -fdata-sections -Wall -fstack-usage -MMD -MP -MF"TcpIp/TcpIp_PbCfg.d" -MT"TcpIp/TcpIp_PbCfg.o" --specs=nano.specs -mfloat-abi=soft -mthumb -o "TcpIp/TcpIp_PbCfg.o"
arm-none-eabi-gcc -gdwarf-2 "../Stm32f103c6_Drivers/Stm32_F103C6_EXTI_driver.c" -mcpu=cortex-m3 -std=gnu11 -g3 -DSTM32 -DSTM32F1 -DSTM32F103C6Tx -DDEBUG -c -I../Inc -I"D:/Mohamed/College/GP/TcpIp/SoAd_TcpIp_Integration/SoAd_TcpIp_Client/EthIf/Inc" -I"D:/Mohamed/College/GP/TcpIp/SoAd_TcpIp_Integration/SoAd_TcpIp_Client/SoAd/Inc" -I"D:/Mohamed/College/GP/TcpIp/SoAd_TcpIp_Integration/SoAd_TcpIp_Client/Stm32f103c6_Drivers/Inc" -I"D:/Mohamed/College/GP/TcpIp/SoAd_TcpIp_Integration/SoAd_TcpIp_Client/TcpIp/Inc" -O0 -ffunction-sections -fdata-sections -Wall -fstack-usage -MMD -MP -MF"Stm32f103c6_Drivers/Stm32_F103C6_EXTI_driver.d" -MT"Stm32f103c6_Drivers/Stm32_F103C6_EXTI_driver.o" --specs=nano.specs -mfloat-abi=soft -mthumb -o "Stm32f103c6_Drivers/Stm32_F103C6_EXTI_driver.o"
arm-none-eabi-gcc -gdwarf-2 "../Stm32f103c6_Drivers/Stm32_F103C6_RCC_driver.c" -mcpu=cortex-m3 -std=gnu11 -g3 -DSTM32 -DSTM32F1 -DSTM32F103C6Tx -DDEBUG -c -I../Inc -I"D:/Mohamed/College/GP/TcpIp/SoAd_TcpIp_Integration/SoAd_TcpIp_Client/EthIf/Inc" -I"D:/Mohamed/College/GP/TcpIp/SoAd_TcpIp_Integration/SoAd_TcpIp_Client/SoAd/Inc" -I"D:/Mohamed/College/GP/TcpIp/SoAd_TcpIp_Integration/SoAd_TcpIp_Client/Stm32f103c6_Drivers/Inc" -I"D:/Mohamed/College/GP/TcpIp/SoAd_TcpIp_Integration/SoAd_TcpIp_Client/TcpIp/Inc" -O0 -ffunction-sections -fdata-sections -Wall -fstack-usage -MMD -MP -MF"Stm32f103c6_Drivers/Stm32_F103C6_RCC_driver.d" -MT"Stm32f103c6_Drivers/Stm32_F103C6_RCC_driver.o" --specs=nano.specs -mfloat-abi=soft -mthumb -o "Stm32f103c6_Drivers/Stm32_F103C6_RCC_driver.o"
arm-none-eabi-gcc -gdwarf-2 "../Stm32f103c6_Drivers/Stm32_F103C6_USART_driver.c" -mcpu=cortex-m3 -std=gnu11 -g3 -DSTM32 -DSTM32F1 -DSTM32F103C6Tx -DDEBUG -c -I../Inc -I"D:/Mohamed/College/GP/TcpIp/SoAd_TcpIp_Integration/SoAd_TcpIp_Client/EthIf/Inc" -I"D:/Mohamed/College/GP/TcpIp/SoAd_TcpIp_Integration/SoAd_TcpIp_Client/SoAd/Inc" -I"D:/Mohamed/College/GP/TcpIp/SoAd_TcpIp_Integration/SoAd_TcpIp_Client/Stm32f103c6_Drivers/Inc" -I"D:/Mohamed/College/GP/TcpIp/SoAd_TcpIp_Integration/SoAd_TcpIp_Client/TcpIp/Inc" -O0 -ffunction-sections -fdata-sections -Wall -fstack-usage -MMD -MP -MF"Stm32f103c6_Drivers/Stm32_F103C6_USART_driver.d" -MT"Stm32f103c6_Drivers/Stm32_F103C6_USART_driver.o" --specs=nano.specs -mfloat-abi=soft -mthumb -o "Stm32f103c6_Drivers/Stm32_F103C6_USART_driver.o"
arm-none-eabi-gcc -gdwarf-2 "../Stm32f103c6_Drivers/Stm32_F103C6_gpio_driver.c" -mcpu=cortex-m3 -std=gnu11 -g3 -DSTM32 -DSTM32F1 -DSTM32F103C6Tx -DDEBUG -c -I../Inc -I"D:/Mohamed/College/GP/TcpIp/SoAd_TcpIp_Integration/SoAd_TcpIp_Client/EthIf/Inc" -I"D:/Mohamed/College/GP/TcpIp/SoAd_TcpIp_Integration/SoAd_TcpIp_Client/SoAd/Inc" -I"D:/Mohamed/College/GP/TcpIp/SoAd_TcpIp_Integration/SoAd_TcpIp_Client/Stm32f103c6_Drivers/Inc" -I"D:/Mohamed/College/GP/TcpIp/SoAd_TcpIp_Integration/SoAd_TcpIp_Client/TcpIp/Inc" -O0 -ffunction-sections -fdata-sections -Wall -fstack-usage -MMD -MP -MF"Stm32f103c6_Drivers/Stm32_F103C6_gpio_driver.d" -MT"Stm32f103c6_Drivers/Stm32_F103C6_gpio_driver.o" --specs=nano.specs -mfloat-abi=soft -mthumb -o "Stm32f103c6_Drivers/Stm32_F103C6_gpio_driver.o"
arm-none-eabi-gcc -gdwarf-2 -mcpu=cortex-m3 -g3 -c -x assembler-with-cpp -MMD -MP -MF"Startup/startup_stm32f103c6tx.d" -MT"Startup/startup_stm32f103c6tx.o" --specs=nano.specs -mfloat-abi=soft -mthumb -o "Startup/startup_stm32f103c6tx.o" "../Startup/startup_stm32f103c6tx.s"
arm-none-eabi-gcc -gdwarf-2 "../Src/PduR.c" -mcpu=cortex-m3 -std=gnu11 -g3 -DSTM32 -DSTM32F1 -DSTM32F103C6Tx -DDEBUG -c -I../Inc -I"D:/Mohamed/College/GP/TcpIp/SoAd_TcpIp_Integration/SoAd_TcpIp_Client/EthIf/Inc" -I"D:/Mohamed/College/GP/TcpIp/SoAd_TcpIp_Integration/SoAd_TcpIp_Client/SoAd/Inc" -I"D:/Mohamed/College/GP/TcpIp/SoAd_TcpIp_Integration/SoAd_TcpIp_Client/Stm32f103c6_Drivers/Inc" -I"D:/Mohamed/College/GP/TcpIp/SoAd_TcpIp_Integration/SoAd_TcpIp_Client/TcpIp/Inc" -O0 -ffunction-sections -fdata-sections -Wall -fstack-usage -MMD -MP -MF"Src/PduR.d" -MT"Src/PduR.o" --specs=nano.specs -mfloat-abi=soft -mthumb -o "Src/PduR.o"
../TcpIp/TcpIp.c: In function 'TcpIp_GetPacket':
../TcpIp/TcpIp.c:80:2: warning: statement with no effect [-Wunused-value]
  for(bufferCtr; dataCtr < (AvailableLength); bufferCtr++, dataCtr++){
  ^~~
../TcpIp/TcpIp.c: In function 'TcpIp_SoAdGetSocket':
../TcpIp/TcpIp.c:167:8: warning: variable 'error_code' set but not used [-Wunused-but-set-variable]
  uint8 error_code;
        ^~~~~~~~~~
../TcpIp/TcpIp.c: In function 'TcpIp_Bind':
../TcpIp/TcpIp.c:227:8: warning: unused variable 'i' [-Wunused-variable]
  uint8 i = 0;
        ^
../TcpIp/TcpIp.c:211:19: warning: unused variable 'Return_State' [-Wunused-variable]
  TcpIp_ReturnType Return_State = TCPIP_E_OK;
                   ^~~~~~~~~~~~
../TcpIp/TcpIp.c:210:8: warning: unused variable 'error_code' [-Wunused-variable]
  uint8 error_code;
        ^~~~~~~~~~
../TcpIp/TcpIp.c: In function 'TcpIp_TcpConnect':
../TcpIp/TcpIp.c:255:8: warning: variable 'error_code' set but not used [-Wunused-but-set-variable]
  uint8 error_code;
        ^~~~~~~~~~
../TcpIp/TcpIp.c: In function 'TcpIp_TcpListen':
../TcpIp/TcpIp.c:334:8: warning: variable 'error_code' set but not used [-Wunused-but-set-variable]
  uint8 error_code;
        ^~~~~~~~~~
../TcpIp/TcpIp.c: In function 'TcpIp_TcpReceived':
../TcpIp/TcpIp.c:492:1: warning: control reaches end of non-void function [-Wreturn-type]
 }
 ^
At top level:
../TcpIp/TcpIp.c:5:24: warning: 'TcpIpLocalAddr_list' defined but not used [-Wunused-variable]
 static TcpIp_LocalAddr TcpIpLocalAddr_list[2];
                        ^~~~~~~~~~~~~~~~~~~
../TcpIp/TcpIp.c: In function 'TcpIp_MainFunction':
../TcpIp/TcpIp.c:425:10: warning: 'lenPtr' may be used uninitialized in this function [-Wmaybe-uninitialized]
      if((*lenPtr) < TcpIpBuffer[curInd].bufferPtrIdx){
         ~^~~~~~~~
../Stm32f103c6_Drivers/Stm32_F103C6_USART_driver.c: In function 'MCAL_USART_Init':
../Stm32f103c6_Drivers/Stm32_F103C6_USART_driver.c:43:63: warning: unused variable 'USARTDIV_Fraction' [-Wunused-variable]
  uint32_t USARTDIV, USARTDIV_MUL100, USARTDIV_Integer_MUL100, USARTDIV_Fraction;
                                                               ^~~~~~~~~~~~~~~~~
../Stm32f103c6_Drivers/Stm32_F103C6_USART_driver.c:43:38: warning: unused variable 'USARTDIV_Integer_MUL100' [-Wunused-variable]
  uint32_t USARTDIV, USARTDIV_MUL100, USARTDIV_Integer_MUL100, USARTDIV_Fraction;
                                      ^~~~~~~~~~~~~~~~~~~~~~~
../Stm32f103c6_Drivers/Stm32_F103C6_USART_driver.c:43:21: warning: unused variable 'USARTDIV_MUL100' [-Wunused-variable]
  uint32_t USARTDIV, USARTDIV_MUL100, USARTDIV_Integer_MUL100, USARTDIV_Fraction;
                     ^~~~~~~~~~~~~~~
../Stm32f103c6_Drivers/Stm32_F103C6_USART_driver.c:43:11: warning: unused variable 'USARTDIV' [-Wunused-variable]
  uint32_t USARTDIV, USARTDIV_MUL100, USARTDIV_Integer_MUL100, USARTDIV_Fraction;
           ^~~~~~~~
arm-none-eabi-gcc -gdwarf-2 "../Src/main.c" -mcpu=cortex-m3 -std=gnu11 -g3 -DSTM32 -DSTM32F1 -DSTM32F103C6Tx -DDEBUG -c -I../Inc -I"D:/Mohamed/College/GP/TcpIp/SoAd_TcpIp_Integration/SoAd_TcpIp_Client/EthIf/Inc" -I"D:/Mohamed/College/GP/TcpIp/SoAd_TcpIp_Integration/SoAd_TcpIp_Client/SoAd/Inc" -I"D:/Mohamed/College/GP/TcpIp/SoAd_TcpIp_Integration/SoAd_TcpIp_Client/Stm32f103c6_Drivers/Inc" -I"D:/Mohamed/College/GP/TcpIp/SoAd_TcpIp_Integration/SoAd_TcpIp_Client/TcpIp/Inc" -O0 -ffunction-sections -fdata-sections -Wall -fstack-usage -MMD -MP -MF"Src/main.d" -MT"Src/main.o" --specs=nano.specs -mfloat-abi=soft -mthumb -o "Src/main.o"
../Stm32f103c6_Drivers/Stm32_F103C6_RCC_driver.c: In function 'MCAL_RCC_GetSYS_CLKFreq':
../Stm32f103c6_Drivers/Stm32_F103C6_RCC_driver.c:46:1: warning: control reaches end of non-void function [-Wreturn-type]
 }
 ^
arm-none-eabi-gcc -gdwarf-2 "../Src/syscalls.c" -mcpu=cortex-m3 -std=gnu11 -g3 -DSTM32 -DSTM32F1 -DSTM32F103C6Tx -DDEBUG -c -I../Inc -I"D:/Mohamed/College/GP/TcpIp/SoAd_TcpIp_Integration/SoAd_TcpIp_Client/EthIf/Inc" -I"D:/Mohamed/College/GP/TcpIp/SoAd_TcpIp_Integration/SoAd_TcpIp_Client/SoAd/Inc" -I"D:/Mohamed/College/GP/TcpIp/SoAd_TcpIp_Integration/SoAd_TcpIp_Client/Stm32f103c6_Drivers/Inc" -I"D:/Mohamed/College/GP/TcpIp/SoAd_TcpIp_Integration/SoAd_TcpIp_Client/TcpIp/Inc" -O0 -ffunction-sections -fdata-sections -Wall -fstack-usage -MMD -MP -MF"Src/syscalls.d" -MT"Src/syscalls.o" --specs=nano.specs -mfloat-abi=soft -mthumb -o "Src/syscalls.o"
arm-none-eabi-gcc -gdwarf-2 "../Src/sysmem.c" -mcpu=cortex-m3 -std=gnu11 -g3 -DSTM32 -DSTM32F1 -DSTM32F103C6Tx -DDEBUG -c -I../Inc -I"D:/Mohamed/College/GP/TcpIp/SoAd_TcpIp_Integration/SoAd_TcpIp_Client/EthIf/Inc" -I"D:/Mohamed/College/GP/TcpIp/SoAd_TcpIp_Integration/SoAd_TcpIp_Client/SoAd/Inc" -I"D:/Mohamed/College/GP/TcpIp/SoAd_TcpIp_Integration/SoAd_TcpIp_Client/Stm32f103c6_Drivers/Inc" -I"D:/Mohamed/College/GP/TcpIp/SoAd_TcpIp_Integration/SoAd_TcpIp_Client/TcpIp/Inc" -O0 -ffunction-sections -fdata-sections -Wall -fstack-usage -MMD -MP -MF"Src/sysmem.d" -MT"Src/sysmem.o" --specs=nano.specs -mfloat-abi=soft -mthumb -o "Src/sysmem.o"
arm-none-eabi-gcc -gdwarf-2 "../SoAd/SoAd.c" -mcpu=cortex-m3 -std=gnu11 -g3 -DSTM32 -DSTM32F1 -DSTM32F103C6Tx -DDEBUG -c -I../Inc -I"D:/Mohamed/College/GP/TcpIp/SoAd_TcpIp_Integration/SoAd_TcpIp_Client/EthIf/Inc" -I"D:/Mohamed/College/GP/TcpIp/SoAd_TcpIp_Integration/SoAd_TcpIp_Client/SoAd/Inc" -I"D:/Mohamed/College/GP/TcpIp/SoAd_TcpIp_Integration/SoAd_TcpIp_Client/Stm32f103c6_Drivers/Inc" -I"D:/Mohamed/College/GP/TcpIp/SoAd_TcpIp_Integration/SoAd_TcpIp_Client/TcpIp/Inc" -O0 -ffunction-sections -fdata-sections -Wall -fstack-usage -MMD -MP -MF"SoAd/SoAd.d" -MT"SoAd/SoAd.o" --specs=nano.specs -mfloat-abi=soft -mthumb -o "SoAd/SoAd.o"
arm-none-eabi-gcc -gdwarf-2 "../SoAd/SoAd_PBcfg.c" -mcpu=cortex-m3 -std=gnu11 -g3 -DSTM32 -DSTM32F1 -DSTM32F103C6Tx -DDEBUG -c -I../Inc -I"D:/Mohamed/College/GP/TcpIp/SoAd_TcpIp_Integration/SoAd_TcpIp_Client/EthIf/Inc" -I"D:/Mohamed/College/GP/TcpIp/SoAd_TcpIp_Integration/SoAd_TcpIp_Client/SoAd/Inc" -I"D:/Mohamed/College/GP/TcpIp/SoAd_TcpIp_Integration/SoAd_TcpIp_Client/Stm32f103c6_Drivers/Inc" -I"D:/Mohamed/College/GP/TcpIp/SoAd_TcpIp_Integration/SoAd_TcpIp_Client/TcpIp/Inc" -O0 -ffunction-sections -fdata-sections -Wall -fstack-usage -MMD -MP -MF"SoAd/SoAd_PBcfg.d" -MT"SoAd/SoAd_PBcfg.o" --specs=nano.specs -mfloat-abi=soft -mthumb -o "SoAd/SoAd_PBcfg.o"
arm-none-eabi-gcc -gdwarf-2 "../EthIf/EthIf.c" -mcpu=cortex-m3 -std=gnu11 -g3 -DSTM32 -DSTM32F1 -DSTM32F103C6Tx -DDEBUG -c -I../Inc -I"D:/Mohamed/College/GP/TcpIp/SoAd_TcpIp_Integration/SoAd_TcpIp_Client/EthIf/Inc" -I"D:/Mohamed/College/GP/TcpIp/SoAd_TcpIp_Integration/SoAd_TcpIp_Client/SoAd/Inc" -I"D:/Mohamed/College/GP/TcpIp/SoAd_TcpIp_Integration/SoAd_TcpIp_Client/Stm32f103c6_Drivers/Inc" -I"D:/Mohamed/College/GP/TcpIp/SoAd_TcpIp_Integration/SoAd_TcpIp_Client/TcpIp/Inc" -O0 -ffunction-sections -fdata-sections -Wall -fstack-usage -MMD -MP -MF"EthIf/EthIf.d" -MT"EthIf/EthIf.o" --specs=nano.specs -mfloat-abi=soft -mthumb -o "EthIf/EthIf.o"
../SoAd/SoAd.c: In function 'SoAd_OpenSoCon':
../SoAd/SoAd.c:42:8: warning: unused variable 'error_code' [-Wunused-variable]
  uint8 error_code;
        ^~~~~~~~~~
../SoAd/SoAd.c: In function 'ExtractDataTo_SoAdBuffer':
../SoAd/SoAd.c:205:2: warning: statement with no effect [-Wunused-value]
  for(bufferCtr; dataCtr < (DataLength); bufferCtr++, dataCtr++){
  ^~~
../SoAd/SoAd.c: In function 'SoAd_RxIndication':
../SoAd/SoAd.c:223:17: warning: unused variable 'ret' [-Wunused-variable]
  Std_ReturnType ret;
                 ^~~
../SoAd/SoAd.c:219:26: warning: unused variable 'remoteAdr' [-Wunused-variable]
  TcpIp_SockAddrInetType* remoteAdr = (TcpIp_SockAddrInetType*)RemoteAddrPtr;
                          ^~~~~~~~~
../SoAd/SoAd.c:229:27: warning: 'PduInfoPtr' may be used uninitialized in this function [-Wmaybe-uninitialized]
    PduInfoPtr->SduDataPtr = SoadSocketsConfig.SoadSocketList[socketInd].SoAd_Buffer.bufferPtr;
    ~~~~~~~~~~~~~~~~~~~~~~~^~~~~~~~~~~~~~~~~~~~~~~~~~~~~~~~~~~~~~~~~~~~~~~~~~~~~~~~~~~~~~~~~~~
../EthIf/EthIf.c: In function 'EthIf_Transmit':
../EthIf/EthIf.c:15:13: warning: unused variable 'packet' [-Wunused-variable]
  TcpHeader* packet = (TcpHeader*)buffer;
             ^~~~~~
arm-none-eabi-gcc -gdwarf-2 -o "SoAd_TcpIp_Client.elf" @"objects.list"   -mcpu=cortex-m3 -T"D:\Mohamed\College\GP\TcpIp\SoAd_TcpIp_Integration\SoAd_TcpIp_Client\STM32F103C6TX_FLASH.ld" --specs=nosys.specs -Wl,-Map="SoAd_TcpIp_Client.map" -Wl,--gc-sections -static --specs=nano.specs -mfloat-abi=soft -mthumb -Wl,--start-group -lc -lm -Wl,--end-group
Finished building target: SoAd_TcpIp_Client.elf
 
arm-none-eabi-size   SoAd_TcpIp_Client.elf 
arm-none-eabi-objdump -h -S  SoAd_TcpIp_Client.elf  > "SoAd_TcpIp_Client.list"
arm-none-eabi-objcopy  -O binary  SoAd_TcpIp_Client.elf  "SoAd_TcpIp_Client.bin"
   text	   data	    bss	    dec	    hex	filename
   1160	      8	   1632	   2800	    af0	SoAd_TcpIp_Client.elf
Finished building: default.size.stdout
 
Finished building: SoAd_TcpIp_Client.bin
Finished building: SoAd_TcpIp_Client.list
 
 

01:13:29 Build Finished. 0 errors, 21 warnings. (took 1s.728ms)

01:17:58 **** Incremental Build of configuration Debug for project SoAd_TcpIp_Client ****
make -j8 all 
arm-none-eabi-gcc -gdwarf-2 "../Src/main.c" -mcpu=cortex-m3 -std=gnu11 -g3 -DSTM32 -DSTM32F1 -DSTM32F103C6Tx -DDEBUG -c -I../Inc -I"D:/Mohamed/College/GP/TcpIp/SoAd_TcpIp_Integration/SoAd_TcpIp_Client/EthIf/Inc" -I"D:/Mohamed/College/GP/TcpIp/SoAd_TcpIp_Integration/SoAd_TcpIp_Client/SoAd/Inc" -I"D:/Mohamed/College/GP/TcpIp/SoAd_TcpIp_Integration/SoAd_TcpIp_Client/Stm32f103c6_Drivers/Inc" -I"D:/Mohamed/College/GP/TcpIp/SoAd_TcpIp_Integration/SoAd_TcpIp_Client/TcpIp/Inc" -O0 -ffunction-sections -fdata-sections -Wall -fstack-usage -MMD -MP -MF"Src/main.d" -MT"Src/main.o" --specs=nano.specs -mfloat-abi=soft -mthumb -o "Src/main.o"
../Src/main.c: In function 'callback':
../Src/main.c:33:33: warning: passing argument 2 of 'MCAL_USART_RecieveData' from incompatible pointer type [-Wincompatible-pointer-types]
  MCAL_USART_RecieveData(USART1, &x, disable);
                                 ^
In file included from ../Src/main.c:23:0:
D:/Mohamed/College/GP/TcpIp/SoAd_TcpIp_Integration/SoAd_TcpIp_Client/Stm32f103c6_Drivers/Inc/Stm32_F103C6_USART_driver.h:142:6: note: expected 'uint16_t * {aka short unsigned int *}' but argument is of type 'uint8_t * {aka unsigned char *}'
 void MCAL_USART_RecieveData(USART_TypeDef* USARTx, uint16_t* pRxBuffer, enum Polling_Mechanism PollingEn);
      ^~~~~~~~~~~~~~~~~~~~~~
../Src/main.c:38:3: warning: implicit declaration of function 'TcpIp_RxIndication'; did you mean 'TcpIp_Init'? [-Wimplicit-function-declaration]
   TcpIp_RxIndication(0,0,0,0, buff, 20);
   ^~~~~~~~~~~~~~~~~~
   TcpIp_Init
../Src/main.c: In function 'main':
../Src/main.c:66:2: warning: implicit declaration of function 'SoAd_Init'; did you mean 'TcpIp_Init'? [-Wimplicit-function-declaration]
  SoAd_Init(&SoAdConfigPtr);
  ^~~~~~~~~
  TcpIp_Init
../Src/main.c:66:13: error: 'SoAdConfigPtr' undeclared (first use in this function)
  SoAd_Init(&SoAdConfigPtr);
             ^~~~~~~~~~~~~
../Src/main.c:66:13: note: each undeclared identifier is reported only once for each function it appears in
../Src/main.c:67:2: warning: implicit declaration of function 'SoAd_OpenSoCon' [-Wimplicit-function-declaration]
  SoAd_OpenSoCon(0);
  ^~~~~~~~~~~~~~
../Src/main.c:71:6: warning: implicit declaration of function 'SoAd_MainFunction' [-Wimplicit-function-declaration]
      SoAd_MainFunction();
      ^~~~~~~~~~~~~~~~~
../Src/main.c:72:6: warning: implicit declaration of function 'TcpIp_MainFunction'; did you mean 'TcpIpMainFunctionPeriod'? [-Wimplicit-function-declaration]
      TcpIp_MainFunction();
      ^~~~~~~~~~~~~~~~~~
      TcpIpMainFunctionPeriod
make: *** [Src/subdir.mk:29: Src/main.o] Error 1
"make -j8 all" terminated with exit code 2. Build might be incomplete.

01:17:58 Build Failed. 2 errors, 6 warnings. (took 470ms)

01:18:13 **** Incremental Build of configuration Debug for project SoAd_TcpIp_Client ****
make -j8 all 
arm-none-eabi-gcc -gdwarf-2 "../Src/main.c" -mcpu=cortex-m3 -std=gnu11 -g3 -DSTM32 -DSTM32F1 -DSTM32F103C6Tx -DDEBUG -c -I../Inc -I"D:/Mohamed/College/GP/TcpIp/SoAd_TcpIp_Integration/SoAd_TcpIp_Client/EthIf/Inc" -I"D:/Mohamed/College/GP/TcpIp/SoAd_TcpIp_Integration/SoAd_TcpIp_Client/SoAd/Inc" -I"D:/Mohamed/College/GP/TcpIp/SoAd_TcpIp_Integration/SoAd_TcpIp_Client/Stm32f103c6_Drivers/Inc" -I"D:/Mohamed/College/GP/TcpIp/SoAd_TcpIp_Integration/SoAd_TcpIp_Client/TcpIp/Inc" -O0 -ffunction-sections -fdata-sections -Wall -fstack-usage -MMD -MP -MF"Src/main.d" -MT"Src/main.o" --specs=nano.specs -mfloat-abi=soft -mthumb -o "Src/main.o"
../Src/main.c: In function 'callback':
../Src/main.c:34:33: warning: passing argument 2 of 'MCAL_USART_RecieveData' from incompatible pointer type [-Wincompatible-pointer-types]
  MCAL_USART_RecieveData(USART1, &x, disable);
                                 ^
In file included from ../Src/main.c:23:0:
D:/Mohamed/College/GP/TcpIp/SoAd_TcpIp_Integration/SoAd_TcpIp_Client/Stm32f103c6_Drivers/Inc/Stm32_F103C6_USART_driver.h:142:6: note: expected 'uint16_t * {aka short unsigned int *}' but argument is of type 'uint8_t * {aka unsigned char *}'
 void MCAL_USART_RecieveData(USART_TypeDef* USARTx, uint16_t* pRxBuffer, enum Polling_Mechanism PollingEn);
      ^~~~~~~~~~~~~~~~~~~~~~
../Src/main.c:39:3: warning: implicit declaration of function 'TcpIp_RxIndication'; did you mean 'SoAd_RxIndication'? [-Wimplicit-function-declaration]
   TcpIp_RxIndication(0,0,0,0, buff, 20);
   ^~~~~~~~~~~~~~~~~~
   SoAd_RxIndication
../Src/main.c: In function 'main':
../Src/main.c:67:2: warning: implicit declaration of function 'SoAd_Init'; did you mean 'TcpIp_Init'? [-Wimplicit-function-declaration]
  SoAd_Init(&SoAdConfigPtr);
  ^~~~~~~~~
  TcpIp_Init
../Src/main.c:68:2: warning: implicit declaration of function 'SoAd_OpenSoCon' [-Wimplicit-function-declaration]
  SoAd_OpenSoCon(0);
  ^~~~~~~~~~~~~~
../Src/main.c:72:6: warning: implicit declaration of function 'SoAd_MainFunction'; did you mean 'SoAd_RxIndication'? [-Wimplicit-function-declaration]
      SoAd_MainFunction();
      ^~~~~~~~~~~~~~~~~
      SoAd_RxIndication
../Src/main.c:73:6: warning: implicit declaration of function 'TcpIp_MainFunction'; did you mean 'TcpIpMainFunctionPeriod'? [-Wimplicit-function-declaration]
      TcpIp_MainFunction();
      ^~~~~~~~~~~~~~~~~~
      TcpIpMainFunctionPeriod
arm-none-eabi-gcc -gdwarf-2 -o "SoAd_TcpIp_Client.elf" @"objects.list"   -mcpu=cortex-m3 -T"D:\Mohamed\College\GP\TcpIp\SoAd_TcpIp_Integration\SoAd_TcpIp_Client\STM32F103C6TX_FLASH.ld" --specs=nosys.specs -Wl,-Map="SoAd_TcpIp_Client.map" -Wl,--gc-sections -static --specs=nano.specs -mfloat-abi=soft -mthumb -Wl,--start-group -lc -lm -Wl,--end-group
Finished building target: SoAd_TcpIp_Client.elf
 
arm-none-eabi-objdump -h -S  SoAd_TcpIp_Client.elf  > "SoAd_TcpIp_Client.list"
arm-none-eabi-objcopy  -O binary  SoAd_TcpIp_Client.elf  "SoAd_TcpIp_Client.bin"
arm-none-eabi-size   SoAd_TcpIp_Client.elf 
   text	   data	    bss	    dec	    hex	filename
   7068	    152	   4864	  12084	   2f34	SoAd_TcpIp_Client.elf
Finished building: default.size.stdout
 
Finished building: SoAd_TcpIp_Client.bin
Finished building: SoAd_TcpIp_Client.list
 
 

01:18:14 Build Finished. 0 errors, 6 warnings. (took 972ms)

01:19:02 **** Incremental Build of configuration Debug for project SoAd_TcpIp_Client ****
make -j8 all 
arm-none-eabi-size   SoAd_TcpIp_Client.elf 
   text	   data	    bss	    dec	    hex	filename
   7068	    152	   4864	  12084	   2f34	SoAd_TcpIp_Client.elf
Finished building: default.size.stdout
 

01:19:02 Build Finished. 0 errors, 0 warnings. (took 260ms)

01:26:25 **** Incremental Build of configuration Debug for project SoAd_TcpIp_Client ****
make -j8 all 
arm-none-eabi-size   SoAd_TcpIp_Client.elf 
   text	   data	    bss	    dec	    hex	filename
   7068	    152	   4864	  12084	   2f34	SoAd_TcpIp_Client.elf
Finished building: default.size.stdout
 
01:26:26 **** Build of configuration Debug for project SoAd_TcpIp_Server ****
make -j8 all 
arm-none-eabi-gcc -gdwarf-2 "../TcpIp/TcpIp.c" -mcpu=cortex-m3 -std=gnu11 -g3 -DSTM32 -DSTM32F1 -DSTM32F103C6Tx -DDEBUG -c -I../Inc -I"D:/Mohamed/College/GP/TcpIp/SoAd_TcpIp_Integration/SoAd_TcpIp_Server/EthIf/Inc" -I"D:/Mohamed/College/GP/TcpIp/SoAd_TcpIp_Integration/SoAd_TcpIp_Server/SoAd/Inc" -I"D:/Mohamed/College/GP/TcpIp/SoAd_TcpIp_Integration/SoAd_TcpIp_Server/Stm32f103c6_Drivers/Inc" -I"D:/Mohamed/College/GP/TcpIp/SoAd_TcpIp_Integration/SoAd_TcpIp_Server/TcpIp/Inc" -O0 -ffunction-sections -fdata-sections -Wall -fstack-usage -MMD -MP -MF"TcpIp/TcpIp.d" -MT"TcpIp/TcpIp.o" --specs=nano.specs -mfloat-abi=soft -mthumb -o "TcpIp/TcpIp.o"
arm-none-eabi-gcc -gdwarf-2 "../TcpIp/TcpIp_PbCfg.c" -mcpu=cortex-m3 -std=gnu11 -g3 -DSTM32 -DSTM32F1 -DSTM32F103C6Tx -DDEBUG -c -I../Inc -I"D:/Mohamed/College/GP/TcpIp/SoAd_TcpIp_Integration/SoAd_TcpIp_Server/EthIf/Inc" -I"D:/Mohamed/College/GP/TcpIp/SoAd_TcpIp_Integration/SoAd_TcpIp_Server/SoAd/Inc" -I"D:/Mohamed/College/GP/TcpIp/SoAd_TcpIp_Integration/SoAd_TcpIp_Server/Stm32f103c6_Drivers/Inc" -I"D:/Mohamed/College/GP/TcpIp/SoAd_TcpIp_Integration/SoAd_TcpIp_Server/TcpIp/Inc" -O0 -ffunction-sections -fdata-sections -Wall -fstack-usage -MMD -MP -MF"TcpIp/TcpIp_PbCfg.d" -MT"TcpIp/TcpIp_PbCfg.o" --specs=nano.specs -mfloat-abi=soft -mthumb -o "TcpIp/TcpIp_PbCfg.o"
arm-none-eabi-gcc -gdwarf-2 "../Stm32f103c6_Drivers/Stm32_F103C6_EXTI_driver.c" -mcpu=cortex-m3 -std=gnu11 -g3 -DSTM32 -DSTM32F1 -DSTM32F103C6Tx -DDEBUG -c -I../Inc -I"D:/Mohamed/College/GP/TcpIp/SoAd_TcpIp_Integration/SoAd_TcpIp_Server/EthIf/Inc" -I"D:/Mohamed/College/GP/TcpIp/SoAd_TcpIp_Integration/SoAd_TcpIp_Server/SoAd/Inc" -I"D:/Mohamed/College/GP/TcpIp/SoAd_TcpIp_Integration/SoAd_TcpIp_Server/Stm32f103c6_Drivers/Inc" -I"D:/Mohamed/College/GP/TcpIp/SoAd_TcpIp_Integration/SoAd_TcpIp_Server/TcpIp/Inc" -O0 -ffunction-sections -fdata-sections -Wall -fstack-usage -MMD -MP -MF"Stm32f103c6_Drivers/Stm32_F103C6_EXTI_driver.d" -MT"Stm32f103c6_Drivers/Stm32_F103C6_EXTI_driver.o" --specs=nano.specs -mfloat-abi=soft -mthumb -o "Stm32f103c6_Drivers/Stm32_F103C6_EXTI_driver.o"
arm-none-eabi-gcc -gdwarf-2 "../Stm32f103c6_Drivers/Stm32_F103C6_RCC_driver.c" -mcpu=cortex-m3 -std=gnu11 -g3 -DSTM32 -DSTM32F1 -DSTM32F103C6Tx -DDEBUG -c -I../Inc -I"D:/Mohamed/College/GP/TcpIp/SoAd_TcpIp_Integration/SoAd_TcpIp_Server/EthIf/Inc" -I"D:/Mohamed/College/GP/TcpIp/SoAd_TcpIp_Integration/SoAd_TcpIp_Server/SoAd/Inc" -I"D:/Mohamed/College/GP/TcpIp/SoAd_TcpIp_Integration/SoAd_TcpIp_Server/Stm32f103c6_Drivers/Inc" -I"D:/Mohamed/College/GP/TcpIp/SoAd_TcpIp_Integration/SoAd_TcpIp_Server/TcpIp/Inc" -O0 -ffunction-sections -fdata-sections -Wall -fstack-usage -MMD -MP -MF"Stm32f103c6_Drivers/Stm32_F103C6_RCC_driver.d" -MT"Stm32f103c6_Drivers/Stm32_F103C6_RCC_driver.o" --specs=nano.specs -mfloat-abi=soft -mthumb -o "Stm32f103c6_Drivers/Stm32_F103C6_RCC_driver.o"
arm-none-eabi-gcc -gdwarf-2 "../Stm32f103c6_Drivers/Stm32_F103C6_USART_driver.c" -mcpu=cortex-m3 -std=gnu11 -g3 -DSTM32 -DSTM32F1 -DSTM32F103C6Tx -DDEBUG -c -I../Inc -I"D:/Mohamed/College/GP/TcpIp/SoAd_TcpIp_Integration/SoAd_TcpIp_Server/EthIf/Inc" -I"D:/Mohamed/College/GP/TcpIp/SoAd_TcpIp_Integration/SoAd_TcpIp_Server/SoAd/Inc" -I"D:/Mohamed/College/GP/TcpIp/SoAd_TcpIp_Integration/SoAd_TcpIp_Server/Stm32f103c6_Drivers/Inc" -I"D:/Mohamed/College/GP/TcpIp/SoAd_TcpIp_Integration/SoAd_TcpIp_Server/TcpIp/Inc" -O0 -ffunction-sections -fdata-sections -Wall -fstack-usage -MMD -MP -MF"Stm32f103c6_Drivers/Stm32_F103C6_USART_driver.d" -MT"Stm32f103c6_Drivers/Stm32_F103C6_USART_driver.o" --specs=nano.specs -mfloat-abi=soft -mthumb -o "Stm32f103c6_Drivers/Stm32_F103C6_USART_driver.o"
arm-none-eabi-gcc -gdwarf-2 "../Stm32f103c6_Drivers/Stm32_F103C6_gpio_driver.c" -mcpu=cortex-m3 -std=gnu11 -g3 -DSTM32 -DSTM32F1 -DSTM32F103C6Tx -DDEBUG -c -I../Inc -I"D:/Mohamed/College/GP/TcpIp/SoAd_TcpIp_Integration/SoAd_TcpIp_Server/EthIf/Inc" -I"D:/Mohamed/College/GP/TcpIp/SoAd_TcpIp_Integration/SoAd_TcpIp_Server/SoAd/Inc" -I"D:/Mohamed/College/GP/TcpIp/SoAd_TcpIp_Integration/SoAd_TcpIp_Server/Stm32f103c6_Drivers/Inc" -I"D:/Mohamed/College/GP/TcpIp/SoAd_TcpIp_Integration/SoAd_TcpIp_Server/TcpIp/Inc" -O0 -ffunction-sections -fdata-sections -Wall -fstack-usage -MMD -MP -MF"Stm32f103c6_Drivers/Stm32_F103C6_gpio_driver.d" -MT"Stm32f103c6_Drivers/Stm32_F103C6_gpio_driver.o" --specs=nano.specs -mfloat-abi=soft -mthumb -o "Stm32f103c6_Drivers/Stm32_F103C6_gpio_driver.o"
arm-none-eabi-gcc -gdwarf-2 -mcpu=cortex-m3 -g3 -c -x assembler-with-cpp -MMD -MP -MF"Startup/startup_stm32f103c6tx.d" -MT"Startup/startup_stm32f103c6tx.o" --specs=nano.specs -mfloat-abi=soft -mthumb -o "Startup/startup_stm32f103c6tx.o" "../Startup/startup_stm32f103c6tx.s"
arm-none-eabi-gcc -gdwarf-2 "../Src/PduR.c" -mcpu=cortex-m3 -std=gnu11 -g3 -DSTM32 -DSTM32F1 -DSTM32F103C6Tx -DDEBUG -c -I../Inc -I"D:/Mohamed/College/GP/TcpIp/SoAd_TcpIp_Integration/SoAd_TcpIp_Server/EthIf/Inc" -I"D:/Mohamed/College/GP/TcpIp/SoAd_TcpIp_Integration/SoAd_TcpIp_Server/SoAd/Inc" -I"D:/Mohamed/College/GP/TcpIp/SoAd_TcpIp_Integration/SoAd_TcpIp_Server/Stm32f103c6_Drivers/Inc" -I"D:/Mohamed/College/GP/TcpIp/SoAd_TcpIp_Integration/SoAd_TcpIp_Server/TcpIp/Inc" -O0 -ffunction-sections -fdata-sections -Wall -fstack-usage -MMD -MP -MF"Src/PduR.d" -MT"Src/PduR.o" --specs=nano.specs -mfloat-abi=soft -mthumb -o "Src/PduR.o"
../TcpIp/TcpIp.c: In function 'TcpIp_GetPacket':
../TcpIp/TcpIp.c:80:2: warning: statement with no effect [-Wunused-value]
  for(bufferCtr; dataCtr < (AvailableLength); bufferCtr++, dataCtr++){
  ^~~
../TcpIp/TcpIp.c: In function 'TcpIp_SoAdGetSocket':
../TcpIp/TcpIp.c:167:8: warning: variable 'error_code' set but not used [-Wunused-but-set-variable]
  uint8 error_code;
        ^~~~~~~~~~
../TcpIp/TcpIp.c: In function 'TcpIp_Bind':
../TcpIp/TcpIp.c:227:8: warning: unused variable 'i' [-Wunused-variable]
  uint8 i = 0;
        ^
../TcpIp/TcpIp.c:211:19: warning: unused variable 'Return_State' [-Wunused-variable]
  TcpIp_ReturnType Return_State = TCPIP_E_OK;
                   ^~~~~~~~~~~~
../TcpIp/TcpIp.c:210:8: warning: unused variable 'error_code' [-Wunused-variable]
  uint8 error_code;
        ^~~~~~~~~~
../TcpIp/TcpIp.c: In function 'TcpIp_TcpConnect':
../TcpIp/TcpIp.c:255:8: warning: variable 'error_code' set but not used [-Wunused-but-set-variable]
  uint8 error_code;
        ^~~~~~~~~~
../TcpIp/TcpIp.c: In function 'TcpIp_TcpListen':
../TcpIp/TcpIp.c:334:8: warning: variable 'error_code' set but not used [-Wunused-but-set-variable]
  uint8 error_code;
        ^~~~~~~~~~
../TcpIp/TcpIp.c: In function 'TcpIp_TcpReceived':
../TcpIp/TcpIp.c:492:1: warning: control reaches end of non-void function [-Wreturn-type]
 }
 ^
At top level:
../TcpIp/TcpIp.c:5:24: warning: 'TcpIpLocalAddr_list' defined but not used [-Wunused-variable]
 static TcpIp_LocalAddr TcpIpLocalAddr_list[2];
                        ^~~~~~~~~~~~~~~~~~~
../Stm32f103c6_Drivers/Stm32_F103C6_USART_driver.c: In function 'MCAL_USART_Init':
../Stm32f103c6_Drivers/Stm32_F103C6_USART_driver.c:43:63: warning: unused variable 'USARTDIV_Fraction' [-Wunused-variable]
  uint32_t USARTDIV, USARTDIV_MUL100, USARTDIV_Integer_MUL100, USARTDIV_Fraction;
                                                               ^~~~~~~~~~~~~~~~~
../Stm32f103c6_Drivers/Stm32_F103C6_USART_driver.c:43:38: warning: unused variable 'USARTDIV_Integer_MUL100' [-Wunused-variable]
  uint32_t USARTDIV, USARTDIV_MUL100, USARTDIV_Integer_MUL100, USARTDIV_Fraction;
                                      ^~~~~~~~~~~~~~~~~~~~~~~
../Stm32f103c6_Drivers/Stm32_F103C6_USART_driver.c:43:21: warning: unused variable 'USARTDIV_MUL100' [-Wunused-variable]
  uint32_t USARTDIV, USARTDIV_MUL100, USARTDIV_Integer_MUL100, USARTDIV_Fraction;
                     ^~~~~~~~~~~~~~~
../Stm32f103c6_Drivers/Stm32_F103C6_USART_driver.c:43:11: warning: unused variable 'USARTDIV' [-Wunused-variable]
  uint32_t USARTDIV, USARTDIV_MUL100, USARTDIV_Integer_MUL100, USARTDIV_Fraction;
           ^~~~~~~~
../TcpIp/TcpIp.c: In function 'TcpIp_MainFunction':
../TcpIp/TcpIp.c:425:10: warning: 'lenPtr' may be used uninitialized in this function [-Wmaybe-uninitialized]
      if((*lenPtr) < TcpIpBuffer[curInd].bufferPtrIdx){
         ~^~~~~~~~
../Stm32f103c6_Drivers/Stm32_F103C6_RCC_driver.c: In function 'MCAL_RCC_GetSYS_CLKFreq':
../Stm32f103c6_Drivers/Stm32_F103C6_RCC_driver.c:46:1: warning: control reaches end of non-void function [-Wreturn-type]
 }
 ^
arm-none-eabi-gcc -gdwarf-2 "../Src/main.c" -mcpu=cortex-m3 -std=gnu11 -g3 -DSTM32 -DSTM32F1 -DSTM32F103C6Tx -DDEBUG -c -I../Inc -I"D:/Mohamed/College/GP/TcpIp/SoAd_TcpIp_Integration/SoAd_TcpIp_Server/EthIf/Inc" -I"D:/Mohamed/College/GP/TcpIp/SoAd_TcpIp_Integration/SoAd_TcpIp_Server/SoAd/Inc" -I"D:/Mohamed/College/GP/TcpIp/SoAd_TcpIp_Integration/SoAd_TcpIp_Server/Stm32f103c6_Drivers/Inc" -I"D:/Mohamed/College/GP/TcpIp/SoAd_TcpIp_Integration/SoAd_TcpIp_Server/TcpIp/Inc" -O0 -ffunction-sections -fdata-sections -Wall -fstack-usage -MMD -MP -MF"Src/main.d" -MT"Src/main.o" --specs=nano.specs -mfloat-abi=soft -mthumb -o "Src/main.o"
arm-none-eabi-gcc -gdwarf-2 "../Src/syscalls.c" -mcpu=cortex-m3 -std=gnu11 -g3 -DSTM32 -DSTM32F1 -DSTM32F103C6Tx -DDEBUG -c -I../Inc -I"D:/Mohamed/College/GP/TcpIp/SoAd_TcpIp_Integration/SoAd_TcpIp_Server/EthIf/Inc" -I"D:/Mohamed/College/GP/TcpIp/SoAd_TcpIp_Integration/SoAd_TcpIp_Server/SoAd/Inc" -I"D:/Mohamed/College/GP/TcpIp/SoAd_TcpIp_Integration/SoAd_TcpIp_Server/Stm32f103c6_Drivers/Inc" -I"D:/Mohamed/College/GP/TcpIp/SoAd_TcpIp_Integration/SoAd_TcpIp_Server/TcpIp/Inc" -O0 -ffunction-sections -fdata-sections -Wall -fstack-usage -MMD -MP -MF"Src/syscalls.d" -MT"Src/syscalls.o" --specs=nano.specs -mfloat-abi=soft -mthumb -o "Src/syscalls.o"
arm-none-eabi-gcc -gdwarf-2 "../Src/sysmem.c" -mcpu=cortex-m3 -std=gnu11 -g3 -DSTM32 -DSTM32F1 -DSTM32F103C6Tx -DDEBUG -c -I../Inc -I"D:/Mohamed/College/GP/TcpIp/SoAd_TcpIp_Integration/SoAd_TcpIp_Server/EthIf/Inc" -I"D:/Mohamed/College/GP/TcpIp/SoAd_TcpIp_Integration/SoAd_TcpIp_Server/SoAd/Inc" -I"D:/Mohamed/College/GP/TcpIp/SoAd_TcpIp_Integration/SoAd_TcpIp_Server/Stm32f103c6_Drivers/Inc" -I"D:/Mohamed/College/GP/TcpIp/SoAd_TcpIp_Integration/SoAd_TcpIp_Server/TcpIp/Inc" -O0 -ffunction-sections -fdata-sections -Wall -fstack-usage -MMD -MP -MF"Src/sysmem.d" -MT"Src/sysmem.o" --specs=nano.specs -mfloat-abi=soft -mthumb -o "Src/sysmem.o"
arm-none-eabi-gcc -gdwarf-2 "../SoAd/SoAd.c" -mcpu=cortex-m3 -std=gnu11 -g3 -DSTM32 -DSTM32F1 -DSTM32F103C6Tx -DDEBUG -c -I../Inc -I"D:/Mohamed/College/GP/TcpIp/SoAd_TcpIp_Integration/SoAd_TcpIp_Server/EthIf/Inc" -I"D:/Mohamed/College/GP/TcpIp/SoAd_TcpIp_Integration/SoAd_TcpIp_Server/SoAd/Inc" -I"D:/Mohamed/College/GP/TcpIp/SoAd_TcpIp_Integration/SoAd_TcpIp_Server/Stm32f103c6_Drivers/Inc" -I"D:/Mohamed/College/GP/TcpIp/SoAd_TcpIp_Integration/SoAd_TcpIp_Server/TcpIp/Inc" -O0 -ffunction-sections -fdata-sections -Wall -fstack-usage -MMD -MP -MF"SoAd/SoAd.d" -MT"SoAd/SoAd.o" --specs=nano.specs -mfloat-abi=soft -mthumb -o "SoAd/SoAd.o"
arm-none-eabi-gcc -gdwarf-2 "../SoAd/SoAd_PBcfg.c" -mcpu=cortex-m3 -std=gnu11 -g3 -DSTM32 -DSTM32F1 -DSTM32F103C6Tx -DDEBUG -c -I../Inc -I"D:/Mohamed/College/GP/TcpIp/SoAd_TcpIp_Integration/SoAd_TcpIp_Server/EthIf/Inc" -I"D:/Mohamed/College/GP/TcpIp/SoAd_TcpIp_Integration/SoAd_TcpIp_Server/SoAd/Inc" -I"D:/Mohamed/College/GP/TcpIp/SoAd_TcpIp_Integration/SoAd_TcpIp_Server/Stm32f103c6_Drivers/Inc" -I"D:/Mohamed/College/GP/TcpIp/SoAd_TcpIp_Integration/SoAd_TcpIp_Server/TcpIp/Inc" -O0 -ffunction-sections -fdata-sections -Wall -fstack-usage -MMD -MP -MF"SoAd/SoAd_PBcfg.d" -MT"SoAd/SoAd_PBcfg.o" --specs=nano.specs -mfloat-abi=soft -mthumb -o "SoAd/SoAd_PBcfg.o"
arm-none-eabi-gcc -gdwarf-2 "../EthIf/EthIf.c" -mcpu=cortex-m3 -std=gnu11 -g3 -DSTM32 -DSTM32F1 -DSTM32F103C6Tx -DDEBUG -c -I../Inc -I"D:/Mohamed/College/GP/TcpIp/SoAd_TcpIp_Integration/SoAd_TcpIp_Server/EthIf/Inc" -I"D:/Mohamed/College/GP/TcpIp/SoAd_TcpIp_Integration/SoAd_TcpIp_Server/SoAd/Inc" -I"D:/Mohamed/College/GP/TcpIp/SoAd_TcpIp_Integration/SoAd_TcpIp_Server/Stm32f103c6_Drivers/Inc" -I"D:/Mohamed/College/GP/TcpIp/SoAd_TcpIp_Integration/SoAd_TcpIp_Server/TcpIp/Inc" -O0 -ffunction-sections -fdata-sections -Wall -fstack-usage -MMD -MP -MF"EthIf/EthIf.d" -MT"EthIf/EthIf.o" --specs=nano.specs -mfloat-abi=soft -mthumb -o "EthIf/EthIf.o"
../SoAd/SoAd.c: In function 'SoAd_OpenSoCon':
../SoAd/SoAd.c:42:8: warning: unused variable 'error_code' [-Wunused-variable]
  uint8 error_code;
        ^~~~~~~~~~
../SoAd/SoAd.c: In function 'ExtractDataTo_SoAdBuffer':
../SoAd/SoAd.c:205:2: warning: statement with no effect [-Wunused-value]
  for(bufferCtr; dataCtr < (DataLength); bufferCtr++, dataCtr++){
  ^~~
../SoAd/SoAd.c: In function 'SoAd_RxIndication':
../SoAd/SoAd.c:223:17: warning: unused variable 'ret' [-Wunused-variable]
  Std_ReturnType ret;
                 ^~~
../SoAd/SoAd.c:219:26: warning: unused variable 'remoteAdr' [-Wunused-variable]
  TcpIp_SockAddrInetType* remoteAdr = (TcpIp_SockAddrInetType*)RemoteAddrPtr;
                          ^~~~~~~~~
../SoAd/SoAd.c:229:27: warning: 'PduInfoPtr' may be used uninitialized in this function [-Wmaybe-uninitialized]
    PduInfoPtr->SduDataPtr = SoadSocketsConfig.SoadSocketList[socketInd].SoAd_Buffer.bufferPtr;
    ~~~~~~~~~~~~~~~~~~~~~~~^~~~~~~~~~~~~~~~~~~~~~~~~~~~~~~~~~~~~~~~~~~~~~~~~~~~~~~~~~~~~~~~~~~
../EthIf/EthIf.c: In function 'EthIf_Transmit':
../EthIf/EthIf.c:15:13: warning: unused variable 'packet' [-Wunused-variable]
  TcpHeader* packet = (TcpHeader*)buffer;
             ^~~~~~
arm-none-eabi-gcc -gdwarf-2 -o "SoAd_TcpIp_Server.elf" @"objects.list"   -mcpu=cortex-m3 -T"D:\Mohamed\College\GP\TcpIp\SoAd_TcpIp_Integration\SoAd_TcpIp_Server\STM32F103C6TX_FLASH.ld" --specs=nosys.specs -Wl,-Map="SoAd_TcpIp_Server.map" -Wl,--gc-sections -static --specs=nano.specs -mfloat-abi=soft -mthumb -Wl,--start-group -lc -lm -Wl,--end-group
Finished building target: SoAd_TcpIp_Server.elf
 
arm-none-eabi-size   SoAd_TcpIp_Server.elf 
arm-none-eabi-objdump -h -S  SoAd_TcpIp_Server.elf  > "SoAd_TcpIp_Server.list"
arm-none-eabi-objcopy  -O binary  SoAd_TcpIp_Server.elf  "SoAd_TcpIp_Server.bin"
   text	   data	    bss	    dec	    hex	filename
   1160	      8	   1632	   2800	    af0	SoAd_TcpIp_Server.elf
Finished building: default.size.stdout
 
Finished building: SoAd_TcpIp_Server.bin
Finished building: SoAd_TcpIp_Server.list
 
 
01:27:36 **** Incremental Build of configuration Debug for project SoAd_TcpIp_Client ****
make -j8 all 
arm-none-eabi-size   SoAd_TcpIp_Client.elf 
   text	   data	    bss	    dec	    hex	filename
   7068	    152	   4864	  12084	   2f34	SoAd_TcpIp_Client.elf
Finished building: default.size.stdout
 
01:27:36 **** Incremental Build of configuration Debug for project SoAd_TcpIp_Server ****
make -j8 all 
arm-none-eabi-gcc -gdwarf-2 "../Src/main.c" -mcpu=cortex-m3 -std=gnu11 -g3 -DSTM32 -DSTM32F1 -DSTM32F103C6Tx -DDEBUG -c -I../Inc -I"D:/Mohamed/College/GP/TcpIp/SoAd_TcpIp_Integration/SoAd_TcpIp_Server/EthIf/Inc" -I"D:/Mohamed/College/GP/TcpIp/SoAd_TcpIp_Integration/SoAd_TcpIp_Server/SoAd/Inc" -I"D:/Mohamed/College/GP/TcpIp/SoAd_TcpIp_Integration/SoAd_TcpIp_Server/Stm32f103c6_Drivers/Inc" -I"D:/Mohamed/College/GP/TcpIp/SoAd_TcpIp_Integration/SoAd_TcpIp_Server/TcpIp/Inc" -O0 -ffunction-sections -fdata-sections -Wall -fstack-usage -MMD -MP -MF"Src/main.d" -MT"Src/main.o" --specs=nano.specs -mfloat-abi=soft -mthumb -o "Src/main.o"
arm-none-eabi-gcc -gdwarf-2 "../SoAd/SoAd_PBcfg.c" -mcpu=cortex-m3 -std=gnu11 -g3 -DSTM32 -DSTM32F1 -DSTM32F103C6Tx -DDEBUG -c -I../Inc -I"D:/Mohamed/College/GP/TcpIp/SoAd_TcpIp_Integration/SoAd_TcpIp_Server/EthIf/Inc" -I"D:/Mohamed/College/GP/TcpIp/SoAd_TcpIp_Integration/SoAd_TcpIp_Server/SoAd/Inc" -I"D:/Mohamed/College/GP/TcpIp/SoAd_TcpIp_Integration/SoAd_TcpIp_Server/Stm32f103c6_Drivers/Inc" -I"D:/Mohamed/College/GP/TcpIp/SoAd_TcpIp_Integration/SoAd_TcpIp_Server/TcpIp/Inc" -O0 -ffunction-sections -fdata-sections -Wall -fstack-usage -MMD -MP -MF"SoAd/SoAd_PBcfg.d" -MT"SoAd/SoAd_PBcfg.o" --specs=nano.specs -mfloat-abi=soft -mthumb -o "SoAd/SoAd_PBcfg.o"
../Src/main.c: In function 'callback':
../Src/main.c:34:33: warning: passing argument 2 of 'MCAL_USART_RecieveData' from incompatible pointer type [-Wincompatible-pointer-types]
  MCAL_USART_RecieveData(USART1, &x, disable);
                                 ^
In file included from ../Src/main.c:23:0:
D:/Mohamed/College/GP/TcpIp/SoAd_TcpIp_Integration/SoAd_TcpIp_Server/Stm32f103c6_Drivers/Inc/Stm32_F103C6_USART_driver.h:142:6: note: expected 'uint16_t * {aka short unsigned int *}' but argument is of type 'uint8_t * {aka unsigned char *}'
 void MCAL_USART_RecieveData(USART_TypeDef* USARTx, uint16_t* pRxBuffer, enum Polling_Mechanism PollingEn);
      ^~~~~~~~~~~~~~~~~~~~~~
../Src/main.c:39:3: warning: implicit declaration of function 'TcpIp_RxIndication'; did you mean 'SoAd_RxIndication'? [-Wimplicit-function-declaration]
   TcpIp_RxIndication(0,0,0,0, buff, 20);
   ^~~~~~~~~~~~~~~~~~
   SoAd_RxIndication
../Src/main.c: In function 'main':
../Src/main.c:67:2: warning: implicit declaration of function 'SoAd_Init'; did you mean 'TcpIp_Init'? [-Wimplicit-function-declaration]
  SoAd_Init(&SoAdConfigPtr);
  ^~~~~~~~~
  TcpIp_Init
../Src/main.c:68:2: warning: implicit declaration of function 'SoAd_OpenSoCon' [-Wimplicit-function-declaration]
  SoAd_OpenSoCon(0);
  ^~~~~~~~~~~~~~
../Src/main.c:72:6: warning: implicit declaration of function 'SoAd_MainFunction'; did you mean 'SoAd_RxIndication'? [-Wimplicit-function-declaration]
      SoAd_MainFunction();
      ^~~~~~~~~~~~~~~~~
      SoAd_RxIndication
../Src/main.c:73:6: warning: implicit declaration of function 'TcpIp_MainFunction'; did you mean 'TcpIpMainFunctionPeriod'? [-Wimplicit-function-declaration]
      TcpIp_MainFunction();
      ^~~~~~~~~~~~~~~~~~
      TcpIpMainFunctionPeriod
arm-none-eabi-gcc -gdwarf-2 -o "SoAd_TcpIp_Server.elf" @"objects.list"   -mcpu=cortex-m3 -T"D:\Mohamed\College\GP\TcpIp\SoAd_TcpIp_Integration\SoAd_TcpIp_Server\STM32F103C6TX_FLASH.ld" --specs=nosys.specs -Wl,-Map="SoAd_TcpIp_Server.map" -Wl,--gc-sections -static --specs=nano.specs -mfloat-abi=soft -mthumb -Wl,--start-group -lc -lm -Wl,--end-group
Finished building target: SoAd_TcpIp_Server.elf
 
arm-none-eabi-objdump -h -S  SoAd_TcpIp_Server.elf  > "SoAd_TcpIp_Server.list"
arm-none-eabi-objcopy  -O binary  SoAd_TcpIp_Server.elf  "SoAd_TcpIp_Server.bin"
arm-none-eabi-size   SoAd_TcpIp_Server.elf 
   text	   data	    bss	    dec	    hex	filename
   7068	    152	   4864	  12084	   2f34	SoAd_TcpIp_Server.elf
Finished building: default.size.stdout
 
Finished building: SoAd_TcpIp_Server.bin
Finished building: SoAd_TcpIp_Server.list
 
 
01:27:39 **** Incremental Build of configuration Debug for project SoAd_TcpIp_Client ****
make -j8 all 
arm-none-eabi-size   SoAd_TcpIp_Client.elf 
   text	   data	    bss	    dec	    hex	filename
   7068	    152	   4864	  12084	   2f34	SoAd_TcpIp_Client.elf
Finished building: default.size.stdout
 
01:27:40 **** Incremental Build of configuration Debug for project SoAd_TcpIp_Server ****
make -j8 all 
arm-none-eabi-size   SoAd_TcpIp_Server.elf 
   text	   data	    bss	    dec	    hex	filename
   7068	    152	   4864	  12084	   2f34	SoAd_TcpIp_Server.elf
Finished building: default.size.stdout
 
01:50:16 **** Incremental Build of configuration Debug for project SoAd_TcpIp_Client ****
make -j8 all 
arm-none-eabi-gcc -gdwarf-2 "../SoAd/SoAd.c" -mcpu=cortex-m3 -std=gnu11 -g3 -DSTM32 -DSTM32F1 -DSTM32F103C6Tx -DDEBUG -c -I../Inc -I"D:/Mohamed/College/GP/TcpIp/SoAd_TcpIp_Integration/SoAd_TcpIp_Client/EthIf/Inc" -I"D:/Mohamed/College/GP/TcpIp/SoAd_TcpIp_Integration/SoAd_TcpIp_Client/SoAd/Inc" -I"D:/Mohamed/College/GP/TcpIp/SoAd_TcpIp_Integration/SoAd_TcpIp_Client/Stm32f103c6_Drivers/Inc" -I"D:/Mohamed/College/GP/TcpIp/SoAd_TcpIp_Integration/SoAd_TcpIp_Client/TcpIp/Inc" -O0 -ffunction-sections -fdata-sections -Wall -fstack-usage -MMD -MP -MF"SoAd/SoAd.d" -MT"SoAd/SoAd.o" --specs=nano.specs -mfloat-abi=soft -mthumb -o "SoAd/SoAd.o"
../SoAd/SoAd.c: In function 'SoAd_OpenSoCon':
../SoAd/SoAd.c:44:8: warning: unused variable 'error_code' [-Wunused-variable]
  uint8 error_code;
        ^~~~~~~~~~
../SoAd/SoAd.c: In function 'ExtractDataTo_SoAdBuffer':
../SoAd/SoAd.c:207:2: warning: statement with no effect [-Wunused-value]
  for(bufferCtr; dataCtr < (DataLength); bufferCtr++, dataCtr++){
  ^~~
../SoAd/SoAd.c: In function 'SoAd_RxIndication':
../SoAd/SoAd.c:225:17: warning: unused variable 'ret' [-Wunused-variable]
  Std_ReturnType ret;
                 ^~~
../SoAd/SoAd.c:221:26: warning: unused variable 'remoteAdr' [-Wunused-variable]
  TcpIp_SockAddrInetType* remoteAdr = (TcpIp_SockAddrInetType*)RemoteAddrPtr;
                          ^~~~~~~~~
../SoAd/SoAd.c:231:27: warning: 'PduInfoPtr' may be used uninitialized in this function [-Wmaybe-uninitialized]
    PduInfoPtr->SduDataPtr = SoadSocketsConfig.SoadSocketList[socketInd].SoAd_Buffer.bufferPtr;
    ~~~~~~~~~~~~~~~~~~~~~~~^~~~~~~~~~~~~~~~~~~~~~~~~~~~~~~~~~~~~~~~~~~~~~~~~~~~~~~~~~~~~~~~~~~
arm-none-eabi-gcc -gdwarf-2 -o "SoAd_TcpIp_Client.elf" @"objects.list"   -mcpu=cortex-m3 -T"D:\Mohamed\College\GP\TcpIp\SoAd_TcpIp_Integration\SoAd_TcpIp_Client\STM32F103C6TX_FLASH.ld" --specs=nosys.specs -Wl,-Map="SoAd_TcpIp_Client.map" -Wl,--gc-sections -static --specs=nano.specs -mfloat-abi=soft -mthumb -Wl,--start-group -lc -lm -Wl,--end-group
Finished building target: SoAd_TcpIp_Client.elf
 
arm-none-eabi-objdump -h -S  SoAd_TcpIp_Client.elf  > "SoAd_TcpIp_Client.list"
arm-none-eabi-objcopy  -O binary  SoAd_TcpIp_Client.elf  "SoAd_TcpIp_Client.bin"
arm-none-eabi-size   SoAd_TcpIp_Client.elf 
   text	   data	    bss	    dec	    hex	filename
   7076	    152	   4864	  12092	   2f3c	SoAd_TcpIp_Client.elf
Finished building: default.size.stdout
 
Finished building: SoAd_TcpIp_Client.bin
Finished building: SoAd_TcpIp_Client.list
 
 
01:50:18 **** Incremental Build of configuration Debug for project SoAd_TcpIp_Server ****
make -j8 all 
arm-none-eabi-gcc -gdwarf-2 "../SoAd/SoAd.c" -mcpu=cortex-m3 -std=gnu11 -g3 -DSTM32 -DSTM32F1 -DSTM32F103C6Tx -DDEBUG -c -I../Inc -I"D:/Mohamed/College/GP/TcpIp/SoAd_TcpIp_Integration/SoAd_TcpIp_Server/EthIf/Inc" -I"D:/Mohamed/College/GP/TcpIp/SoAd_TcpIp_Integration/SoAd_TcpIp_Server/SoAd/Inc" -I"D:/Mohamed/College/GP/TcpIp/SoAd_TcpIp_Integration/SoAd_TcpIp_Server/Stm32f103c6_Drivers/Inc" -I"D:/Mohamed/College/GP/TcpIp/SoAd_TcpIp_Integration/SoAd_TcpIp_Server/TcpIp/Inc" -O0 -ffunction-sections -fdata-sections -Wall -fstack-usage -MMD -MP -MF"SoAd/SoAd.d" -MT"SoAd/SoAd.o" --specs=nano.specs -mfloat-abi=soft -mthumb -o "SoAd/SoAd.o"
../SoAd/SoAd.c: In function 'SoAd_OpenSoCon':
../SoAd/SoAd.c:44:8: warning: unused variable 'error_code' [-Wunused-variable]
  uint8 error_code;
        ^~~~~~~~~~
../SoAd/SoAd.c: In function 'ExtractDataTo_SoAdBuffer':
../SoAd/SoAd.c:207:2: warning: statement with no effect [-Wunused-value]
  for(bufferCtr; dataCtr < (DataLength); bufferCtr++, dataCtr++){
  ^~~
../SoAd/SoAd.c: In function 'SoAd_RxIndication':
../SoAd/SoAd.c:225:17: warning: unused variable 'ret' [-Wunused-variable]
  Std_ReturnType ret;
                 ^~~
../SoAd/SoAd.c:221:26: warning: unused variable 'remoteAdr' [-Wunused-variable]
  TcpIp_SockAddrInetType* remoteAdr = (TcpIp_SockAddrInetType*)RemoteAddrPtr;
                          ^~~~~~~~~
../SoAd/SoAd.c:231:27: warning: 'PduInfoPtr' may be used uninitialized in this function [-Wmaybe-uninitialized]
    PduInfoPtr->SduDataPtr = SoadSocketsConfig.SoadSocketList[socketInd].SoAd_Buffer.bufferPtr;
    ~~~~~~~~~~~~~~~~~~~~~~~^~~~~~~~~~~~~~~~~~~~~~~~~~~~~~~~~~~~~~~~~~~~~~~~~~~~~~~~~~~~~~~~~~~
arm-none-eabi-gcc -gdwarf-2 -o "SoAd_TcpIp_Server.elf" @"objects.list"   -mcpu=cortex-m3 -T"D:\Mohamed\College\GP\TcpIp\SoAd_TcpIp_Integration\SoAd_TcpIp_Server\STM32F103C6TX_FLASH.ld" --specs=nosys.specs -Wl,-Map="SoAd_TcpIp_Server.map" -Wl,--gc-sections -static --specs=nano.specs -mfloat-abi=soft -mthumb -Wl,--start-group -lc -lm -Wl,--end-group
Finished building target: SoAd_TcpIp_Server.elf
 
arm-none-eabi-objdump -h -S  SoAd_TcpIp_Server.elf  > "SoAd_TcpIp_Server.list"
arm-none-eabi-objcopy  -O binary  SoAd_TcpIp_Server.elf  "SoAd_TcpIp_Server.bin"
arm-none-eabi-size   SoAd_TcpIp_Server.elf 
   text	   data	    bss	    dec	    hex	filename
   7076	    152	   4864	  12092	   2f3c	SoAd_TcpIp_Server.elf
Finished building: default.size.stdout
 
Finished building: SoAd_TcpIp_Server.bin
Finished building: SoAd_TcpIp_Server.list
 
 
02:00:09 **** Incremental Build of configuration Debug for project SoAd_TcpIp_Client ****
make -j8 all 
arm-none-eabi-gcc -gdwarf-2 "../EthIf/EthIf.c" -mcpu=cortex-m3 -std=gnu11 -g3 -DSTM32 -DSTM32F1 -DSTM32F103C6Tx -DDEBUG -c -I../Inc -I"D:/Mohamed/College/GP/TcpIp/SoAd_TcpIp_Integration/SoAd_TcpIp_Client/EthIf/Inc" -I"D:/Mohamed/College/GP/TcpIp/SoAd_TcpIp_Integration/SoAd_TcpIp_Client/SoAd/Inc" -I"D:/Mohamed/College/GP/TcpIp/SoAd_TcpIp_Integration/SoAd_TcpIp_Client/Stm32f103c6_Drivers/Inc" -I"D:/Mohamed/College/GP/TcpIp/SoAd_TcpIp_Integration/SoAd_TcpIp_Client/TcpIp/Inc" -O0 -ffunction-sections -fdata-sections -Wall -fstack-usage -MMD -MP -MF"EthIf/EthIf.d" -MT"EthIf/EthIf.o" --specs=nano.specs -mfloat-abi=soft -mthumb -o "EthIf/EthIf.o"
../EthIf/EthIf.c: In function 'EthIf_Transmit':
../EthIf/EthIf.c:33:3: warning: implicit declaration of function 'MCAL_USART_SendData' [-Wimplicit-function-declaration]
   MCAL_USART_SendData(USART1, (buffer+i), enable);
   ^~~~~~~~~~~~~~~~~~~
../EthIf/EthIf.c:33:23: error: 'USART1' undeclared (first use in this function)
   MCAL_USART_SendData(USART1, (buffer+i), enable);
                       ^~~~~~
../EthIf/EthIf.c:33:23: note: each undeclared identifier is reported only once for each function it appears in
../EthIf/EthIf.c:33:43: error: 'enable' undeclared (first use in this function); did you mean 'rename'?
   MCAL_USART_SendData(USART1, (buffer+i), enable);
                                           ^~~~~~
                                           rename
../EthIf/EthIf.c:32:11: warning: unused variable 'x' [-Wunused-variable]
   uint8_t x = buffer[i];
           ^
../EthIf/EthIf.c:15:13: warning: unused variable 'packet' [-Wunused-variable]
  TcpHeader* packet = (TcpHeader*)buffer;
             ^~~~~~
make: *** [EthIf/subdir.mk:18: EthIf/EthIf.o] Error 1
"make -j8 all" terminated with exit code 2. Build might be incomplete.
02:00:09 **** Incremental Build of configuration Debug for project SoAd_TcpIp_Server ****
make -j8 all 
arm-none-eabi-gcc -gdwarf-2 "../EthIf/EthIf.c" -mcpu=cortex-m3 -std=gnu11 -g3 -DSTM32 -DSTM32F1 -DSTM32F103C6Tx -DDEBUG -c -I../Inc -I"D:/Mohamed/College/GP/TcpIp/SoAd_TcpIp_Integration/SoAd_TcpIp_Server/EthIf/Inc" -I"D:/Mohamed/College/GP/TcpIp/SoAd_TcpIp_Integration/SoAd_TcpIp_Server/SoAd/Inc" -I"D:/Mohamed/College/GP/TcpIp/SoAd_TcpIp_Integration/SoAd_TcpIp_Server/Stm32f103c6_Drivers/Inc" -I"D:/Mohamed/College/GP/TcpIp/SoAd_TcpIp_Integration/SoAd_TcpIp_Server/TcpIp/Inc" -O0 -ffunction-sections -fdata-sections -Wall -fstack-usage -MMD -MP -MF"EthIf/EthIf.d" -MT"EthIf/EthIf.o" --specs=nano.specs -mfloat-abi=soft -mthumb -o "EthIf/EthIf.o"
../EthIf/EthIf.c: In function 'EthIf_Transmit':
../EthIf/EthIf.c:33:3: warning: implicit declaration of function 'MCAL_USART_SendData' [-Wimplicit-function-declaration]
   MCAL_USART_SendData(USART1, (buffer+i), enable);
   ^~~~~~~~~~~~~~~~~~~
../EthIf/EthIf.c:33:23: error: 'USART1' undeclared (first use in this function)
   MCAL_USART_SendData(USART1, (buffer+i), enable);
                       ^~~~~~
../EthIf/EthIf.c:33:23: note: each undeclared identifier is reported only once for each function it appears in
../EthIf/EthIf.c:33:43: error: 'enable' undeclared (first use in this function); did you mean 'rename'?
   MCAL_USART_SendData(USART1, (buffer+i), enable);
                                           ^~~~~~
                                           rename
../EthIf/EthIf.c:32:11: warning: unused variable 'x' [-Wunused-variable]
   uint8_t x = buffer[i];
           ^
../EthIf/EthIf.c:15:13: warning: unused variable 'packet' [-Wunused-variable]
  TcpHeader* packet = (TcpHeader*)buffer;
             ^~~~~~
make: *** [EthIf/subdir.mk:18: EthIf/EthIf.o] Error 1
"make -j8 all" terminated with exit code 2. Build might be incomplete.
02:00:40 **** Incremental Build of configuration Debug for project SoAd_TcpIp_Client ****
make -j8 all 
arm-none-eabi-gcc -gdwarf-2 "../EthIf/EthIf.c" -mcpu=cortex-m3 -std=gnu11 -g3 -DSTM32 -DSTM32F1 -DSTM32F103C6Tx -DDEBUG -c -I../Inc -I"D:/Mohamed/College/GP/TcpIp/SoAd_TcpIp_Integration/SoAd_TcpIp_Client/EthIf/Inc" -I"D:/Mohamed/College/GP/TcpIp/SoAd_TcpIp_Integration/SoAd_TcpIp_Client/SoAd/Inc" -I"D:/Mohamed/College/GP/TcpIp/SoAd_TcpIp_Integration/SoAd_TcpIp_Client/Stm32f103c6_Drivers/Inc" -I"D:/Mohamed/College/GP/TcpIp/SoAd_TcpIp_Integration/SoAd_TcpIp_Client/TcpIp/Inc" -O0 -ffunction-sections -fdata-sections -Wall -fstack-usage -MMD -MP -MF"EthIf/EthIf.d" -MT"EthIf/EthIf.o" --specs=nano.specs -mfloat-abi=soft -mthumb -o "EthIf/EthIf.o"
../EthIf/EthIf.c: In function 'EthIf_Transmit':
../EthIf/EthIf.c:37:31: warning: passing argument 2 of 'MCAL_USART_SendData' from incompatible pointer type [-Wincompatible-pointer-types]
   MCAL_USART_SendData(USART1, (buffer+i), enable);
                               ^
In file included from ../EthIf/EthIf.c:8:0:
D:/Mohamed/College/GP/TcpIp/SoAd_TcpIp_Integration/SoAd_TcpIp_Client/Stm32f103c6_Drivers/Inc/Stm32_F103C6_USART_driver.h:141:6: note: expected 'uint16_t * {aka short unsigned int *}' but argument is of type 'uint8 * {aka unsigned char *}'
 void MCAL_USART_SendData(USART_TypeDef* USARTx, uint16_t* pTxBuffer, enum Polling_Mechanism PollingEn);
      ^~~~~~~~~~~~~~~~~~~
../EthIf/EthIf.c:36:11: warning: unused variable 'x' [-Wunused-variable]
   uint8_t x = buffer[i];
           ^
../EthIf/EthIf.c:19:13: warning: unused variable 'packet' [-Wunused-variable]
  TcpHeader* packet = (TcpHeader*)buffer;
             ^~~~~~
arm-none-eabi-gcc -gdwarf-2 -o "SoAd_TcpIp_Client.elf" @"objects.list"   -mcpu=cortex-m3 -T"D:\Mohamed\College\GP\TcpIp\SoAd_TcpIp_Integration\SoAd_TcpIp_Client\STM32F103C6TX_FLASH.ld" --specs=nosys.specs -Wl,-Map="SoAd_TcpIp_Client.map" -Wl,--gc-sections -static --specs=nano.specs -mfloat-abi=soft -mthumb -Wl,--start-group -lc -lm -Wl,--end-group
Finished building target: SoAd_TcpIp_Client.elf
 
arm-none-eabi-objdump -h -S  SoAd_TcpIp_Client.elf  > "SoAd_TcpIp_Client.list"
arm-none-eabi-objcopy  -O binary  SoAd_TcpIp_Client.elf  "SoAd_TcpIp_Client.bin"
arm-none-eabi-size   SoAd_TcpIp_Client.elf 
   text	   data	    bss	    dec	    hex	filename
   7184	    152	   4864	  12200	   2fa8	SoAd_TcpIp_Client.elf
Finished building: default.size.stdout
 
Finished building: SoAd_TcpIp_Client.bin
Finished building: SoAd_TcpIp_Client.list
 
 
02:00:41 **** Incremental Build of configuration Debug for project SoAd_TcpIp_Server ****
make -j8 all 
arm-none-eabi-gcc -gdwarf-2 "../EthIf/EthIf.c" -mcpu=cortex-m3 -std=gnu11 -g3 -DSTM32 -DSTM32F1 -DSTM32F103C6Tx -DDEBUG -c -I../Inc -I"D:/Mohamed/College/GP/TcpIp/SoAd_TcpIp_Integration/SoAd_TcpIp_Server/EthIf/Inc" -I"D:/Mohamed/College/GP/TcpIp/SoAd_TcpIp_Integration/SoAd_TcpIp_Server/SoAd/Inc" -I"D:/Mohamed/College/GP/TcpIp/SoAd_TcpIp_Integration/SoAd_TcpIp_Server/Stm32f103c6_Drivers/Inc" -I"D:/Mohamed/College/GP/TcpIp/SoAd_TcpIp_Integration/SoAd_TcpIp_Server/TcpIp/Inc" -O0 -ffunction-sections -fdata-sections -Wall -fstack-usage -MMD -MP -MF"EthIf/EthIf.d" -MT"EthIf/EthIf.o" --specs=nano.specs -mfloat-abi=soft -mthumb -o "EthIf/EthIf.o"
../EthIf/EthIf.c: In function 'EthIf_Transmit':
../EthIf/EthIf.c:37:31: warning: passing argument 2 of 'MCAL_USART_SendData' from incompatible pointer type [-Wincompatible-pointer-types]
   MCAL_USART_SendData(USART1, (buffer+i), enable);
                               ^
In file included from ../EthIf/EthIf.c:8:0:
D:/Mohamed/College/GP/TcpIp/SoAd_TcpIp_Integration/SoAd_TcpIp_Server/Stm32f103c6_Drivers/Inc/Stm32_F103C6_USART_driver.h:141:6: note: expected 'uint16_t * {aka short unsigned int *}' but argument is of type 'uint8 * {aka unsigned char *}'
 void MCAL_USART_SendData(USART_TypeDef* USARTx, uint16_t* pTxBuffer, enum Polling_Mechanism PollingEn);
      ^~~~~~~~~~~~~~~~~~~
../EthIf/EthIf.c:36:11: warning: unused variable 'x' [-Wunused-variable]
   uint8_t x = buffer[i];
           ^
../EthIf/EthIf.c:19:13: warning: unused variable 'packet' [-Wunused-variable]
  TcpHeader* packet = (TcpHeader*)buffer;
             ^~~~~~
arm-none-eabi-gcc -gdwarf-2 -o "SoAd_TcpIp_Server.elf" @"objects.list"   -mcpu=cortex-m3 -T"D:\Mohamed\College\GP\TcpIp\SoAd_TcpIp_Integration\SoAd_TcpIp_Server\STM32F103C6TX_FLASH.ld" --specs=nosys.specs -Wl,-Map="SoAd_TcpIp_Server.map" -Wl,--gc-sections -static --specs=nano.specs -mfloat-abi=soft -mthumb -Wl,--start-group -lc -lm -Wl,--end-group
Finished building target: SoAd_TcpIp_Server.elf
 
arm-none-eabi-objdump -h -S  SoAd_TcpIp_Server.elf  > "SoAd_TcpIp_Server.list"
arm-none-eabi-objcopy  -O binary  SoAd_TcpIp_Server.elf  "SoAd_TcpIp_Server.bin"
arm-none-eabi-size   SoAd_TcpIp_Server.elf 
   text	   data	    bss	    dec	    hex	filename
   7184	    152	   4864	  12200	   2fa8	SoAd_TcpIp_Server.elf
Finished building: default.size.stdout
 
Finished building: SoAd_TcpIp_Server.bin
Finished building: SoAd_TcpIp_Server.list
 
 
02:13:05 **** Incremental Build of configuration Debug for project SoAd_TcpIp_Client ****
make -j8 all 
arm-none-eabi-size   SoAd_TcpIp_Client.elf 
   text	   data	    bss	    dec	    hex	filename
   7184	    152	   4864	  12200	   2fa8	SoAd_TcpIp_Client.elf
Finished building: default.size.stdout
 
02:13:06 **** Incremental Build of configuration Debug for project SoAd_TcpIp_Server ****
make -j8 all 
arm-none-eabi-gcc -gdwarf-2 "../SoAd/SoAd.c" -mcpu=cortex-m3 -std=gnu11 -g3 -DSTM32 -DSTM32F1 -DSTM32F103C6Tx -DDEBUG -c -I../Inc -I"D:/Mohamed/College/GP/TcpIp/SoAd_TcpIp_Integration/SoAd_TcpIp_Server/EthIf/Inc" -I"D:/Mohamed/College/GP/TcpIp/SoAd_TcpIp_Integration/SoAd_TcpIp_Server/SoAd/Inc" -I"D:/Mohamed/College/GP/TcpIp/SoAd_TcpIp_Integration/SoAd_TcpIp_Server/Stm32f103c6_Drivers/Inc" -I"D:/Mohamed/College/GP/TcpIp/SoAd_TcpIp_Integration/SoAd_TcpIp_Server/TcpIp/Inc" -O0 -ffunction-sections -fdata-sections -Wall -fstack-usage -MMD -MP -MF"SoAd/SoAd.d" -MT"SoAd/SoAd.o" --specs=nano.specs -mfloat-abi=soft -mthumb -o "SoAd/SoAd.o"
../SoAd/SoAd.c: In function 'SoAd_OpenSoCon':
../SoAd/SoAd.c:44:8: warning: unused variable 'error_code' [-Wunused-variable]
  uint8 error_code;
        ^~~~~~~~~~
../SoAd/SoAd.c: In function 'ExtractDataTo_SoAdBuffer':
../SoAd/SoAd.c:207:2: warning: statement with no effect [-Wunused-value]
  for(bufferCtr; dataCtr < (DataLength); bufferCtr++, dataCtr++){
  ^~~
../SoAd/SoAd.c: In function 'SoAd_RxIndication':
../SoAd/SoAd.c:225:17: warning: unused variable 'ret' [-Wunused-variable]
  Std_ReturnType ret;
                 ^~~
../SoAd/SoAd.c:221:26: warning: unused variable 'remoteAdr' [-Wunused-variable]
  TcpIp_SockAddrInetType* remoteAdr = (TcpIp_SockAddrInetType*)RemoteAddrPtr;
                          ^~~~~~~~~
../SoAd/SoAd.c:231:27: warning: 'PduInfoPtr' may be used uninitialized in this function [-Wmaybe-uninitialized]
    PduInfoPtr->SduDataPtr = SoadSocketsConfig.SoadSocketList[socketInd].SoAd_Buffer.bufferPtr;
    ~~~~~~~~~~~~~~~~~~~~~~~^~~~~~~~~~~~~~~~~~~~~~~~~~~~~~~~~~~~~~~~~~~~~~~~~~~~~~~~~~~~~~~~~~~
arm-none-eabi-gcc -gdwarf-2 -o "SoAd_TcpIp_Server.elf" @"objects.list"   -mcpu=cortex-m3 -T"D:\Mohamed\College\GP\TcpIp\SoAd_TcpIp_Integration\SoAd_TcpIp_Server\STM32F103C6TX_FLASH.ld" --specs=nosys.specs -Wl,-Map="SoAd_TcpIp_Server.map" -Wl,--gc-sections -static --specs=nano.specs -mfloat-abi=soft -mthumb -Wl,--start-group -lc -lm -Wl,--end-group
Finished building target: SoAd_TcpIp_Server.elf
 
arm-none-eabi-objdump -h -S  SoAd_TcpIp_Server.elf  > "SoAd_TcpIp_Server.list"
arm-none-eabi-objcopy  -O binary  SoAd_TcpIp_Server.elf  "SoAd_TcpIp_Server.bin"
arm-none-eabi-size   SoAd_TcpIp_Server.elf 
   text	   data	    bss	    dec	    hex	filename
   7184	    152	   4864	  12200	   2fa8	SoAd_TcpIp_Server.elf
Finished building: default.size.stdout
 
Finished building: SoAd_TcpIp_Server.bin
 
Finished building: SoAd_TcpIp_Server.list
 
02:13:16 **** Incremental Build of configuration Debug for project SoAd_TcpIp_Client ****
make -j8 all 
arm-none-eabi-gcc -gdwarf-2 "../SoAd/SoAd.c" -mcpu=cortex-m3 -std=gnu11 -g3 -DSTM32 -DSTM32F1 -DSTM32F103C6Tx -DDEBUG -c -I../Inc -I"D:/Mohamed/College/GP/TcpIp/SoAd_TcpIp_Integration/SoAd_TcpIp_Client/EthIf/Inc" -I"D:/Mohamed/College/GP/TcpIp/SoAd_TcpIp_Integration/SoAd_TcpIp_Client/SoAd/Inc" -I"D:/Mohamed/College/GP/TcpIp/SoAd_TcpIp_Integration/SoAd_TcpIp_Client/Stm32f103c6_Drivers/Inc" -I"D:/Mohamed/College/GP/TcpIp/SoAd_TcpIp_Integration/SoAd_TcpIp_Client/TcpIp/Inc" -O0 -ffunction-sections -fdata-sections -Wall -fstack-usage -MMD -MP -MF"SoAd/SoAd.d" -MT"SoAd/SoAd.o" --specs=nano.specs -mfloat-abi=soft -mthumb -o "SoAd/SoAd.o"
../SoAd/SoAd.c: In function 'SoAd_OpenSoCon':
../SoAd/SoAd.c:44:8: warning: unused variable 'error_code' [-Wunused-variable]
  uint8 error_code;
        ^~~~~~~~~~
../SoAd/SoAd.c: In function 'ExtractDataTo_SoAdBuffer':
../SoAd/SoAd.c:207:2: warning: statement with no effect [-Wunused-value]
  for(bufferCtr; dataCtr < (DataLength); bufferCtr++, dataCtr++){
  ^~~
../SoAd/SoAd.c: In function 'SoAd_RxIndication':
../SoAd/SoAd.c:225:17: warning: unused variable 'ret' [-Wunused-variable]
  Std_ReturnType ret;
                 ^~~
../SoAd/SoAd.c:221:26: warning: unused variable 'remoteAdr' [-Wunused-variable]
  TcpIp_SockAddrInetType* remoteAdr = (TcpIp_SockAddrInetType*)RemoteAddrPtr;
                          ^~~~~~~~~
../SoAd/SoAd.c:231:27: warning: 'PduInfoPtr' may be used uninitialized in this function [-Wmaybe-uninitialized]
    PduInfoPtr->SduDataPtr = SoadSocketsConfig.SoadSocketList[socketInd].SoAd_Buffer.bufferPtr;
    ~~~~~~~~~~~~~~~~~~~~~~~^~~~~~~~~~~~~~~~~~~~~~~~~~~~~~~~~~~~~~~~~~~~~~~~~~~~~~~~~~~~~~~~~~~
arm-none-eabi-gcc -gdwarf-2 -o "SoAd_TcpIp_Client.elf" @"objects.list"   -mcpu=cortex-m3 -T"D:\Mohamed\College\GP\TcpIp\SoAd_TcpIp_Integration\SoAd_TcpIp_Client\STM32F103C6TX_FLASH.ld" --specs=nosys.specs -Wl,-Map="SoAd_TcpIp_Client.map" -Wl,--gc-sections -static --specs=nano.specs -mfloat-abi=soft -mthumb -Wl,--start-group -lc -lm -Wl,--end-group
Finished building target: SoAd_TcpIp_Client.elf
 
arm-none-eabi-objdump -h -S  SoAd_TcpIp_Client.elf  > "SoAd_TcpIp_Client.list"
arm-none-eabi-objcopy  -O binary  SoAd_TcpIp_Client.elf  "SoAd_TcpIp_Client.bin"
arm-none-eabi-size   SoAd_TcpIp_Client.elf 
   text	   data	    bss	    dec	    hex	filename
   7184	    152	   4864	  12200	   2fa8	SoAd_TcpIp_Client.elf
Finished building: default.size.stdout
 
Finished building: SoAd_TcpIp_Client.bin
 
Finished building: SoAd_TcpIp_Client.list
 
02:13:17 **** Incremental Build of configuration Debug for project SoAd_TcpIp_Server ****
make -j8 all 
arm-none-eabi-size   SoAd_TcpIp_Server.elf 
   text	   data	    bss	    dec	    hex	filename
   7184	    152	   4864	  12200	   2fa8	SoAd_TcpIp_Server.elf
Finished building: default.size.stdout
 
02:19:48 **** Incremental Build of configuration Debug for project SoAd_TcpIp_Client ****
make -j8 all 
arm-none-eabi-gcc -gdwarf-2 "../Src/main.c" -mcpu=cortex-m3 -std=gnu11 -g3 -DSTM32 -DSTM32F1 -DSTM32F103C6Tx -DDEBUG -c -I../Inc -I"D:/Mohamed/College/GP/TcpIp/SoAd_TcpIp_Integration/SoAd_TcpIp_Client/EthIf/Inc" -I"D:/Mohamed/College/GP/TcpIp/SoAd_TcpIp_Integration/SoAd_TcpIp_Client/SoAd/Inc" -I"D:/Mohamed/College/GP/TcpIp/SoAd_TcpIp_Integration/SoAd_TcpIp_Client/Stm32f103c6_Drivers/Inc" -I"D:/Mohamed/College/GP/TcpIp/SoAd_TcpIp_Integration/SoAd_TcpIp_Client/TcpIp/Inc" -O0 -ffunction-sections -fdata-sections -Wall -fstack-usage -MMD -MP -MF"Src/main.d" -MT"Src/main.o" --specs=nano.specs -mfloat-abi=soft -mthumb -o "Src/main.o"
../Src/main.c: In function 'callback':
../Src/main.c:34:33: warning: passing argument 2 of 'MCAL_USART_RecieveData' from incompatible pointer type [-Wincompatible-pointer-types]
  MCAL_USART_RecieveData(USART1, &x, disable);
                                 ^
In file included from ../Src/main.c:23:0:
D:/Mohamed/College/GP/TcpIp/SoAd_TcpIp_Integration/SoAd_TcpIp_Client/Stm32f103c6_Drivers/Inc/Stm32_F103C6_USART_driver.h:142:6: note: expected 'uint16_t * {aka short unsigned int *}' but argument is of type 'uint8_t * {aka unsigned char *}'
 void MCAL_USART_RecieveData(USART_TypeDef* USARTx, uint16_t* pRxBuffer, enum Polling_Mechanism PollingEn);
      ^~~~~~~~~~~~~~~~~~~~~~
../Src/main.c:39:3: warning: implicit declaration of function 'TcpIp_RxIndication'; did you mean 'SoAd_RxIndication'? [-Wimplicit-function-declaration]
   TcpIp_RxIndication(0,0,0,0, buff, 20);
   ^~~~~~~~~~~~~~~~~~
   SoAd_RxIndication
../Src/main.c: In function 'main':
../Src/main.c:67:2: warning: implicit declaration of function 'SoAd_Init'; did you mean 'TcpIp_Init'? [-Wimplicit-function-declaration]
  SoAd_Init(&SoAdConfigPtr);
  ^~~~~~~~~
  TcpIp_Init
../Src/main.c:68:2: warning: implicit declaration of function 'SoAd_OpenSoCon' [-Wimplicit-function-declaration]
  SoAd_OpenSoCon(SoAdConfigPtr->SoAd_SockConnGroup[0].SoAd_SocketConnection.SoAdSocketId);
  ^~~~~~~~~~~~~~
../Src/main.c:68:30: error: invalid type argument of '->' (have 'SoAd_ConfigType {aka struct <anonymous>}')
  SoAd_OpenSoCon(SoAdConfigPtr->SoAd_SockConnGroup[0].SoAd_SocketConnection.SoAdSocketId);
                              ^~
../Src/main.c:72:6: warning: implicit declaration of function 'SoAd_MainFunction'; did you mean 'SoAd_RxIndication'? [-Wimplicit-function-declaration]
      SoAd_MainFunction();
      ^~~~~~~~~~~~~~~~~
      SoAd_RxIndication
../Src/main.c:73:6: warning: implicit declaration of function 'TcpIp_MainFunction'; did you mean 'TcpIpMainFunctionPeriod'? [-Wimplicit-function-declaration]
      TcpIp_MainFunction();
      ^~~~~~~~~~~~~~~~~~
      TcpIpMainFunctionPeriod
make: *** [Src/subdir.mk:29: Src/main.o] Error 1
"make -j8 all" terminated with exit code 2. Build might be incomplete.
02:19:48 **** Incremental Build of configuration Debug for project SoAd_TcpIp_Server ****
make -j8 all 
arm-none-eabi-gcc -gdwarf-2 "../SoAd/SoAd.c" -mcpu=cortex-m3 -std=gnu11 -g3 -DSTM32 -DSTM32F1 -DSTM32F103C6Tx -DDEBUG -c -I../Inc -I"D:/Mohamed/College/GP/TcpIp/SoAd_TcpIp_Integration/SoAd_TcpIp_Server/EthIf/Inc" -I"D:/Mohamed/College/GP/TcpIp/SoAd_TcpIp_Integration/SoAd_TcpIp_Server/SoAd/Inc" -I"D:/Mohamed/College/GP/TcpIp/SoAd_TcpIp_Integration/SoAd_TcpIp_Server/Stm32f103c6_Drivers/Inc" -I"D:/Mohamed/College/GP/TcpIp/SoAd_TcpIp_Integration/SoAd_TcpIp_Server/TcpIp/Inc" -O0 -ffunction-sections -fdata-sections -Wall -fstack-usage -MMD -MP -MF"SoAd/SoAd.d" -MT"SoAd/SoAd.o" --specs=nano.specs -mfloat-abi=soft -mthumb -o "SoAd/SoAd.o"
../SoAd/SoAd.c: In function 'SoAd_Init':
../SoAd/SoAd.c:40:35: error: 'socketInd' undeclared (first use in this function); did you mean 'socket_list'?
  SoadSocketsConfig.SoadSocketList[socketInd].sockConnectionGroup.SoAd_SocketConnection.SoAd_SocketRemoteAddress.Domain = \
                                   ^~~~~~~~~
                                   socket_list
../SoAd/SoAd.c:40:35: note: each undeclared identifier is reported only once for each function it appears in
../SoAd/SoAd.c: In function 'SoAd_OpenSoCon':
../SoAd/SoAd.c:50:8: warning: unused variable 'error_code' [-Wunused-variable]
  uint8 error_code;
        ^~~~~~~~~~
../SoAd/SoAd.c: In function 'ExtractDataTo_SoAdBuffer':
../SoAd/SoAd.c:213:2: warning: statement with no effect [-Wunused-value]
  for(bufferCtr; dataCtr < (DataLength); bufferCtr++, dataCtr++){
  ^~~
../SoAd/SoAd.c: In function 'SoAd_RxIndication':
../SoAd/SoAd.c:231:17: warning: unused variable 'ret' [-Wunused-variable]
  Std_ReturnType ret;
                 ^~~
../SoAd/SoAd.c:227:26: warning: unused variable 'remoteAdr' [-Wunused-variable]
  TcpIp_SockAddrInetType* remoteAdr = (TcpIp_SockAddrInetType*)RemoteAddrPtr;
                          ^~~~~~~~~
make: *** [SoAd/subdir.mk:21: SoAd/SoAd.o] Error 1
"make -j8 all" terminated with exit code 2. Build might be incomplete.
02:20:10 **** Incremental Build of configuration Debug for project SoAd_TcpIp_Client ****
make -j8 all 
arm-none-eabi-gcc -gdwarf-2 "../Src/main.c" -mcpu=cortex-m3 -std=gnu11 -g3 -DSTM32 -DSTM32F1 -DSTM32F103C6Tx -DDEBUG -c -I../Inc -I"D:/Mohamed/College/GP/TcpIp/SoAd_TcpIp_Integration/SoAd_TcpIp_Client/EthIf/Inc" -I"D:/Mohamed/College/GP/TcpIp/SoAd_TcpIp_Integration/SoAd_TcpIp_Client/SoAd/Inc" -I"D:/Mohamed/College/GP/TcpIp/SoAd_TcpIp_Integration/SoAd_TcpIp_Client/Stm32f103c6_Drivers/Inc" -I"D:/Mohamed/College/GP/TcpIp/SoAd_TcpIp_Integration/SoAd_TcpIp_Client/TcpIp/Inc" -O0 -ffunction-sections -fdata-sections -Wall -fstack-usage -MMD -MP -MF"Src/main.d" -MT"Src/main.o" --specs=nano.specs -mfloat-abi=soft -mthumb -o "Src/main.o"
../Src/main.c: In function 'callback':
../Src/main.c:34:33: warning: passing argument 2 of 'MCAL_USART_RecieveData' from incompatible pointer type [-Wincompatible-pointer-types]
  MCAL_USART_RecieveData(USART1, &x, disable);
                                 ^
In file included from ../Src/main.c:23:0:
D:/Mohamed/College/GP/TcpIp/SoAd_TcpIp_Integration/SoAd_TcpIp_Client/Stm32f103c6_Drivers/Inc/Stm32_F103C6_USART_driver.h:142:6: note: expected 'uint16_t * {aka short unsigned int *}' but argument is of type 'uint8_t * {aka unsigned char *}'
 void MCAL_USART_RecieveData(USART_TypeDef* USARTx, uint16_t* pRxBuffer, enum Polling_Mechanism PollingEn);
      ^~~~~~~~~~~~~~~~~~~~~~
../Src/main.c:39:3: warning: implicit declaration of function 'TcpIp_RxIndication'; did you mean 'SoAd_RxIndication'? [-Wimplicit-function-declaration]
   TcpIp_RxIndication(0,0,0,0, buff, 20);
   ^~~~~~~~~~~~~~~~~~
   SoAd_RxIndication
../Src/main.c: In function 'main':
../Src/main.c:67:2: warning: implicit declaration of function 'SoAd_Init'; did you mean 'TcpIp_Init'? [-Wimplicit-function-declaration]
  SoAd_Init(&SoAdConfigPtr);
  ^~~~~~~~~
  TcpIp_Init
../Src/main.c:68:2: warning: implicit declaration of function 'SoAd_OpenSoCon' [-Wimplicit-function-declaration]
  SoAd_OpenSoCon(SoAdConfigPtr->SoAd_SockConnGroup[0].SoAd_SocketConnection.SoAdSocketId);
  ^~~~~~~~~~~~~~
../Src/main.c:68:30: error: invalid type argument of '->' (have 'SoAd_ConfigType {aka struct <anonymous>}')
  SoAd_OpenSoCon(SoAdConfigPtr->SoAd_SockConnGroup[0].SoAd_SocketConnection.SoAdSocketId);
                              ^~
../Src/main.c:72:6: warning: implicit declaration of function 'SoAd_MainFunction'; did you mean 'SoAd_RxIndication'? [-Wimplicit-function-declaration]
      SoAd_MainFunction();
      ^~~~~~~~~~~~~~~~~
      SoAd_RxIndication
../Src/main.c:73:6: warning: implicit declaration of function 'TcpIp_MainFunction'; did you mean 'TcpIpMainFunctionPeriod'? [-Wimplicit-function-declaration]
      TcpIp_MainFunction();
      ^~~~~~~~~~~~~~~~~~
      TcpIpMainFunctionPeriod
make: *** [Src/subdir.mk:29: Src/main.o] Error 1
"make -j8 all" terminated with exit code 2. Build might be incomplete.
02:20:10 **** Incremental Build of configuration Debug for project SoAd_TcpIp_Server ****
make -j8 all 
arm-none-eabi-gcc -gdwarf-2 "../SoAd/SoAd.c" -mcpu=cortex-m3 -std=gnu11 -g3 -DSTM32 -DSTM32F1 -DSTM32F103C6Tx -DDEBUG -c -I../Inc -I"D:/Mohamed/College/GP/TcpIp/SoAd_TcpIp_Integration/SoAd_TcpIp_Server/EthIf/Inc" -I"D:/Mohamed/College/GP/TcpIp/SoAd_TcpIp_Integration/SoAd_TcpIp_Server/SoAd/Inc" -I"D:/Mohamed/College/GP/TcpIp/SoAd_TcpIp_Integration/SoAd_TcpIp_Server/Stm32f103c6_Drivers/Inc" -I"D:/Mohamed/College/GP/TcpIp/SoAd_TcpIp_Integration/SoAd_TcpIp_Server/TcpIp/Inc" -O0 -ffunction-sections -fdata-sections -Wall -fstack-usage -MMD -MP -MF"SoAd/SoAd.d" -MT"SoAd/SoAd.o" --specs=nano.specs -mfloat-abi=soft -mthumb -o "SoAd/SoAd.o"
../SoAd/SoAd.c: In function 'SoAd_Init':
../SoAd/SoAd.c:42:131: error: assignment to expression with array type
  SoadSocketsConfig.SoadSocketList[0].sockConnectionGroup.SoAd_SocketConnection.SoAd_SocketRemoteAddress.SoAdSocketRemoteIpAddress = \
                                                                                                                                   ^
../SoAd/SoAd.c: In function 'SoAd_OpenSoCon':
../SoAd/SoAd.c:50:8: warning: unused variable 'error_code' [-Wunused-variable]
  uint8 error_code;
        ^~~~~~~~~~
../SoAd/SoAd.c: In function 'ExtractDataTo_SoAdBuffer':
../SoAd/SoAd.c:213:2: warning: statement with no effect [-Wunused-value]
  for(bufferCtr; dataCtr < (DataLength); bufferCtr++, dataCtr++){
  ^~~
../SoAd/SoAd.c: In function 'SoAd_RxIndication':
../SoAd/SoAd.c:231:17: warning: unused variable 'ret' [-Wunused-variable]
  Std_ReturnType ret;
                 ^~~
../SoAd/SoAd.c:227:26: warning: unused variable 'remoteAdr' [-Wunused-variable]
  TcpIp_SockAddrInetType* remoteAdr = (TcpIp_SockAddrInetType*)RemoteAddrPtr;
                          ^~~~~~~~~
make: *** [SoAd/subdir.mk:21: SoAd/SoAd.o] Error 1
"make -j8 all" terminated with exit code 2. Build might be incomplete.
02:20:48 **** Incremental Build of configuration Debug for project SoAd_TcpIp_Client ****
make -j8 all 
arm-none-eabi-gcc -gdwarf-2 "../Src/main.c" -mcpu=cortex-m3 -std=gnu11 -g3 -DSTM32 -DSTM32F1 -DSTM32F103C6Tx -DDEBUG -c -I../Inc -I"D:/Mohamed/College/GP/TcpIp/SoAd_TcpIp_Integration/SoAd_TcpIp_Client/EthIf/Inc" -I"D:/Mohamed/College/GP/TcpIp/SoAd_TcpIp_Integration/SoAd_TcpIp_Client/SoAd/Inc" -I"D:/Mohamed/College/GP/TcpIp/SoAd_TcpIp_Integration/SoAd_TcpIp_Client/Stm32f103c6_Drivers/Inc" -I"D:/Mohamed/College/GP/TcpIp/SoAd_TcpIp_Integration/SoAd_TcpIp_Client/TcpIp/Inc" -O0 -ffunction-sections -fdata-sections -Wall -fstack-usage -MMD -MP -MF"Src/main.d" -MT"Src/main.o" --specs=nano.specs -mfloat-abi=soft -mthumb -o "Src/main.o"
../Src/main.c: In function 'callback':
../Src/main.c:34:33: warning: passing argument 2 of 'MCAL_USART_RecieveData' from incompatible pointer type [-Wincompatible-pointer-types]
  MCAL_USART_RecieveData(USART1, &x, disable);
                                 ^
In file included from ../Src/main.c:23:0:
D:/Mohamed/College/GP/TcpIp/SoAd_TcpIp_Integration/SoAd_TcpIp_Client/Stm32f103c6_Drivers/Inc/Stm32_F103C6_USART_driver.h:142:6: note: expected 'uint16_t * {aka short unsigned int *}' but argument is of type 'uint8_t * {aka unsigned char *}'
 void MCAL_USART_RecieveData(USART_TypeDef* USARTx, uint16_t* pRxBuffer, enum Polling_Mechanism PollingEn);
      ^~~~~~~~~~~~~~~~~~~~~~
../Src/main.c:39:3: warning: implicit declaration of function 'TcpIp_RxIndication'; did you mean 'SoAd_RxIndication'? [-Wimplicit-function-declaration]
   TcpIp_RxIndication(0,0,0,0, buff, 20);
   ^~~~~~~~~~~~~~~~~~
   SoAd_RxIndication
../Src/main.c: In function 'main':
../Src/main.c:67:2: warning: implicit declaration of function 'SoAd_Init'; did you mean 'TcpIp_Init'? [-Wimplicit-function-declaration]
  SoAd_Init(&SoAdConfigPtr);
  ^~~~~~~~~
  TcpIp_Init
../Src/main.c:68:2: warning: implicit declaration of function 'SoAd_OpenSoCon' [-Wimplicit-function-declaration]
  SoAd_OpenSoCon(SoAdConfigPtr.SoAd_SockConnGroup[0].SoAd_SocketConnection.SoAdSocketId);
  ^~~~~~~~~~~~~~
../Src/main.c:72:6: warning: implicit declaration of function 'SoAd_MainFunction'; did you mean 'SoAd_RxIndication'? [-Wimplicit-function-declaration]
      SoAd_MainFunction();
      ^~~~~~~~~~~~~~~~~
      SoAd_RxIndication
../Src/main.c:73:6: warning: implicit declaration of function 'TcpIp_MainFunction'; did you mean 'TcpIpMainFunctionPeriod'? [-Wimplicit-function-declaration]
      TcpIp_MainFunction();
      ^~~~~~~~~~~~~~~~~~
      TcpIpMainFunctionPeriod
arm-none-eabi-gcc -gdwarf-2 -o "SoAd_TcpIp_Client.elf" @"objects.list"   -mcpu=cortex-m3 -T"D:\Mohamed\College\GP\TcpIp\SoAd_TcpIp_Integration\SoAd_TcpIp_Client\STM32F103C6TX_FLASH.ld" --specs=nosys.specs -Wl,-Map="SoAd_TcpIp_Client.map" -Wl,--gc-sections -static --specs=nano.specs -mfloat-abi=soft -mthumb -Wl,--start-group -lc -lm -Wl,--end-group
Finished building target: SoAd_TcpIp_Client.elf
 
arm-none-eabi-objdump -h -S  SoAd_TcpIp_Client.elf  > "SoAd_TcpIp_Client.list"
arm-none-eabi-objcopy  -O binary  SoAd_TcpIp_Client.elf  "SoAd_TcpIp_Client.bin"
arm-none-eabi-size   SoAd_TcpIp_Client.elf 
   text	   data	    bss	    dec	    hex	filename
   7188	    152	   4864	  12204	   2fac	SoAd_TcpIp_Client.elf
Finished building: default.size.stdout
Finished building: SoAd_TcpIp_Client.bin
 
Finished building: SoAd_TcpIp_Client.list
 
 
02:20:49 **** Incremental Build of configuration Debug for project SoAd_TcpIp_Server ****
make -j8 all 
arm-none-eabi-gcc -gdwarf-2 "../SoAd/SoAd.c" -mcpu=cortex-m3 -std=gnu11 -g3 -DSTM32 -DSTM32F1 -DSTM32F103C6Tx -DDEBUG -c -I../Inc -I"D:/Mohamed/College/GP/TcpIp/SoAd_TcpIp_Integration/SoAd_TcpIp_Server/EthIf/Inc" -I"D:/Mohamed/College/GP/TcpIp/SoAd_TcpIp_Integration/SoAd_TcpIp_Server/SoAd/Inc" -I"D:/Mohamed/College/GP/TcpIp/SoAd_TcpIp_Integration/SoAd_TcpIp_Server/Stm32f103c6_Drivers/Inc" -I"D:/Mohamed/College/GP/TcpIp/SoAd_TcpIp_Integration/SoAd_TcpIp_Server/TcpIp/Inc" -O0 -ffunction-sections -fdata-sections -Wall -fstack-usage -MMD -MP -MF"SoAd/SoAd.d" -MT"SoAd/SoAd.o" --specs=nano.specs -mfloat-abi=soft -mthumb -o "SoAd/SoAd.o"
../SoAd/SoAd.c: In function 'SoAd_Init':
../SoAd/SoAd.c:42:131: error: assignment to expression with array type
[...]
Finished building: default.size.stdout
 
21:27:56 **** Incremental Build of configuration Debug for project SoAd_TcpIp_Client ****
make -j8 all 
arm-none-eabi-gcc -gdwarf-2 "../Src/main.c" -mcpu=cortex-m3 -std=gnu11 -g3 -DSTM32 -DSTM32F1 -DSTM32F103C6Tx -DDEBUG -c -I../Inc -I"D:/Mohamed/College/GP/TcpIp/SoAd_TcpIp_Integration/SoAd_TcpIp_Client/EthIf/Inc" -I"D:/Mohamed/College/GP/TcpIp/SoAd_TcpIp_Integration/SoAd_TcpIp_Client/SoAd/Inc" -I"D:/Mohamed/College/GP/TcpIp/SoAd_TcpIp_Integration/SoAd_TcpIp_Client/Stm32f103c6_Drivers/Inc" -I"D:/Mohamed/College/GP/TcpIp/SoAd_TcpIp_Integration/SoAd_TcpIp_Client/TcpIp/Inc" -O0 -ffunction-sections -fdata-sections -Wall -fstack-usage -MMD -MP -MF"Src/main.d" -MT"Src/main.o" --specs=nano.specs -mfloat-abi=soft -mthumb -o "Src/main.o"
../Src/main.c: In function 'callback':
../Src/main.c:24:33: warning: passing argument 2 of 'MCAL_USART_RecieveData' from incompatible pointer type [-Wincompatible-pointer-types]
  MCAL_USART_RecieveData(USART1, &x, disable);
                                 ^
In file included from ../Src/main.c:12:0:
D:/Mohamed/College/GP/TcpIp/SoAd_TcpIp_Integration/SoAd_TcpIp_Client/Stm32f103c6_Drivers/Inc/Stm32_F103C6_USART_driver.h:142:6: note: expected 'uint16_t * {aka short unsigned int *}' but argument is of type 'uint8_t * {aka unsigned char *}'
 void MCAL_USART_RecieveData(USART_TypeDef* USARTx, uint16_t* pRxBuffer, enum Polling_Mechanism PollingEn);
      ^~~~~~~~~~~~~~~~~~~~~~
../Src/main.c:30:4: warning: implicit declaration of function 'TcpIp_RxIndication'; did you mean 'SoAd_RxIndication'? [-Wimplicit-function-declaration]
    TcpIp_RxIndication(0,0,0,0, buff, 20);
    ^~~~~~~~~~~~~~~~~~
    SoAd_RxIndication
../Src/main.c: In function 'main':
../Src/main.c:68:2: warning: implicit declaration of function 'SoAd_Init'; did you mean 'TcpIp_Init'? [-Wimplicit-function-declaration]
  SoAd_Init(&SoAdConfigPtr);
  ^~~~~~~~~
  TcpIp_Init
../Src/main.c:69:2: warning: implicit declaration of function 'SoAd_OpenSoCon' [-Wimplicit-function-declaration]
  SoAd_OpenSoCon(SoAdConfigPtr.SoAd_SockConnGroup[0].SoAd_SocketConnection.SoAdSocketId);
  ^~~~~~~~~~~~~~
../Src/main.c:74:3: warning: implicit declaration of function 'SoAd_MainFunction'; did you mean 'TcpIp_MainFunction'? [-Wimplicit-function-declaration]
   SoAd_MainFunction();
   ^~~~~~~~~~~~~~~~~
   TcpIp_MainFunction
arm-none-eabi-gcc -gdwarf-2 -o "SoAd_TcpIp_Client.elf" @"objects.list"   -mcpu=cortex-m3 -T"D:\Mohamed\College\GP\TcpIp\SoAd_TcpIp_Integration\SoAd_TcpIp_Client\STM32F103C6TX_FLASH.ld" --specs=nosys.specs -Wl,-Map="SoAd_TcpIp_Client.map" -Wl,--gc-sections -static --specs=nano.specs -mfloat-abi=soft -mthumb -Wl,--start-group -lc -lm -Wl,--end-group
Finished building target: SoAd_TcpIp_Client.elf
 
arm-none-eabi-objdump -h -S  SoAd_TcpIp_Client.elf  > "SoAd_TcpIp_Client.list"
arm-none-eabi-objcopy  -O binary  SoAd_TcpIp_Client.elf  "SoAd_TcpIp_Client.bin"
arm-none-eabi-size   SoAd_TcpIp_Client.elf 
   text	   data	    bss	    dec	    hex	filename
   9448	    152	   6432	  16032	   3ea0	SoAd_TcpIp_Client.elf
Finished building: default.size.stdout
 
Finished building: SoAd_TcpIp_Client.bin
 
Finished building: SoAd_TcpIp_Client.list
 
21:27:57 **** Incremental Build of configuration Debug for project SoAd_TcpIp_Server ****
make -j8 all 
arm-none-eabi-gcc -gdwarf-2 "../SoAd/SoAd.c" -mcpu=cortex-m3 -std=gnu11 -g3 -DSTM32 -DSTM32F1 -DSTM32F103C6Tx -DDEBUG -c -I../Inc -I"D:/Mohamed/College/GP/TcpIp/SoAd_TcpIp_Integration/SoAd_TcpIp_Server/EthIf/Inc" -I"D:/Mohamed/College/GP/TcpIp/SoAd_TcpIp_Integration/SoAd_TcpIp_Server/SoAd/Inc" -I"D:/Mohamed/College/GP/TcpIp/SoAd_TcpIp_Integration/SoAd_TcpIp_Server/Stm32f103c6_Drivers/Inc" -I"D:/Mohamed/College/GP/TcpIp/SoAd_TcpIp_Integration/SoAd_TcpIp_Server/TcpIp/Inc" -O0 -ffunction-sections -fdata-sections -Wall -fstack-usage -MMD -MP -MF"SoAd/SoAd.d" -MT"SoAd/SoAd.o" --specs=nano.specs -mfloat-abi=soft -mthumb -o "SoAd/SoAd.o"
../SoAd/SoAd.c: In function 'SoAd_OpenSoCon':
../SoAd/SoAd.c:54:8: warning: unused variable 'error_code' [-Wunused-variable]
  uint8 error_code;
        ^~~~~~~~~~
../SoAd/SoAd.c: In function 'ExtractDataTo_SoAdBuffer':
../SoAd/SoAd.c:217:2: warning: statement with no effect [-Wunused-value]
  for(bufferCtr; dataCtr < (DataLength); bufferCtr++, dataCtr++){
  ^~~
../SoAd/SoAd.c: In function 'SoAd_RxIndication':
../SoAd/SoAd.c:235:17: warning: unused variable 'ret' [-Wunused-variable]
  Std_ReturnType ret;
                 ^~~
../SoAd/SoAd.c:231:26: warning: unused variable 'remoteAdr' [-Wunused-variable]
  TcpIp_SockAddrInetType* remoteAdr = (TcpIp_SockAddrInetType*)RemoteAddrPtr;
                          ^~~~~~~~~
../SoAd/SoAd.c:241:27: warning: 'PduInfoPtr' may be used uninitialized in this function [-Wmaybe-uninitialized]
    PduInfoPtr->SduDataPtr = SoadSocketsConfig.SoadSocketList[socketInd].SoAd_Buffer.bufferPtr;
    ~~~~~~~~~~~~~~~~~~~~~~~^~~~~~~~~~~~~~~~~~~~~~~~~~~~~~~~~~~~~~~~~~~~~~~~~~~~~~~~~~~~~~~~~~~
arm-none-eabi-gcc -gdwarf-2 -o "SoAd_TcpIp_Server.elf" @"objects.list"   -mcpu=cortex-m3 -T"D:\Mohamed\College\GP\TcpIp\SoAd_TcpIp_Integration\SoAd_TcpIp_Server\STM32F103C6TX_FLASH.ld" --specs=nosys.specs -Wl,-Map="SoAd_TcpIp_Server.map" -Wl,--gc-sections -static --specs=nano.specs -mfloat-abi=soft -mthumb -Wl,--start-group -lc -lm -Wl,--end-group
Finished building target: SoAd_TcpIp_Server.elf
 
arm-none-eabi-objdump -h -S  SoAd_TcpIp_Server.elf  > "SoAd_TcpIp_Server.list"
arm-none-eabi-objcopy  -O binary  SoAd_TcpIp_Server.elf  "SoAd_TcpIp_Server.bin"
arm-none-eabi-size   SoAd_TcpIp_Server.elf 
   text	   data	    bss	    dec	    hex	filename
  10092	    172	   6436	  16700	   413c	SoAd_TcpIp_Server.elf
Finished building: default.size.stdout
 
Finished building: SoAd_TcpIp_Server.bin
 
Finished building: SoAd_TcpIp_Server.list
 
21:28:57 **** Incremental Build of configuration Debug for project SoAd_TcpIp_Client ****
make -j8 all 
arm-none-eabi-gcc -gdwarf-2 "../TcpIp/TcpIp.c" -mcpu=cortex-m3 -std=gnu11 -g3 -DSTM32 -DSTM32F1 -DSTM32F103C6Tx -DDEBUG -c -I../Inc -I"D:/Mohamed/College/GP/TcpIp/SoAd_TcpIp_Integration/SoAd_TcpIp_Client/EthIf/Inc" -I"D:/Mohamed/College/GP/TcpIp/SoAd_TcpIp_Integration/SoAd_TcpIp_Client/SoAd/Inc" -I"D:/Mohamed/College/GP/TcpIp/SoAd_TcpIp_Integration/SoAd_TcpIp_Client/Stm32f103c6_Drivers/Inc" -I"D:/Mohamed/College/GP/TcpIp/SoAd_TcpIp_Integration/SoAd_TcpIp_Client/TcpIp/Inc" -O0 -ffunction-sections -fdata-sections -Wall -fstack-usage -MMD -MP -MF"TcpIp/TcpIp.d" -MT"TcpIp/TcpIp.o" --specs=nano.specs -mfloat-abi=soft -mthumb -o "TcpIp/TcpIp.o"
../TcpIp/TcpIp.c: In function 'TcpIp_GetPacket':
../TcpIp/TcpIp.c:100:2: warning: statement with no effect [-Wunused-value]
  for(bufferCtr; dataCtr < (AvailableLength); bufferCtr++, dataCtr++){
  ^~~
../TcpIp/TcpIp.c: In function 'TcpIp_SoAdGetSocket':
../TcpIp/TcpIp.c:214:8: warning: variable 'error_code' set but not used [-Wunused-but-set-variable]
  uint8 error_code;
        ^~~~~~~~~~
../TcpIp/TcpIp.c: In function 'TcpIp_Bind':
../TcpIp/TcpIp.c:275:8: warning: unused variable 'i' [-Wunused-variable]
  uint8 i = 0;
        ^
../TcpIp/TcpIp.c:259:19: warning: unused variable 'Return_State' [-Wunused-variable]
  TcpIp_ReturnType Return_State = TCPIP_E_OK;
                   ^~~~~~~~~~~~
../TcpIp/TcpIp.c:258:8: warning: unused variable 'error_code' [-Wunused-variable]
  uint8 error_code;
        ^~~~~~~~~~
../TcpIp/TcpIp.c: In function 'TcpIp_TcpConnect':
../TcpIp/TcpIp.c:303:8: warning: variable 'error_code' set but not used [-Wunused-but-set-variable]
  uint8 error_code;
        ^~~~~~~~~~
../TcpIp/TcpIp.c: In function 'TcpIp_TcpListen':
../TcpIp/TcpIp.c:382:8: warning: variable 'error_code' set but not used [-Wunused-but-set-variable]
  uint8 error_code;
        ^~~~~~~~~~
../TcpIp/TcpIp.c: In function 'TcpIp_TcpReceived':
../TcpIp/TcpIp.c:768:1: warning: control reaches end of non-void function [-Wreturn-type]
 }
 ^
At top level:
../TcpIp/TcpIp.c:149:13: warning: 'TcpIp_EthIf_CopyToBuffer' defined but not used [-Wunused-function]
 static void TcpIp_EthIf_CopyToBuffer(uint8** ethifPtr, uint8** tcpPtr, uint16 length){
             ^~~~~~~~~~~~~~~~~~~~~~~~
../TcpIp/TcpIp.c:9:24: warning: 'TcpIpLocalAddr_list' defined but not used [-Wunused-variable]
 static TcpIp_LocalAddr TcpIpLocalAddr_list[2];
                        ^~~~~~~~~~~~~~~~~~~
../TcpIp/TcpIp.c: In function 'TcpIp_MainFunction':
../TcpIp/TcpIp.c:499:10: warning: 'lenPtr' may be used uninitialized in this function [-Wmaybe-uninitialized]
      if((*lenPtr) < TcpIpBuffer[curInd].bufferPtrIdx){
         ~^~~~~~~~
arm-none-eabi-gcc -gdwarf-2 -o "SoAd_TcpIp_Client.elf" @"objects.list"   -mcpu=cortex-m3 -T"D:\Mohamed\College\GP\TcpIp\SoAd_TcpIp_Integration\SoAd_TcpIp_Client\STM32F103C6TX_FLASH.ld" --specs=nosys.specs -Wl,-Map="SoAd_TcpIp_Client.map" -Wl,--gc-sections -static --specs=nano.specs -mfloat-abi=soft -mthumb -Wl,--start-group -lc -lm -Wl,--end-group
Finished building target: SoAd_TcpIp_Client.elf
 
arm-none-eabi-objdump -h -S  SoAd_TcpIp_Client.elf  > "SoAd_TcpIp_Client.list"
arm-none-eabi-objcopy  -O binary  SoAd_TcpIp_Client.elf  "SoAd_TcpIp_Client.bin"
arm-none-eabi-size   SoAd_TcpIp_Client.elf 
   text	   data	    bss	    dec	    hex	filename
   9448	    152	   6432	  16032	   3ea0	SoAd_TcpIp_Client.elf
Finished building: default.size.stdout
 
Finished building: SoAd_TcpIp_Client.bin
 
Finished building: SoAd_TcpIp_Client.list
 
21:28:57 **** Incremental Build of configuration Debug for project SoAd_TcpIp_Server ****
make -j8 all 
arm-none-eabi-gcc -gdwarf-2 "../TcpIp/TcpIp.c" -mcpu=cortex-m3 -std=gnu11 -g3 -DSTM32 -DSTM32F1 -DSTM32F103C6Tx -DDEBUG -c -I../Inc -I"D:/Mohamed/College/GP/TcpIp/SoAd_TcpIp_Integration/SoAd_TcpIp_Server/EthIf/Inc" -I"D:/Mohamed/College/GP/TcpIp/SoAd_TcpIp_Integration/SoAd_TcpIp_Server/SoAd/Inc" -I"D:/Mohamed/College/GP/TcpIp/SoAd_TcpIp_Integration/SoAd_TcpIp_Server/Stm32f103c6_Drivers/Inc" -I"D:/Mohamed/College/GP/TcpIp/SoAd_TcpIp_Integration/SoAd_TcpIp_Server/TcpIp/Inc" -O0 -ffunction-sections -fdata-sections -Wall -fstack-usage -MMD -MP -MF"TcpIp/TcpIp.d" -MT"TcpIp/TcpIp.o" --specs=nano.specs -mfloat-abi=soft -mthumb -o "TcpIp/TcpIp.o"
../TcpIp/TcpIp.c: In function 'TcpIp_GetPacket':
../TcpIp/TcpIp.c:100:2: warning: statement with no effect [-Wunused-value]
  for(bufferCtr; dataCtr < (AvailableLength); bufferCtr++, dataCtr++){
  ^~~
../TcpIp/TcpIp.c: In function 'TcpIp_SoAdGetSocket':
../TcpIp/TcpIp.c:213:8: warning: variable 'error_code' set but not used [-Wunused-but-set-variable]
  uint8 error_code;
        ^~~~~~~~~~
../TcpIp/TcpIp.c: In function 'TcpIp_Bind':
../TcpIp/TcpIp.c:275:8: warning: unused variable 'i' [-Wunused-variable]
  uint8 i = 0;
        ^
../TcpIp/TcpIp.c:259:19: warning: unused variable 'Return_State' [-Wunused-variable]
  TcpIp_ReturnType Return_State = TCPIP_E_OK;
                   ^~~~~~~~~~~~
../TcpIp/TcpIp.c:258:8: warning: unused variable 'error_code' [-Wunused-variable]
  uint8 error_code;
        ^~~~~~~~~~
../TcpIp/TcpIp.c: In function 'TcpIp_TcpConnect':
../TcpIp/TcpIp.c:303:8: warning: variable 'error_code' set but not used [-Wunused-but-set-variable]
  uint8 error_code;
        ^~~~~~~~~~
../TcpIp/TcpIp.c: In function 'TcpIp_TcpListen':
../TcpIp/TcpIp.c:382:8: warning: variable 'error_code' set but not used [-Wunused-but-set-variable]
  uint8 error_code;
        ^~~~~~~~~~
../TcpIp/TcpIp.c: In function 'TcpIp_TcpTransmit':
../TcpIp/TcpIp.c:423:8: warning: variable 'arr' set but not used [-Wunused-but-set-variable]
  uint8 arr[20] = {0};
        ^~~
../TcpIp/TcpIp.c: In function 'TcpIp_MainFunction':
../TcpIp/TcpIp.c:504:13: warning: unused variable 'lenPtr' [-Wunused-variable]
      uint8* lenPtr;
             ^~~~~~
../TcpIp/TcpIp.c: In function 'TcpIp_TcpReceived':
../TcpIp/TcpIp.c:772:1: warning: control reaches end of non-void function [-Wreturn-type]
 }
 ^
At top level:
../TcpIp/TcpIp.c:9:24: warning: 'TcpIpLocalAddr_list' defined but not used [-Wunused-variable]
 static TcpIp_LocalAddr TcpIpLocalAddr_list[2];
                        ^~~~~~~~~~~~~~~~~~~
arm-none-eabi-gcc -gdwarf-2 -o "SoAd_TcpIp_Server.elf" @"objects.list"   -mcpu=cortex-m3 -T"D:\Mohamed\College\GP\TcpIp\SoAd_TcpIp_Integration\SoAd_TcpIp_Server\STM32F103C6TX_FLASH.ld" --specs=nosys.specs -Wl,-Map="SoAd_TcpIp_Server.map" -Wl,--gc-sections -static --specs=nano.specs -mfloat-abi=soft -mthumb -Wl,--start-group -lc -lm -Wl,--end-group
Finished building target: SoAd_TcpIp_Server.elf
 
arm-none-eabi-objdump -h -S  SoAd_TcpIp_Server.elf  > "SoAd_TcpIp_Server.list"
arm-none-eabi-objcopy  -O binary  SoAd_TcpIp_Server.elf  "SoAd_TcpIp_Server.bin"
arm-none-eabi-size   SoAd_TcpIp_Server.elf 
   text	   data	    bss	    dec	    hex	filename
  10080	    172	   6436	  16688	   4130	SoAd_TcpIp_Server.elf
Finished building: default.size.stdout
 
Finished building: SoAd_TcpIp_Server.bin
Finished building: SoAd_TcpIp_Server.list
 
 
21:29:43 **** Incremental Build of configuration Debug for project SoAd_TcpIp_Client ****
make -j8 all 
arm-none-eabi-gcc -gdwarf-2 "../TcpIp/TcpIp.c" -mcpu=cortex-m3 -std=gnu11 -g3 -DSTM32 -DSTM32F1 -DSTM32F103C6Tx -DDEBUG -c -I../Inc -I"D:/Mohamed/College/GP/TcpIp/SoAd_TcpIp_Integration/SoAd_TcpIp_Client/EthIf/Inc" -I"D:/Mohamed/College/GP/TcpIp/SoAd_TcpIp_Integration/SoAd_TcpIp_Client/SoAd/Inc" -I"D:/Mohamed/College/GP/TcpIp/SoAd_TcpIp_Integration/SoAd_TcpIp_Client/Stm32f103c6_Drivers/Inc" -I"D:/Mohamed/College/GP/TcpIp/SoAd_TcpIp_Integration/SoAd_TcpIp_Client/TcpIp/Inc" -O0 -ffunction-sections -fdata-sections -Wall -fstack-usage -MMD -MP -MF"TcpIp/TcpIp.d" -MT"TcpIp/TcpIp.o" --specs=nano.specs -mfloat-abi=soft -mthumb -o "TcpIp/TcpIp.o"
../TcpIp/TcpIp.c: In function 'TcpIp_GetPacket':
../TcpIp/TcpIp.c:100:2: warning: statement with no effect [-Wunused-value]
  for(bufferCtr; dataCtr < (AvailableLength); bufferCtr++, dataCtr++){
  ^~~
../TcpIp/TcpIp.c: In function 'TcpIp_SoAdGetSocket':
../TcpIp/TcpIp.c:214:8: warning: variable 'error_code' set but not used [-Wunused-but-set-variable]
  uint8 error_code;
        ^~~~~~~~~~
../TcpIp/TcpIp.c: In function 'TcpIp_Bind':
../TcpIp/TcpIp.c:275:8: warning: unused variable 'i' [-Wunused-variable]
  uint8 i = 0;
        ^
../TcpIp/TcpIp.c:259:19: warning: unused variable 'Return_State' [-Wunused-variable]
  TcpIp_ReturnType Return_State = TCPIP_E_OK;
                   ^~~~~~~~~~~~
../TcpIp/TcpIp.c:258:8: warning: unused variable 'error_code' [-Wunused-variable]
  uint8 error_code;
        ^~~~~~~~~~
../TcpIp/TcpIp.c: In function 'TcpIp_TcpConnect':
../TcpIp/TcpIp.c:303:8: warning: variable 'error_code' set but not used [-Wunused-but-set-variable]
  uint8 error_code;
        ^~~~~~~~~~
../TcpIp/TcpIp.c: In function 'TcpIp_TcpListen':
../TcpIp/TcpIp.c:382:8: warning: variable 'error_code' set but not used [-Wunused-but-set-variable]
  uint8 error_code;
        ^~~~~~~~~~
../TcpIp/TcpIp.c: In function 'TcpIp_TcpReceived':
../TcpIp/TcpIp.c:764:1: warning: control reaches end of non-void function [-Wreturn-type]
 }
 ^
At top level:
../TcpIp/TcpIp.c:9:24: warning: 'TcpIpLocalAddr_list' defined but not used [-Wunused-variable]
 static TcpIp_LocalAddr TcpIpLocalAddr_list[2];
                        ^~~~~~~~~~~~~~~~~~~
arm-none-eabi-gcc -gdwarf-2 -o "SoAd_TcpIp_Client.elf" @"objects.list"   -mcpu=cortex-m3 -T"D:\Mohamed\College\GP\TcpIp\SoAd_TcpIp_Integration\SoAd_TcpIp_Client\STM32F103C6TX_FLASH.ld" --specs=nosys.specs -Wl,-Map="SoAd_TcpIp_Client.map" -Wl,--gc-sections -static --specs=nano.specs -mfloat-abi=soft -mthumb -Wl,--start-group -lc -lm -Wl,--end-group
Finished building target: SoAd_TcpIp_Client.elf
 
arm-none-eabi-objdump -h -S  SoAd_TcpIp_Client.elf  > "SoAd_TcpIp_Client.list"
arm-none-eabi-objcopy  -O binary  SoAd_TcpIp_Client.elf  "SoAd_TcpIp_Client.bin"
arm-none-eabi-size   SoAd_TcpIp_Client.elf 
   text	   data	    bss	    dec	    hex	filename
   9488	    152	   6432	  16072	   3ec8	SoAd_TcpIp_Client.elf
Finished building: default.size.stdout
 
Finished building: SoAd_TcpIp_Client.bin
Finished building: SoAd_TcpIp_Client.list
 
 
21:29:44 **** Incremental Build of configuration Debug for project SoAd_TcpIp_Server ****
make -j8 all 
arm-none-eabi-gcc -gdwarf-2 "../TcpIp/TcpIp.c" -mcpu=cortex-m3 -std=gnu11 -g3 -DSTM32 -DSTM32F1 -DSTM32F103C6Tx -DDEBUG -c -I../Inc -I"D:/Mohamed/College/GP/TcpIp/SoAd_TcpIp_Integration/SoAd_TcpIp_Server/EthIf/Inc" -I"D:/Mohamed/College/GP/TcpIp/SoAd_TcpIp_Integration/SoAd_TcpIp_Server/SoAd/Inc" -I"D:/Mohamed/College/GP/TcpIp/SoAd_TcpIp_Integration/SoAd_TcpIp_Server/Stm32f103c6_Drivers/Inc" -I"D:/Mohamed/College/GP/TcpIp/SoAd_TcpIp_Integration/SoAd_TcpIp_Server/TcpIp/Inc" -O0 -ffunction-sections -fdata-sections -Wall -fstack-usage -MMD -MP -MF"TcpIp/TcpIp.d" -MT"TcpIp/TcpIp.o" --specs=nano.specs -mfloat-abi=soft -mthumb -o "TcpIp/TcpIp.o"
../TcpIp/TcpIp.c: In function 'TcpIp_GetPacket':
../TcpIp/TcpIp.c:100:2: warning: statement with no effect [-Wunused-value]
  for(bufferCtr; dataCtr < (AvailableLength); bufferCtr++, dataCtr++){
  ^~~
../TcpIp/TcpIp.c: In function 'TcpIp_SoAdGetSocket':
../TcpIp/TcpIp.c:213:8: warning: variable 'error_code' set but not used [-Wunused-but-set-variable]
  uint8 error_code;
        ^~~~~~~~~~
../TcpIp/TcpIp.c: In function 'TcpIp_Bind':
../TcpIp/TcpIp.c:275:8: warning: unused variable 'i' [-Wunused-variable]
  uint8 i = 0;
        ^
../TcpIp/TcpIp.c:259:19: warning: unused variable 'Return_State' [-Wunused-variable]
  TcpIp_ReturnType Return_State = TCPIP_E_OK;
                   ^~~~~~~~~~~~
../TcpIp/TcpIp.c:258:8: warning: unused variable 'error_code' [-Wunused-variable]
  uint8 error_code;
        ^~~~~~~~~~
../TcpIp/TcpIp.c: In function 'TcpIp_TcpConnect':
../TcpIp/TcpIp.c:303:8: warning: variable 'error_code' set but not used [-Wunused-but-set-variable]
  uint8 error_code;
        ^~~~~~~~~~
../TcpIp/TcpIp.c: In function 'TcpIp_TcpListen':
../TcpIp/TcpIp.c:382:8: warning: variable 'error_code' set but not used [-Wunused-but-set-variable]
  uint8 error_code;
        ^~~~~~~~~~
../TcpIp/TcpIp.c: In function 'TcpIp_TcpTransmit':
../TcpIp/TcpIp.c:423:8: warning: variable 'arr' set but not used [-Wunused-but-set-variable]
  uint8 arr[20] = {0};
        ^~~
../TcpIp/TcpIp.c: In function 'TcpIp_TcpReceived':
../TcpIp/TcpIp.c:771:1: warning: control reaches end of non-void function [-Wreturn-type]
 }
 ^
At top level:
../TcpIp/TcpIp.c:9:24: warning: 'TcpIpLocalAddr_list' defined but not used [-Wunused-variable]
 static TcpIp_LocalAddr TcpIpLocalAddr_list[2];
                        ^~~~~~~~~~~~~~~~~~~
arm-none-eabi-gcc -gdwarf-2 -o "SoAd_TcpIp_Server.elf" @"objects.list"   -mcpu=cortex-m3 -T"D:\Mohamed\College\GP\TcpIp\SoAd_TcpIp_Integration\SoAd_TcpIp_Server\STM32F103C6TX_FLASH.ld" --specs=nosys.specs -Wl,-Map="SoAd_TcpIp_Server.map" -Wl,--gc-sections -static --specs=nano.specs -mfloat-abi=soft -mthumb -Wl,--start-group -lc -lm -Wl,--end-group
Finished building target: SoAd_TcpIp_Server.elf
 
arm-none-eabi-objdump -h -S  SoAd_TcpIp_Server.elf  > "SoAd_TcpIp_Server.list"
arm-none-eabi-objcopy  -O binary  SoAd_TcpIp_Server.elf  "SoAd_TcpIp_Server.bin"
arm-none-eabi-size   SoAd_TcpIp_Server.elf 
   text	   data	    bss	    dec	    hex	filename
  10080	    172	   6436	  16688	   4130	SoAd_TcpIp_Server.elf
Finished building: default.size.stdout
 
Finished building: SoAd_TcpIp_Server.bin
Finished building: SoAd_TcpIp_Server.list
 
 
21:29:51 **** Incremental Build of configuration Debug for project SoAd_TcpIp_Client ****
make -j8 all 
arm-none-eabi-size   SoAd_TcpIp_Client.elf 
   text	   data	    bss	    dec	    hex	filename
   9488	    152	   6432	  16072	   3ec8	SoAd_TcpIp_Client.elf
Finished building: default.size.stdout
 
21:29:51 **** Incremental Build of configuration Debug for project SoAd_TcpIp_Server ****
make -j8 all 
arm-none-eabi-size   SoAd_TcpIp_Server.elf 
   text	   data	    bss	    dec	    hex	filename
  10080	    172	   6436	  16688	   4130	SoAd_TcpIp_Server.elf
Finished building: default.size.stdout
 
