Archive member included to satisfy reference by file (symbol)

c:/st/stm32cubeide_1.4.0/stm32cubeide/plugins/com.st.stm32cube.ide.mcu.externaltools.gnu-tools-for-stm32.7-2018-q2-update.win32_1.4.0.202007081208/tools/bin/../lib/gcc/arm-none-eabi/7.3.1/../../../../arm-none-eabi/lib/thumb/v7-m\libc_nano.a(lib_a-calloc.o)
                              EthIf/EthIf.o (calloc)
c:/st/stm32cubeide_1.4.0/stm32cubeide/plugins/com.st.stm32cube.ide.mcu.externaltools.gnu-tools-for-stm32.7-2018-q2-update.win32_1.4.0.202007081208/tools/bin/../lib/gcc/arm-none-eabi/7.3.1/../../../../arm-none-eabi/lib/thumb/v7-m\libc_nano.a(lib_a-errno.o)
                              Src/syscalls.o (__errno)
c:/st/stm32cubeide_1.4.0/stm32cubeide/plugins/com.st.stm32cube.ide.mcu.externaltools.gnu-tools-for-stm32.7-2018-q2-update.win32_1.4.0.202007081208/tools/bin/../lib/gcc/arm-none-eabi/7.3.1/../../../../arm-none-eabi/lib/thumb/v7-m\libc_nano.a(lib_a-exit.o)
                              c:/st/stm32cubeide_1.4.0/stm32cubeide/plugins/com.st.stm32cube.ide.mcu.externaltools.gnu-tools-for-stm32.7-2018-q2-update.win32_1.4.0.202007081208/tools/bin/../lib/gcc/arm-none-eabi/7.3.1/../../../../arm-none-eabi/lib/thumb/v7-m/crt0.o (exit)
c:/st/stm32cubeide_1.4.0/stm32cubeide/plugins/com.st.stm32cube.ide.mcu.externaltools.gnu-tools-for-stm32.7-2018-q2-update.win32_1.4.0.202007081208/tools/bin/../lib/gcc/arm-none-eabi/7.3.1/../../../../arm-none-eabi/lib/thumb/v7-m\libc_nano.a(lib_a-impure.o)
                              c:/st/stm32cubeide_1.4.0/stm32cubeide/plugins/com.st.stm32cube.ide.mcu.externaltools.gnu-tools-for-stm32.7-2018-q2-update.win32_1.4.0.202007081208/tools/bin/../lib/gcc/arm-none-eabi/7.3.1/../../../../arm-none-eabi/lib/thumb/v7-m\libc_nano.a(lib_a-exit.o) (_global_impure_ptr)
c:/st/stm32cubeide_1.4.0/stm32cubeide/plugins/com.st.stm32cube.ide.mcu.externaltools.gnu-tools-for-stm32.7-2018-q2-update.win32_1.4.0.202007081208/tools/bin/../lib/gcc/arm-none-eabi/7.3.1/../../../../arm-none-eabi/lib/thumb/v7-m\libc_nano.a(lib_a-init.o)
                              c:/st/stm32cubeide_1.4.0/stm32cubeide/plugins/com.st.stm32cube.ide.mcu.externaltools.gnu-tools-for-stm32.7-2018-q2-update.win32_1.4.0.202007081208/tools/bin/../lib/gcc/arm-none-eabi/7.3.1/../../../../arm-none-eabi/lib/thumb/v7-m/crt0.o (__libc_init_array)
c:/st/stm32cubeide_1.4.0/stm32cubeide/plugins/com.st.stm32cube.ide.mcu.externaltools.gnu-tools-for-stm32.7-2018-q2-update.win32_1.4.0.202007081208/tools/bin/../lib/gcc/arm-none-eabi/7.3.1/../../../../arm-none-eabi/lib/thumb/v7-m\libc_nano.a(lib_a-malloc.o)
                              EthIf/EthIf.o (free)
c:/st/stm32cubeide_1.4.0/stm32cubeide/plugins/com.st.stm32cube.ide.mcu.externaltools.gnu-tools-for-stm32.7-2018-q2-update.win32_1.4.0.202007081208/tools/bin/../lib/gcc/arm-none-eabi/7.3.1/../../../../arm-none-eabi/lib/thumb/v7-m\libc_nano.a(lib_a-memset.o)
                              c:/st/stm32cubeide_1.4.0/stm32cubeide/plugins/com.st.stm32cube.ide.mcu.externaltools.gnu-tools-for-stm32.7-2018-q2-update.win32_1.4.0.202007081208/tools/bin/../lib/gcc/arm-none-eabi/7.3.1/../../../../arm-none-eabi/lib/thumb/v7-m/crt0.o (memset)
c:/st/stm32cubeide_1.4.0/stm32cubeide/plugins/com.st.stm32cube.ide.mcu.externaltools.gnu-tools-for-stm32.7-2018-q2-update.win32_1.4.0.202007081208/tools/bin/../lib/gcc/arm-none-eabi/7.3.1/../../../../arm-none-eabi/lib/thumb/v7-m\libc_nano.a(lib_a-nano-callocr.o)
                              c:/st/stm32cubeide_1.4.0/stm32cubeide/plugins/com.st.stm32cube.ide.mcu.externaltools.gnu-tools-for-stm32.7-2018-q2-update.win32_1.4.0.202007081208/tools/bin/../lib/gcc/arm-none-eabi/7.3.1/../../../../arm-none-eabi/lib/thumb/v7-m\libc_nano.a(lib_a-calloc.o) (_calloc_r)
c:/st/stm32cubeide_1.4.0/stm32cubeide/plugins/com.st.stm32cube.ide.mcu.externaltools.gnu-tools-for-stm32.7-2018-q2-update.win32_1.4.0.202007081208/tools/bin/../lib/gcc/arm-none-eabi/7.3.1/../../../../arm-none-eabi/lib/thumb/v7-m\libc_nano.a(lib_a-nano-freer.o)
                              c:/st/stm32cubeide_1.4.0/stm32cubeide/plugins/com.st.stm32cube.ide.mcu.externaltools.gnu-tools-for-stm32.7-2018-q2-update.win32_1.4.0.202007081208/tools/bin/../lib/gcc/arm-none-eabi/7.3.1/../../../../arm-none-eabi/lib/thumb/v7-m\libc_nano.a(lib_a-malloc.o) (_free_r)
c:/st/stm32cubeide_1.4.0/stm32cubeide/plugins/com.st.stm32cube.ide.mcu.externaltools.gnu-tools-for-stm32.7-2018-q2-update.win32_1.4.0.202007081208/tools/bin/../lib/gcc/arm-none-eabi/7.3.1/../../../../arm-none-eabi/lib/thumb/v7-m\libc_nano.a(lib_a-nano-mallocr.o)
                              c:/st/stm32cubeide_1.4.0/stm32cubeide/plugins/com.st.stm32cube.ide.mcu.externaltools.gnu-tools-for-stm32.7-2018-q2-update.win32_1.4.0.202007081208/tools/bin/../lib/gcc/arm-none-eabi/7.3.1/../../../../arm-none-eabi/lib/thumb/v7-m\libc_nano.a(lib_a-malloc.o) (_malloc_r)
[...]
Memory Configuration

Name             Origin             Length             Attributes
RAM              0x0000000020000000 0x0000000000002800 xrw
ROM              0x0000000008000000 0x0000000000008000 xr
*default*        0x0000000000000000 0xffffffffffffffff

Linker script and memory map

LOAD c:/st/stm32cubeide_1.4.0/stm32cubeide/plugins/com.st.stm32cube.ide.mcu.externaltools.gnu-tools-for-stm32.7-2018-q2-update.win32_1.4.0.202007081208/tools/bin/../lib/gcc/arm-none-eabi/7.3.1/thumb/v7-m/crti.o
LOAD c:/st/stm32cubeide_1.4.0/stm32cubeide/plugins/com.st.stm32cube.ide.mcu.externaltools.gnu-tools-for-stm32.7-2018-q2-update.win32_1.4.0.202007081208/tools/bin/../lib/gcc/arm-none-eabi/7.3.1/thumb/v7-m/crtbegin.o
LOAD c:/st/stm32cubeide_1.4.0/stm32cubeide/plugins/com.st.stm32cube.ide.mcu.externaltools.gnu-tools-for-stm32.7-2018-q2-update.win32_1.4.0.202007081208/tools/bin/../lib/gcc/arm-none-eabi/7.3.1/../../../../arm-none-eabi/lib/thumb/v7-m/crt0.o
LOAD EthIf/EthIf.o
LOAD SoAd/SoAd.o
LOAD SoAd/SoAd_PBcfg.o
LOAD Src/PduR.o
LOAD Src/main.o
LOAD Src/syscalls.o
LOAD Src/sysmem.o
LOAD Startup/startup_stm32f103c6tx.o
LOAD Stm32f103c6_Drivers/Stm32_F103C6_EXTI_driver.o
LOAD Stm32f103c6_Drivers/Stm32_F103C6_RCC_driver.o
LOAD Stm32f103c6_Drivers/Stm32_F103C6_USART_driver.o
LOAD Stm32f103c6_Drivers/Stm32_F103C6_gpio_driver.o
LOAD TcpIp/TcpIp.o
LOAD TcpIp/TcpIp_PbCfg.o
START GROUP
LOAD c:/st/stm32cubeide_1.4.0/stm32cubeide/plugins/com.st.stm32cube.ide.mcu.externaltools.gnu-tools-for-stm32.7-2018-q2-update.win32_1.4.0.202007081208/tools/bin/../lib/gcc/arm-none-eabi/7.3.1/../../../../arm-none-eabi/lib/thumb/v7-m\libc_nano.a
LOAD c:/st/stm32cubeide_1.4.0/stm32cubeide/plugins/com.st.stm32cube.ide.mcu.externaltools.gnu-tools-for-stm32.7-2018-q2-update.win32_1.4.0.202007081208/tools/bin/../lib/gcc/arm-none-eabi/7.3.1/../../../../arm-none-eabi/lib/thumb/v7-m\libm.a
END GROUP
START GROUP
LOAD c:/st/stm32cubeide_1.4.0/stm32cubeide/plugins/com.st.stm32cube.ide.mcu.externaltools.gnu-tools-for-stm32.7-2018-q2-update.win32_1.4.0.202007081208/tools/bin/../lib/gcc/arm-none-eabi/7.3.1/thumb/v7-m\libgcc.a
LOAD c:/st/stm32cubeide_1.4.0/stm32cubeide/plugins/com.st.stm32cube.ide.mcu.externaltools.gnu-tools-for-stm32.7-2018-q2-update.win32_1.4.0.202007081208/tools/bin/../lib/gcc/arm-none-eabi/7.3.1/../../../../arm-none-eabi/lib/thumb/v7-m\libg_nano.a
LOAD c:/st/stm32cubeide_1.4.0/stm32cubeide/plugins/com.st.stm32cube.ide.mcu.externaltools.gnu-tools-for-stm32.7-2018-q2-update.win32_1.4.0.202007081208/tools/bin/../lib/gcc/arm-none-eabi/7.3.1/../../../../arm-none-eabi/lib/thumb/v7-m\libc_nano.a
END GROUP
START GROUP
LOAD c:/st/stm32cubeide_1.4.0/stm32cubeide/plugins/com.st.stm32cube.ide.mcu.externaltools.gnu-tools-for-stm32.7-2018-q2-update.win32_1.4.0.202007081208/tools/bin/../lib/gcc/arm-none-eabi/7.3.1/thumb/v7-m\libgcc.a
LOAD c:/st/stm32cubeide_1.4.0/stm32cubeide/plugins/com.st.stm32cube.ide.mcu.externaltools.gnu-tools-for-stm32.7-2018-q2-update.win32_1.4.0.202007081208/tools/bin/../lib/gcc/arm-none-eabi/7.3.1/../../../../arm-none-eabi/lib/thumb/v7-m\libc_nano.a
LOAD c:/st/stm32cubeide_1.4.0/stm32cubeide/plugins/com.st.stm32cube.ide.mcu.externaltools.gnu-tools-for-stm32.7-2018-q2-update.win32_1.4.0.202007081208/tools/bin/../lib/gcc/arm-none-eabi/7.3.1/../../../../arm-none-eabi/lib/thumb/v7-m\libnosys.a
END GROUP
START GROUP
LOAD c:/st/stm32cubeide_1.4.0/stm32cubeide/plugins/com.st.stm32cube.ide.mcu.externaltools.gnu-tools-for-stm32.7-2018-q2-update.win32_1.4.0.202007081208/tools/bin/../lib/gcc/arm-none-eabi/7.3.1/thumb/v7-m\libgcc.a
LOAD c:/st/stm32cubeide_1.4.0/stm32cubeide/plugins/com.st.stm32cube.ide.mcu.externaltools.gnu-tools-for-stm32.7-2018-q2-update.win32_1.4.0.202007081208/tools/bin/../lib/gcc/arm-none-eabi/7.3.1/../../../../arm-none-eabi/lib/thumb/v7-m\libc_nano.a
LOAD c:/st/stm32cubeide_1.4.0/stm32cubeide/plugins/com.st.stm32cube.ide.mcu.externaltools.gnu-tools-for-stm32.7-2018-q2-update.win32_1.4.0.202007081208/tools/bin/../lib/gcc/arm-none-eabi/7.3.1/../../../../arm-none-eabi/lib/thumb/v7-m\libnosys.a
END GROUP
LOAD c:/st/stm32cubeide_1.4.0/stm32cubeide/plugins/com.st.stm32cube.ide.mcu.externaltools.gnu-tools-for-stm32.7-2018-q2-update.win32_1.4.0.202007081208/tools/bin/../lib/gcc/arm-none-eabi/7.3.1/thumb/v7-m/crtend.o
LOAD c:/st/stm32cubeide_1.4.0/stm32cubeide/plugins/com.st.stm32cube.ide.mcu.externaltools.gnu-tools-for-stm32.7-2018-q2-update.win32_1.4.0.202007081208/tools/bin/../lib/gcc/arm-none-eabi/7.3.1/thumb/v7-m/crtn.o
                0x0000000020002800                _estack = (ORIGIN (RAM) + LENGTH (RAM))
                0x0000000000000200                _Min_Heap_Size = 0x200
                0x0000000000000400                _Min_Stack_Size = 0x400

.isr_vector     0x0000000008000000      0x130
                0x0000000008000000                . = ALIGN (0x4)
 *(.isr_vector)
 .isr_vector    0x0000000008000000      0x130 Startup/startup_stm32f103c6tx.o
                0x0000000008000000                g_pfnVectors
                0x0000000008000130                . = ALIGN (0x4)

.text           0x0000000008000130     0x23c8
                0x0000000008000130                . = ALIGN (0x4)
 *(.text)
 .text          0x0000000008000130       0x40 c:/st/stm32cubeide_1.4.0/stm32cubeide/plugins/com.st.stm32cube.ide.mcu.externaltools.gnu-tools-for-stm32.7-2018-q2-update.win32_1.4.0.202007081208/tools/bin/../lib/gcc/arm-none-eabi/7.3.1/thumb/v7-m/crtbegin.o
 *(.text*)
 .text.EthIf_ProvideTxBuffer
                0x0000000008000170       0x44 EthIf/EthIf.o
                0x0000000008000170                EthIf_ProvideTxBuffer
 .text.EthIf_Transmit
                0x00000000080001b4       0x70 EthIf/EthIf.o
                0x00000000080001b4                EthIf_Transmit
 .text.SoAd_Init
                0x0000000008000224       0x7c SoAd/SoAd.o
                0x0000000008000224                SoAd_Init
 .text.SoAd_OpenSoCon
                0x00000000080002a0       0x60 SoAd/SoAd.o
                0x00000000080002a0                SoAd_OpenSoCon
 .text.SoAd_MainFunction
                0x0000000008000300      0x1cc SoAd/SoAd.o
                0x0000000008000300                SoAd_MainFunction
 .text.SoAd_TcpAccepted
                0x00000000080004cc       0x80 SoAd/SoAd.o
                0x00000000080004cc                SoAd_TcpAccepted
 .text.SoAd_TcpConnected
                0x000000000800054c       0x78 SoAd/SoAd.o
                0x000000000800054c                SoAd_TcpConnected
 .text.SoAd_TxConfirmation
                0x00000000080005c4       0x6c SoAd/SoAd.o
                0x00000000080005c4                SoAd_TxConfirmation
 .text.ExtractDataTo_SoAdBuffer
                0x0000000008000630       0xb4 SoAd/SoAd.o
                0x0000000008000630                ExtractDataTo_SoAdBuffer
 .text.SoAd_RxIndication
                0x00000000080006e4       0xe0 SoAd/SoAd.o
                0x00000000080006e4                SoAd_RxIndication
 .text.PduR_SoAdIfRxIndication
                0x00000000080007c4       0x16 Src/PduR.o
                0x00000000080007c4                PduR_SoAdIfRxIndication
 .text.PduR_SoAdIfTxConfirmation
                0x00000000080007da       0x1a Src/PduR.o
                0x00000000080007da                PduR_SoAdIfTxConfirmation
 .text.PduR_SoConModeChg
                0x00000000080007f4       0x28 Src/PduR.o
                0x00000000080007f4                PduR_SoConModeChg
 .text.callback
                0x000000000800081c       0xa0 Src/main.o
                0x000000000800081c                callback
 .text.main     0x00000000080008bc       0xa4 Src/main.o
                0x00000000080008bc                main
 .text._sbrk    0x0000000008000960       0x6c Src/sysmem.o
                0x0000000008000960                _sbrk
 .text.Reset_Handler
                0x00000000080009cc       0x50 Startup/startup_stm32f103c6tx.o
                0x00000000080009cc                Reset_Handler
 .text.Default_Handler
                0x0000000008000a1c        0x2 Startup/startup_stm32f103c6tx.o
                0x0000000008000a1c                TIM8_TRG_COM_IRQHandler
                0x0000000008000a1c                TIM8_CC_IRQHandler
                0x0000000008000a1c                DebugMon_Handler
                0x0000000008000a1c                TIM1_CC_IRQHandler
                0x0000000008000a1c                HardFault_Handler
                0x0000000008000a1c                TIM6_IRQHandler
                0x0000000008000a1c                SysTick_Handler
                0x0000000008000a1c                PVD_IRQHandler
                0x0000000008000a1c                SDIO_IRQHandler
                0x0000000008000a1c                PendSV_Handler
                0x0000000008000a1c                NMI_Handler
                0x0000000008000a1c                USB_HP_CAN_TX_IRQHandler
                0x0000000008000a1c                I2C2_EV_IRQHandler
                0x0000000008000a1c                UsageFault_Handler
                0x0000000008000a1c                ADC1_2_IRQHandler
                0x0000000008000a1c                SPI1_IRQHandler
                0x0000000008000a1c                CAN_SCE_IRQHandler
                0x0000000008000a1c                TAMPER_IRQHandler
                0x0000000008000a1c                TIM8_UP_IRQHandler
                0x0000000008000a1c                DMA2_Channel2_IRQHandler
                0x0000000008000a1c                DMA1_Channel4_IRQHandler
                0x0000000008000a1c                RTC_IRQHandler
                0x0000000008000a1c                DMA1_Channel7_IRQHandler
                0x0000000008000a1c                UART5_IRQHandler
                0x0000000008000a1c                ADC3_IRQHandler
                0x0000000008000a1c                TIM4_IRQHandler
                0x0000000008000a1c                CAN_RX1_IRQHandler
                0x0000000008000a1c                DMA2_Channel1_IRQHandler
                0x0000000008000a1c                I2C1_EV_IRQHandler
                0x0000000008000a1c                DMA1_Channel6_IRQHandler
                0x0000000008000a1c                UART4_IRQHandler
                0x0000000008000a1c                TIM3_IRQHandler
                0x0000000008000a1c                RCC_IRQHandler
                0x0000000008000a1c                TIM1_TRG_COM_IRQHandler
                0x0000000008000a1c                DMA1_Channel1_IRQHandler
                0x0000000008000a1c                Default_Handler
                0x0000000008000a1c                TIM7_IRQHandler
                0x0000000008000a1c                TIM5_IRQHandler
                0x0000000008000a1c                SPI2_IRQHandler
                0x0000000008000a1c                USB_LP_CAN_RX0_IRQHandler
                0x0000000008000a1c                MemManage_Handler
                0x0000000008000a1c                SVC_Handler
                0x0000000008000a1c                DMA1_Channel5_IRQHandler
                0x0000000008000a1c                DMA1_Channel3_IRQHandler
                0x0000000008000a1c                FSMC_IRQHandler
                0x0000000008000a1c                TIM1_UP_IRQHandler
                0x0000000008000a1c                WWDG_IRQHandler
                0x0000000008000a1c                TIM2_IRQHandler
                0x0000000008000a1c                TIM1_BRK_IRQHandler
                0x0000000008000a1c                RTCAlarm_IRQHandler
                0x0000000008000a1c                DMA2_Channel4_5_IRQHandler
                0x0000000008000a1c                I2C2_ER_IRQHandler
                0x0000000008000a1c                DMA1_Channel2_IRQHandler
                0x0000000008000a1c                TIM8_BRK_IRQHandler
                0x0000000008000a1c                FLASH_IRQHandler
                0x0000000008000a1c                BusFault_Handler
                0x0000000008000a1c                SPI3_IRQHandler
                0x0000000008000a1c                I2C1_ER_IRQHandler
                0x0000000008000a1c                DMA2_Channel3_IRQHandler
 *fill*         0x0000000008000a1e        0x2 
 .text.EXTI0_IRQHandler
                0x0000000008000a20       0x24 Stm32f103c6_Drivers/Stm32_F103C6_EXTI_driver.o
                0x0000000008000a20                EXTI0_IRQHandler
 .text.EXTI1_IRQHandler
                0x0000000008000a44       0x24 Stm32f103c6_Drivers/Stm32_F103C6_EXTI_driver.o
                0x0000000008000a44                EXTI1_IRQHandler
 .text.EXTI2_IRQHandler
                0x0000000008000a68       0x24 Stm32f103c6_Drivers/Stm32_F103C6_EXTI_driver.o
                0x0000000008000a68                EXTI2_IRQHandler
 .text.EXTI3_IRQHandler
                0x0000000008000a8c       0x24 Stm32f103c6_Drivers/Stm32_F103C6_EXTI_driver.o
                0x0000000008000a8c                EXTI3_IRQHandler
 .text.EXTI4_IRQHandler
                0x0000000008000ab0       0x24 Stm32f103c6_Drivers/Stm32_F103C6_EXTI_driver.o
                0x0000000008000ab0                EXTI4_IRQHandler
 .text.EXTI9_5_IRQHandler
                0x0000000008000ad4       0xa8 Stm32f103c6_Drivers/Stm32_F103C6_EXTI_driver.o
                0x0000000008000ad4                EXTI9_5_IRQHandler
 .text.EXTI15_10_IRQHandler
                0x0000000008000b7c       0xc4 Stm32f103c6_Drivers/Stm32_F103C6_EXTI_driver.o
                0x0000000008000b7c                EXTI15_10_IRQHandler
 .text.MCAL_RCC_GetSYS_CLKFreq
                0x0000000008000c40       0x3c Stm32f103c6_Drivers/Stm32_F103C6_RCC_driver.o
                0x0000000008000c40                MCAL_RCC_GetSYS_CLKFreq
 .text.MCAL_RCC_GetHCLKFreq
                0x0000000008000c7c       0x28 Stm32f103c6_Drivers/Stm32_F103C6_RCC_driver.o
                0x0000000008000c7c                MCAL_RCC_GetHCLKFreq
 .text.MCAL_RCC_GetPCLK1Freq
                0x0000000008000ca4       0x28 Stm32f103c6_Drivers/Stm32_F103C6_RCC_driver.o
                0x0000000008000ca4                MCAL_RCC_GetPCLK1Freq
 .text.MCAL_RCC_GetPCLK2Freq
                0x0000000008000ccc       0x28 Stm32f103c6_Drivers/Stm32_F103C6_RCC_driver.o
                0x0000000008000ccc                MCAL_RCC_GetPCLK2Freq
 .text.MCAL_USART_Init
                0x0000000008000cf4      0x184 Stm32f103c6_Drivers/Stm32_F103C6_USART_driver.o
                0x0000000008000cf4                MCAL_USART_Init
 .text.MCAL_USART_GPIO_Set_Pins
                0x0000000008000e78       0x50 Stm32f103c6_Drivers/Stm32_F103C6_USART_driver.o
                0x0000000008000e78                MCAL_USART_GPIO_Set_Pins
 .text.MCAL_USART_SendData
                0x0000000008000ec8       0x36 Stm32f103c6_Drivers/Stm32_F103C6_USART_driver.o
                0x0000000008000ec8                MCAL_USART_SendData
 *fill*         0x0000000008000efe        0x2 
 .text.MCAL_USART_RecieveData
                0x0000000008000f00       0x5c Stm32f103c6_Drivers/Stm32_F103C6_USART_driver.o
                0x0000000008000f00                MCAL_USART_RecieveData
 .text.USART1_IRQHandler
                0x0000000008000f5c       0x14 Stm32f103c6_Drivers/Stm32_F103C6_USART_driver.o
                0x0000000008000f5c                USART1_IRQHandler
 .text.USART2_IRQHandler
                0x0000000008000f70       0x14 Stm32f103c6_Drivers/Stm32_F103C6_USART_driver.o
                0x0000000008000f70                USART2_IRQHandler
 .text.USART3_IRQHandler
                0x0000000008000f84       0x14 Stm32f103c6_Drivers/Stm32_F103C6_USART_driver.o
                0x0000000008000f84                USART3_IRQHandler
 .text.Get_CRLH_Position
                0x0000000008000f98       0xc6 Stm32f103c6_Drivers/Stm32_F103C6_gpio_driver.o
                0x0000000008000f98                Get_CRLH_Position
 .text.MCAL_GPIO_Init
                0x000000000800105e      0x154 Stm32f103c6_Drivers/Stm32_F103C6_gpio_driver.o
                0x000000000800105e                MCAL_GPIO_Init
 .text.MCAL_GPIO_WritePin
                0x00000000080011b2       0x3c Stm32f103c6_Drivers/Stm32_F103C6_gpio_driver.o
                0x00000000080011b2                MCAL_GPIO_WritePin
 *fill*         0x00000000080011ee        0x2 
 .text.getAvailableSocket
                0x00000000080011f0       0x48 TcpIp/TcpIp.o
 .text.TcpIp_GetPacket_Header
                0x0000000008001238       0xf0 TcpIp/TcpIp.o
 .text.TcpIp_DecodePacket
                0x0000000008001328       0xe0 TcpIp/TcpIp.o
 .text.TcpIp_EthIf_CopyToBuffer
                0x0000000008001408       0x40 TcpIp/TcpIp.o
 .text.TcpIp_SoAdGetSocket
                0x0000000008001448       0xcc TcpIp/TcpIp.o
                0x0000000008001448                TcpIp_SoAdGetSocket
 .text.TcpIp_Bind
                0x0000000008001514       0x54 TcpIp/TcpIp.o
                0x0000000008001514                TcpIp_Bind
 .text.TcpIp_TcpConnect
                0x0000000008001568      0x14c TcpIp/TcpIp.o
                0x0000000008001568                TcpIp_TcpConnect
 .text.TcpIp_TcpListen
                0x00000000080016b4       0x7c TcpIp/TcpIp.o
                0x00000000080016b4                TcpIp_TcpListen
 .text.TcpIp_MainFunction
                0x0000000008001730      0x64c TcpIp/TcpIp.o
                0x0000000008001730                TcpIp_MainFunction
 .text.TcpIp_RxIndication
                0x0000000008001d7c      0x524 TcpIp/TcpIp.o
                0x0000000008001d7c                TcpIp_RxIndication
 .text.TcpIp_TcpReceived
                0x00000000080022a0       0x30 TcpIp/TcpIp.o
                0x00000000080022a0                TcpIp_TcpReceived
 .text.calloc   0x00000000080022d0       0x10 c:/st/stm32cubeide_1.4.0/stm32cubeide/plugins/com.st.stm32cube.ide.mcu.externaltools.gnu-tools-for-stm32.7-2018-q2-update.win32_1.4.0.202007081208/tools/bin/../lib/gcc/arm-none-eabi/7.3.1/../../../../arm-none-eabi/lib/thumb/v7-m\libc_nano.a(lib_a-calloc.o)
                0x00000000080022d0                calloc
 .text.__errno  0x00000000080022e0        0xc c:/st/stm32cubeide_1.4.0/stm32cubeide/plugins/com.st.stm32cube.ide.mcu.externaltools.gnu-tools-for-stm32.7-2018-q2-update.win32_1.4.0.202007081208/tools/bin/../lib/gcc/arm-none-eabi/7.3.1/../../../../arm-none-eabi/lib/thumb/v7-m\libc_nano.a(lib_a-errno.o)
                0x00000000080022e0                __errno
 .text.__libc_init_array
                0x00000000080022ec       0x48 c:/st/stm32cubeide_1.4.0/stm32cubeide/plugins/com.st.stm32cube.ide.mcu.externaltools.gnu-tools-for-stm32.7-2018-q2-update.win32_1.4.0.202007081208/tools/bin/../lib/gcc/arm-none-eabi/7.3.1/../../../../arm-none-eabi/lib/thumb/v7-m\libc_nano.a(lib_a-init.o)
                0x00000000080022ec                __libc_init_array
 .text.free     0x0000000008002334       0x10 c:/st/stm32cubeide_1.4.0/stm32cubeide/plugins/com.st.stm32cube.ide.mcu.externaltools.gnu-tools-for-stm32.7-2018-q2-update.win32_1.4.0.202007081208/tools/bin/../lib/gcc/arm-none-eabi/7.3.1/../../../../arm-none-eabi/lib/thumb/v7-m\libc_nano.a(lib_a-malloc.o)
                0x0000000008002334                free
 .text.memset   0x0000000008002344       0x10 c:/st/stm32cubeide_1.4.0/stm32cubeide/plugins/com.st.stm32cube.ide.mcu.externaltools.gnu-tools-for-stm32.7-2018-q2-update.win32_1.4.0.202007081208/tools/bin/../lib/gcc/arm-none-eabi/7.3.1/../../../../arm-none-eabi/lib/thumb/v7-m\libc_nano.a(lib_a-memset.o)
                0x0000000008002344                memset
 .text._calloc_r
                0x0000000008002354       0x1c c:/st/stm32cubeide_1.4.0/stm32cubeide/plugins/com.st.stm32cube.ide.mcu.externaltools.gnu-tools-for-stm32.7-2018-q2-update.win32_1.4.0.202007081208/tools/bin/../lib/gcc/arm-none-eabi/7.3.1/../../../../arm-none-eabi/lib/thumb/v7-m\libc_nano.a(lib_a-nano-callocr.o)
                0x0000000008002354                _calloc_r
 .text._free_r  0x0000000008002370       0x98 c:/st/stm32cubeide_1.4.0/stm32cubeide/plugins/com.st.stm32cube.ide.mcu.externaltools.gnu-tools-for-stm32.7-2018-q2-update.win32_1.4.0.202007081208/tools/bin/../lib/gcc/arm-none-eabi/7.3.1/../../../../arm-none-eabi/lib/thumb/v7-m\libc_nano.a(lib_a-nano-freer.o)
                0x0000000008002370                _free_r
 .text._malloc_r
                0x0000000008002408       0xb4 c:/st/stm32cubeide_1.4.0/stm32cubeide/plugins/com.st.stm32cube.ide.mcu.externaltools.gnu-tools-for-stm32.7-2018-q2-update.win32_1.4.0.202007081208/tools/bin/../lib/gcc/arm-none-eabi/7.3.1/../../../../arm-none-eabi/lib/thumb/v7-m\libc_nano.a(lib_a-nano-mallocr.o)
                0x0000000008002408                _malloc_r
 .text._sbrk_r  0x00000000080024bc       0x20 c:/st/stm32cubeide_1.4.0/stm32cubeide/plugins/com.st.stm32cube.ide.mcu.externaltools.gnu-tools-for-stm32.7-2018-q2-update.win32_1.4.0.202007081208/tools/bin/../lib/gcc/arm-none-eabi/7.3.1/../../../../arm-none-eabi/lib/thumb/v7-m\libc_nano.a(lib_a-sbrkr.o)
                0x00000000080024bc                _sbrk_r
 .text.__malloc_lock
                0x00000000080024dc        0x2 c:/st/stm32cubeide_1.4.0/stm32cubeide/plugins/com.st.stm32cube.ide.mcu.externaltools.gnu-tools-for-stm32.7-2018-q2-update.win32_1.4.0.202007081208/tools/bin/../lib/gcc/arm-none-eabi/7.3.1/../../../../arm-none-eabi/lib/thumb/v7-m\libc_nano.a(lib_a-mlock.o)
                0x00000000080024dc                __malloc_lock
 .text.__malloc_unlock
                0x00000000080024de        0x2 c:/st/stm32cubeide_1.4.0/stm32cubeide/plugins/com.st.stm32cube.ide.mcu.externaltools.gnu-tools-for-stm32.7-2018-q2-update.win32_1.4.0.202007081208/tools/bin/../lib/gcc/arm-none-eabi/7.3.1/../../../../arm-none-eabi/lib/thumb/v7-m\libc_nano.a(lib_a-mlock.o)
                0x00000000080024de                __malloc_unlock
 *(.glue_7)
 .glue_7        0x00000000080024e0        0x0 linker stubs
 *(.glue_7t)
 .glue_7t       0x00000000080024e0        0x0 linker stubs
 *(.eh_frame)
 .eh_frame      0x00000000080024e0        0x0 c:/st/stm32cubeide_1.4.0/stm32cubeide/plugins/com.st.stm32cube.ide.mcu.externaltools.gnu-tools-for-stm32.7-2018-q2-update.win32_1.4.0.202007081208/tools/bin/../lib/gcc/arm-none-eabi/7.3.1/thumb/v7-m/crtbegin.o
 *(.init)
 .init          0x00000000080024e0        0x4 c:/st/stm32cubeide_1.4.0/stm32cubeide/plugins/com.st.stm32cube.ide.mcu.externaltools.gnu-tools-for-stm32.7-2018-q2-update.win32_1.4.0.202007081208/tools/bin/../lib/gcc/arm-none-eabi/7.3.1/thumb/v7-m/crti.o
                0x00000000080024e0                _init
 .init          0x00000000080024e4        0x8 c:/st/stm32cubeide_1.4.0/stm32cubeide/plugins/com.st.stm32cube.ide.mcu.externaltools.gnu-tools-for-stm32.7-2018-q2-update.win32_1.4.0.202007081208/tools/bin/../lib/gcc/arm-none-eabi/7.3.1/thumb/v7-m/crtn.o
 *(.fini)
 .fini          0x00000000080024ec        0x4 c:/st/stm32cubeide_1.4.0/stm32cubeide/plugins/com.st.stm32cube.ide.mcu.externaltools.gnu-tools-for-stm32.7-2018-q2-update.win32_1.4.0.202007081208/tools/bin/../lib/gcc/arm-none-eabi/7.3.1/thumb/v7-m/crti.o
                0x00000000080024ec                _fini
 .fini          0x00000000080024f0        0x8 c:/st/stm32cubeide_1.4.0/stm32cubeide/plugins/com.st.stm32cube.ide.mcu.externaltools.gnu-tools-for-stm32.7-2018-q2-update.win32_1.4.0.202007081208/tools/bin/../lib/gcc/arm-none-eabi/7.3.1/thumb/v7-m/crtn.o
                0x00000000080024f8                . = ALIGN (0x4)
                0x00000000080024f8                _etext = .

.vfp11_veneer   0x00000000080024f8        0x0
 .vfp11_veneer  0x00000000080024f8        0x0 linker stubs

.v4_bx          0x00000000080024f8        0x0
 .v4_bx         0x00000000080024f8        0x0 linker stubs

.iplt           0x00000000080024f8        0x0
 .iplt          0x00000000080024f8        0x0 c:/st/stm32cubeide_1.4.0/stm32cubeide/plugins/com.st.stm32cube.ide.mcu.externaltools.gnu-tools-for-stm32.7-2018-q2-update.win32_1.4.0.202007081208/tools/bin/../lib/gcc/arm-none-eabi/7.3.1/thumb/v7-m/crtbegin.o

.rodata         0x00000000080024f8       0x18
                0x00000000080024f8                . = ALIGN (0x4)
 *(.rodata)
 *(.rodata*)
 .rodata.APBPrescTable
                0x00000000080024f8        0x8 Stm32f103c6_Drivers/Stm32_F103C6_RCC_driver.o
                0x00000000080024f8                APBPrescTable
 .rodata.AHBPrescTable
                0x0000000008002500       0x10 Stm32f103c6_Drivers/Stm32_F103C6_RCC_driver.o
                0x0000000008002500                AHBPrescTable
                0x0000000008002510                . = ALIGN (0x4)

.rel.dyn        0x0000000008002510        0x0
 .rel.iplt      0x0000000008002510        0x0 c:/st/stm32cubeide_1.4.0/stm32cubeide/plugins/com.st.stm32cube.ide.mcu.externaltools.gnu-tools-for-stm32.7-2018-q2-update.win32_1.4.0.202007081208/tools/bin/../lib/gcc/arm-none-eabi/7.3.1/thumb/v7-m/crtbegin.o

.ARM.extab      0x0000000008002510        0x0
                0x0000000008002510                . = ALIGN (0x4)
 *(.ARM.extab* .gnu.linkonce.armextab.*)
                0x0000000008002510                . = ALIGN (0x4)

.ARM            0x0000000008002510        0x0
                0x0000000008002510                . = ALIGN (0x4)
                0x0000000008002510                __exidx_start = .
 *(.ARM.exidx*)
                0x0000000008002510                __exidx_end = .
                0x0000000008002510                . = ALIGN (0x4)

.preinit_array  0x0000000008002510        0x0
                0x0000000008002510                . = ALIGN (0x4)
                0x0000000008002510                PROVIDE (__preinit_array_start = .)
 *(.preinit_array*)
                0x0000000008002510                PROVIDE (__preinit_array_end = .)
                0x0000000008002510                . = ALIGN (0x4)

.init_array     0x0000000008002510        0x4
                0x0000000008002510                . = ALIGN (0x4)
                0x0000000008002510                PROVIDE (__init_array_start = .)
 *(SORT_BY_NAME(.init_array.*))
 *(.init_array*)
 .init_array    0x0000000008002510        0x4 c:/st/stm32cubeide_1.4.0/stm32cubeide/plugins/com.st.stm32cube.ide.mcu.externaltools.gnu-tools-for-stm32.7-2018-q2-update.win32_1.4.0.202007081208/tools/bin/../lib/gcc/arm-none-eabi/7.3.1/thumb/v7-m/crtbegin.o
                0x0000000008002514                PROVIDE (__init_array_end = .)
                0x0000000008002514                . = ALIGN (0x4)

.fini_array     0x0000000008002514        0x4
                0x0000000008002514                . = ALIGN (0x4)
                [!provide]                        PROVIDE (__fini_array_start = .)
 *(SORT_BY_NAME(.fini_array.*))
 *(.fini_array*)
 .fini_array    0x0000000008002514        0x4 c:/st/stm32cubeide_1.4.0/stm32cubeide/plugins/com.st.stm32cube.ide.mcu.externaltools.gnu-tools-for-stm32.7-2018-q2-update.win32_1.4.0.202007081208/tools/bin/../lib/gcc/arm-none-eabi/7.3.1/thumb/v7-m/crtbegin.o
                [!provide]                        PROVIDE (__fini_array_end = .)
                0x0000000008002518                . = ALIGN (0x4)
                0x0000000008002518                _sidata = LOADADDR (.data)

.data           0x0000000020000000       0x90 load address 0x0000000008002518
                0x0000000020000000                . = ALIGN (0x4)
                0x0000000020000000                _sdata = .
 *(.data)
 *(.data*)
 .data.SoAdConfigPtr
                0x0000000020000000       0x2c SoAd/SoAd_PBcfg.o
                0x0000000020000000                SoAdConfigPtr
 .data._impure_ptr
                0x000000002000002c        0x4 c:/st/stm32cubeide_1.4.0/stm32cubeide/plugins/com.st.stm32cube.ide.mcu.externaltools.gnu-tools-for-stm32.7-2018-q2-update.win32_1.4.0.202007081208/tools/bin/../lib/gcc/arm-none-eabi/7.3.1/../../../../arm-none-eabi/lib/thumb/v7-m\libc_nano.a(lib_a-impure.o)
                0x000000002000002c                _impure_ptr
 .data.impure_data
                0x0000000020000030       0x60 c:/st/stm32cubeide_1.4.0/stm32cubeide/plugins/com.st.stm32cube.ide.mcu.externaltools.gnu-tools-for-stm32.7-2018-q2-update.win32_1.4.0.202007081208/tools/bin/../lib/gcc/arm-none-eabi/7.3.1/../../../../arm-none-eabi/lib/thumb/v7-m\libc_nano.a(lib_a-impure.o)
                0x0000000020000090                . = ALIGN (0x4)
                0x0000000020000090                _edata = .

.igot.plt       0x0000000020000090        0x0 load address 0x00000000080025a8
 .igot.plt      0x0000000020000090        0x0 c:/st/stm32cubeide_1.4.0/stm32cubeide/plugins/com.st.stm32cube.ide.mcu.externaltools.gnu-tools-for-stm32.7-2018-q2-update.win32_1.4.0.202007081208/tools/bin/../lib/gcc/arm-none-eabi/7.3.1/thumb/v7-m/crtbegin.o
                0x0000000020000090                . = ALIGN (0x4)

.bss            0x0000000020000090     0x131c load address 0x00000000080025a8
                0x0000000020000090                _sbss = .
                0x0000000020000090                __bss_start__ = _sbss
 *(.bss)
 .bss           0x0000000020000090       0x1c c:/st/stm32cubeide_1.4.0/stm32cubeide/plugins/com.st.stm32cube.ide.mcu.externaltools.gnu-tools-for-stm32.7-2018-q2-update.win32_1.4.0.202007081208/tools/bin/../lib/gcc/arm-none-eabi/7.3.1/thumb/v7-m/crtbegin.o
 *(.bss*)
 .bss.g_counter
                0x00000000200000ac        0x1 Src/main.o
                0x00000000200000ac                g_counter
 *fill*         0x00000000200000ad        0x3 
 .bss.buff      0x00000000200000b0       0x28 Src/main.o
                0x00000000200000b0                buff
 .bss.handshaking
                0x00000000200000d8        0x1 Src/main.o
                0x00000000200000d8                handshaking
 *fill*         0x00000000200000d9        0x3 
 .bss.__sbrk_heap_end
                0x00000000200000dc        0x4 Src/sysmem.o
 .bss.Global_USART_Config
                0x00000000200000e0        0x4 Stm32f103c6_Drivers/Stm32_F103C6_USART_driver.o
                0x00000000200000e0                Global_USART_Config
 .bss.TcpIpBuffer
                0x00000000200000e4      0xbd0 TcpIp/TcpIp.o
 .bss.socket_list
                0x0000000020000cb4       0x70 TcpIp/TcpIp_PbCfg.o
                0x0000000020000cb4                socket_list
 .bss.__malloc_free_list
                0x0000000020000d24        0x4 c:/st/stm32cubeide_1.4.0/stm32cubeide/plugins/com.st.stm32cube.ide.mcu.externaltools.gnu-tools-for-stm32.7-2018-q2-update.win32_1.4.0.202007081208/tools/bin/../lib/gcc/arm-none-eabi/7.3.1/../../../../arm-none-eabi/lib/thumb/v7-m\libc_nano.a(lib_a-nano-mallocr.o)
                0x0000000020000d24                __malloc_free_list
 .bss.__malloc_sbrk_start
                0x0000000020000d28        0x4 c:/st/stm32cubeide_1.4.0/stm32cubeide/plugins/com.st.stm32cube.ide.mcu.externaltools.gnu-tools-for-stm32.7-2018-q2-update.win32_1.4.0.202007081208/tools/bin/../lib/gcc/arm-none-eabi/7.3.1/../../../../arm-none-eabi/lib/thumb/v7-m\libc_nano.a(lib_a-nano-mallocr.o)
                0x0000000020000d28                __malloc_sbrk_start
 *(COMMON)
 COMMON         0x0000000020000d2c        0x4 EthIf/EthIf.o
                0x0000000020000d2c                buffer
 COMMON         0x0000000020000d30      0x638 SoAd/SoAd.o
                0x0000000020000d30                SoadSocketsConfig
 COMMON         0x0000000020001368        0x1 Src/main.o
                0x0000000020001368                x
 *fill*         0x0000000020001369        0x3 
 COMMON         0x000000002000136c       0x3c Stm32f103c6_Drivers/Stm32_F103C6_EXTI_driver.o
                0x000000002000136c                GP_IRQ_CallBack
 COMMON         0x00000000200013a8        0x4 c:/st/stm32cubeide_1.4.0/stm32cubeide/plugins/com.st.stm32cube.ide.mcu.externaltools.gnu-tools-for-stm32.7-2018-q2-update.win32_1.4.0.202007081208/tools/bin/../lib/gcc/arm-none-eabi/7.3.1/../../../../arm-none-eabi/lib/thumb/v7-m\libc_nano.a(lib_a-reent.o)
                0x00000000200013a8                errno
                0x00000000200013ac                . = ALIGN (0x4)
                0x00000000200013ac                _ebss = .
                0x00000000200013ac                __bss_end__ = _ebss

._user_heap_stack
                0x00000000200013ac      0x604 load address 0x00000000080025a8
                0x00000000200013b0                . = ALIGN (0x8)
 *fill*         0x00000000200013ac        0x4 
                [!provide]                        PROVIDE (end = .)
                0x00000000200013b0                PROVIDE (_end = .)
                0x00000000200015b0                . = (. + _Min_Heap_Size)
 *fill*         0x00000000200013b0      0x200 
                0x00000000200019b0                . = (. + _Min_Stack_Size)
 *fill*         0x00000000200015b0      0x400 
                0x00000000200019b0                . = ALIGN (0x8)

/DISCARD/
 libc.a(*)
 libm.a(*)
 libgcc.a(*)

.ARM.attributes
                0x0000000000000000       0x29
 *(.ARM.attributes)
 .ARM.attributes
                0x0000000000000000       0x1d c:/st/stm32cubeide_1.4.0/stm32cubeide/plugins/com.st.stm32cube.ide.mcu.externaltools.gnu-tools-for-stm32.7-2018-q2-update.win32_1.4.0.202007081208/tools/bin/../lib/gcc/arm-none-eabi/7.3.1/thumb/v7-m/crti.o
 .ARM.attributes
                0x000000000000001d       0x2d c:/st/stm32cubeide_1.4.0/stm32cubeide/plugins/com.st.stm32cube.ide.mcu.externaltools.gnu-tools-for-stm32.7-2018-q2-update.win32_1.4.0.202007081208/tools/bin/../lib/gcc/arm-none-eabi/7.3.1/thumb/v7-m/crtbegin.o
 .ARM.attributes
                0x000000000000004a       0x33 EthIf/EthIf.o
 .ARM.attributes
                0x000000000000007d       0x33 SoAd/SoAd.o
 .ARM.attributes
                0x00000000000000b0       0x33 SoAd/SoAd_PBcfg.o
 .ARM.attributes
                0x00000000000000e3       0x33 Src/PduR.o
 .ARM.attributes
                0x0000000000000116       0x33 Src/main.o
 .ARM.attributes
                0x0000000000000149       0x33 Src/sysmem.o
 .ARM.attributes
                0x000000000000017c       0x21 Startup/startup_stm32f103c6tx.o
 .ARM.attributes
                0x000000000000019d       0x33 Stm32f103c6_Drivers/Stm32_F103C6_EXTI_driver.o
 .ARM.attributes
                0x00000000000001d0       0x33 Stm32f103c6_Drivers/Stm32_F103C6_RCC_driver.o
 .ARM.attributes
                0x0000000000000203       0x33 Stm32f103c6_Drivers/Stm32_F103C6_USART_driver.o
 .ARM.attributes
                0x0000000000000236       0x33 Stm32f103c6_Drivers/Stm32_F103C6_gpio_driver.o
 .ARM.attributes
                0x0000000000000269       0x33 TcpIp/TcpIp.o
 .ARM.attributes
                0x000000000000029c       0x33 TcpIp/TcpIp_PbCfg.o
 .ARM.attributes
                0x00000000000002cf       0x2d c:/st/stm32cubeide_1.4.0/stm32cubeide/plugins/com.st.stm32cube.ide.mcu.externaltools.gnu-tools-for-stm32.7-2018-q2-update.win32_1.4.0.202007081208/tools/bin/../lib/gcc/arm-none-eabi/7.3.1/../../../../arm-none-eabi/lib/thumb/v7-m\libc_nano.a(lib_a-calloc.o)
 .ARM.attributes
                0x00000000000002fc       0x2d c:/st/stm32cubeide_1.4.0/stm32cubeide/plugins/com.st.stm32cube.ide.mcu.externaltools.gnu-tools-for-stm32.7-2018-q2-update.win32_1.4.0.202007081208/tools/bin/../lib/gcc/arm-none-eabi/7.3.1/../../../../arm-none-eabi/lib/thumb/v7-m\libc_nano.a(lib_a-errno.o)
 .ARM.attributes
                0x0000000000000329       0x2d c:/st/stm32cubeide_1.4.0/stm32cubeide/plugins/com.st.stm32cube.ide.mcu.externaltools.gnu-tools-for-stm32.7-2018-q2-update.win32_1.4.0.202007081208/tools/bin/../lib/gcc/arm-none-eabi/7.3.1/../../../../arm-none-eabi/lib/thumb/v7-m\libc_nano.a(lib_a-impure.o)
 .ARM.attributes
                0x0000000000000356       0x2d c:/st/stm32cubeide_1.4.0/stm32cubeide/plugins/com.st.stm32cube.ide.mcu.externaltools.gnu-tools-for-stm32.7-2018-q2-update.win32_1.4.0.202007081208/tools/bin/../lib/gcc/arm-none-eabi/7.3.1/../../../../arm-none-eabi/lib/thumb/v7-m\libc_nano.a(lib_a-init.o)
 .ARM.attributes
                0x0000000000000383       0x2d c:/st/stm32cubeide_1.4.0/stm32cubeide/plugins/com.st.stm32cube.ide.mcu.externaltools.gnu-tools-for-stm32.7-2018-q2-update.win32_1.4.0.202007081208/tools/bin/../lib/gcc/arm-none-eabi/7.3.1/../../../../arm-none-eabi/lib/thumb/v7-m\libc_nano.a(lib_a-malloc.o)
 .ARM.attributes
                0x00000000000003b0       0x2d c:/st/stm32cubeide_1.4.0/stm32cubeide/plugins/com.st.stm32cube.ide.mcu.externaltools.gnu-tools-for-stm32.7-2018-q2-update.win32_1.4.0.202007081208/tools/bin/../lib/gcc/arm-none-eabi/7.3.1/../../../../arm-none-eabi/lib/thumb/v7-m\libc_nano.a(lib_a-memset.o)
 .ARM.attributes
                0x00000000000003dd       0x2d c:/st/stm32cubeide_1.4.0/stm32cubeide/plugins/com.st.stm32cube.ide.mcu.externaltools.gnu-tools-for-stm32.7-2018-q2-update.win32_1.4.0.202007081208/tools/bin/../lib/gcc/arm-none-eabi/7.3.1/../../../../arm-none-eabi/lib/thumb/v7-m\libc_nano.a(lib_a-nano-callocr.o)
 .ARM.attributes
                0x000000000000040a       0x2d c:/st/stm32cubeide_1.4.0/stm32cubeide/plugins/com.st.stm32cube.ide.mcu.externaltools.gnu-tools-for-stm32.7-2018-q2-update.win32_1.4.0.202007081208/tools/bin/../lib/gcc/arm-none-eabi/7.3.1/../../../../arm-none-eabi/lib/thumb/v7-m\libc_nano.a(lib_a-nano-freer.o)
 .ARM.attributes
                0x0000000000000437       0x2d c:/st/stm32cubeide_1.4.0/stm32cubeide/plugins/com.st.stm32cube.ide.mcu.externaltools.gnu-tools-for-stm32.7-2018-q2-update.win32_1.4.0.202007081208/tools/bin/../lib/gcc/arm-none-eabi/7.3.1/../../../../arm-none-eabi/lib/thumb/v7-m\libc_nano.a(lib_a-nano-mallocr.o)
 .ARM.attributes
                0x0000000000000464       0x2d c:/st/stm32cubeide_1.4.0/stm32cubeide/plugins/com.st.stm32cube.ide.mcu.externaltools.gnu-tools-for-stm32.7-2018-q2-update.win32_1.4.0.202007081208/tools/bin/../lib/gcc/arm-none-eabi/7.3.1/../../../../arm-none-eabi/lib/thumb/v7-m\libc_nano.a(lib_a-sbrkr.o)
 .ARM.attributes
                0x0000000000000491       0x2d c:/st/stm32cubeide_1.4.0/stm32cubeide/plugins/com.st.stm32cube.ide.mcu.externaltools.gnu-tools-for-stm32.7-2018-q2-update.win32_1.4.0.202007081208/tools/bin/../lib/gcc/arm-none-eabi/7.3.1/../../../../arm-none-eabi/lib/thumb/v7-m\libc_nano.a(lib_a-mlock.o)
 .ARM.attributes
                0x00000000000004be       0x2d c:/st/stm32cubeide_1.4.0/stm32cubeide/plugins/com.st.stm32cube.ide.mcu.externaltools.gnu-tools-for-stm32.7-2018-q2-update.win32_1.4.0.202007081208/tools/bin/../lib/gcc/arm-none-eabi/7.3.1/../../../../arm-none-eabi/lib/thumb/v7-m\libc_nano.a(lib_a-reent.o)
 .ARM.attributes
                0x00000000000004eb       0x1d c:/st/stm32cubeide_1.4.0/stm32cubeide/plugins/com.st.stm32cube.ide.mcu.externaltools.gnu-tools-for-stm32.7-2018-q2-update.win32_1.4.0.202007081208/tools/bin/../lib/gcc/arm-none-eabi/7.3.1/thumb/v7-m/crtn.o
OUTPUT(SoAd_TcpIp_Client.elf elf32-littlearm)

.debug_info     0x0000000000000000     0x94fb
 .debug_info    0x0000000000000000      0xef2 EthIf/EthIf.o
 .debug_info    0x0000000000000ef2      0xb7a SoAd/SoAd.o
 .debug_info    0x0000000000001a6c      0x556 SoAd/SoAd_PBcfg.o
 .debug_info    0x0000000000001fc2     0x10a1 Src/PduR.o
 .debug_info    0x0000000000003063     0x124f Src/main.o
 .debug_info    0x00000000000042b2      0xa7c Src/sysmem.o
 .debug_info    0x0000000000004d2e       0x22 Startup/startup_stm32f103c6tx.o
 .debug_info    0x0000000000004d50      0xdb9 Stm32f103c6_Drivers/Stm32_F103C6_EXTI_driver.o
 .debug_info    0x0000000000005b09      0xb25 Stm32f103c6_Drivers/Stm32_F103C6_RCC_driver.o
 .debug_info    0x000000000000662e      0xe3f Stm32f103c6_Drivers/Stm32_F103C6_USART_driver.o
 .debug_info    0x000000000000746d      0xd22 Stm32f103c6_Drivers/Stm32_F103C6_gpio_driver.o
 .debug_info    0x000000000000818f      0xe6e TcpIp/TcpIp.o
 .debug_info    0x0000000000008ffd      0x4fe TcpIp/TcpIp_PbCfg.o

.debug_abbrev   0x0000000000000000     0x15b0
 .debug_abbrev  0x0000000000000000      0x206 EthIf/EthIf.o
 .debug_abbrev  0x0000000000000206      0x20b SoAd/SoAd.o
 .debug_abbrev  0x0000000000000411       0xcb SoAd/SoAd_PBcfg.o
 .debug_abbrev  0x00000000000004dc      0x1c0 Src/PduR.o
 .debug_abbrev  0x000000000000069c      0x232 Src/main.o
 .debug_abbrev  0x00000000000008ce      0x18e Src/sysmem.o
 .debug_abbrev  0x0000000000000a5c       0x12 Startup/startup_stm32f103c6tx.o
 .debug_abbrev  0x0000000000000a6e      0x228 Stm32f103c6_Drivers/Stm32_F103C6_EXTI_driver.o
 .debug_abbrev  0x0000000000000c96      0x19b Stm32f103c6_Drivers/Stm32_F103C6_RCC_driver.o
 .debug_abbrev  0x0000000000000e31      0x239 Stm32f103c6_Drivers/Stm32_F103C6_USART_driver.o
 .debug_abbrev  0x000000000000106a      0x1de Stm32f103c6_Drivers/Stm32_F103C6_gpio_driver.o
 .debug_abbrev  0x0000000000001248      0x273 TcpIp/TcpIp.o
 .debug_abbrev  0x00000000000014bb       0xf5 TcpIp/TcpIp_PbCfg.o

.debug_loc      0x0000000000000000     0x1502
 .debug_loc     0x0000000000000000       0xa0 EthIf/EthIf.o
 .debug_loc     0x00000000000000a0      0x3ac SoAd/SoAd.o
 .debug_loc     0x000000000000044c      0x164 Src/PduR.o
 .debug_loc     0x00000000000005b0       0x7c Src/main.o
 .debug_loc     0x000000000000062c       0x50 Src/sysmem.o
 .debug_loc     0x000000000000067c      0x320 Stm32f103c6_Drivers/Stm32_F103C6_EXTI_driver.o
 .debug_loc     0x000000000000099c       0xc8 Stm32f103c6_Drivers/Stm32_F103C6_RCC_driver.o
 .debug_loc     0x0000000000000a64      0x294 Stm32f103c6_Drivers/Stm32_F103C6_USART_driver.o
 .debug_loc     0x0000000000000cf8      0x2d4 Stm32f103c6_Drivers/Stm32_F103C6_gpio_driver.o
 .debug_loc     0x0000000000000fcc      0x536 TcpIp/TcpIp.o

.debug_aranges  0x0000000000000000      0x370
 .debug_aranges
                0x0000000000000000       0x28 EthIf/EthIf.o
 .debug_aranges
                0x0000000000000028       0x70 SoAd/SoAd.o
 .debug_aranges
                0x0000000000000098       0x18 SoAd/SoAd_PBcfg.o
 .debug_aranges
                0x00000000000000b0       0x38 Src/PduR.o
 .debug_aranges
                0x00000000000000e8       0x28 Src/main.o
 .debug_aranges
                0x0000000000000110       0x20 Src/sysmem.o
 .debug_aranges
                0x0000000000000130       0x28 Startup/startup_stm32f103c6tx.o
 .debug_aranges
                0x0000000000000158       0x80 Stm32f103c6_Drivers/Stm32_F103C6_EXTI_driver.o
 .debug_aranges
                0x00000000000001d8       0x38 Stm32f103c6_Drivers/Stm32_F103C6_RCC_driver.o
 .debug_aranges
                0x0000000000000210       0x60 Stm32f103c6_Drivers/Stm32_F103C6_USART_driver.o
 .debug_aranges
                0x0000000000000270       0x58 Stm32f103c6_Drivers/Stm32_F103C6_gpio_driver.o
 .debug_aranges
                0x00000000000002c8       0x90 TcpIp/TcpIp.o
 .debug_aranges
                0x0000000000000358       0x18 TcpIp/TcpIp_PbCfg.o

.debug_ranges   0x0000000000000000      0x298
 .debug_ranges  0x0000000000000000       0x18 EthIf/EthIf.o
 .debug_ranges  0x0000000000000018       0x60 SoAd/SoAd.o
 .debug_ranges  0x0000000000000078       0x28 Src/PduR.o
 .debug_ranges  0x00000000000000a0       0x18 Src/main.o
 .debug_ranges  0x00000000000000b8       0x10 Src/sysmem.o
 .debug_ranges  0x00000000000000c8       0x20 Startup/startup_stm32f103c6tx.o
 .debug_ranges  0x00000000000000e8       0x70 Stm32f103c6_Drivers/Stm32_F103C6_EXTI_driver.o
 .debug_ranges  0x0000000000000158       0x28 Stm32f103c6_Drivers/Stm32_F103C6_RCC_driver.o
 .debug_ranges  0x0000000000000180       0x50 Stm32f103c6_Drivers/Stm32_F103C6_USART_driver.o
 .debug_ranges  0x00000000000001d0       0x48 Stm32f103c6_Drivers/Stm32_F103C6_gpio_driver.o
 .debug_ranges  0x0000000000000218       0x80 TcpIp/TcpIp.o

.debug_macro    0x0000000000000000     0x3ab9
 .debug_macro   0x0000000000000000      0x273 EthIf/EthIf.o
 .debug_macro   0x0000000000000273      0xa60 EthIf/EthIf.o
 .debug_macro   0x0000000000000cd3       0x2e EthIf/EthIf.o
 .debug_macro   0x0000000000000d01       0x3a EthIf/EthIf.o
 .debug_macro   0x0000000000000d3b       0xac EthIf/EthIf.o
 .debug_macro   0x0000000000000de7      0x130 EthIf/EthIf.o
 .debug_macro   0x0000000000000f17       0x22 EthIf/EthIf.o
 .debug_macro   0x0000000000000f39       0x40 EthIf/EthIf.o
 .debug_macro   0x0000000000000f79       0x18 EthIf/EthIf.o
 .debug_macro   0x0000000000000f91       0x94 EthIf/EthIf.o
 .debug_macro   0x0000000000001025       0x3c EthIf/EthIf.o
 .debug_macro   0x0000000000001061       0x34 EthIf/EthIf.o
 .debug_macro   0x0000000000001095       0x16 EthIf/EthIf.o
 .debug_macro   0x00000000000010ab       0x57 EthIf/EthIf.o
 .debug_macro   0x0000000000001102       0x97 EthIf/EthIf.o
 .debug_macro   0x0000000000001199      0x330 EthIf/EthIf.o
 .debug_macro   0x00000000000014c9       0xfd EthIf/EthIf.o
 .debug_macro   0x00000000000015c6       0x10 EthIf/EthIf.o
 .debug_macro   0x00000000000015d6       0x52 EthIf/EthIf.o
 .debug_macro   0x0000000000001628       0x1f EthIf/EthIf.o
 .debug_macro   0x0000000000001647       0x43 EthIf/EthIf.o
 .debug_macro   0x000000000000168a       0x20 EthIf/EthIf.o
 .debug_macro   0x00000000000016aa      0x1a3 EthIf/EthIf.o
 .debug_macro   0x000000000000184d       0x10 EthIf/EthIf.o
 .debug_macro   0x000000000000185d       0x6a EthIf/EthIf.o
 .debug_macro   0x00000000000018c7       0x1c EthIf/EthIf.o
 .debug_macro   0x00000000000018e3       0x52 EthIf/EthIf.o
 .debug_macro   0x0000000000001935       0x40 EthIf/EthIf.o
 .debug_macro   0x0000000000001975       0x10 EthIf/EthIf.o
 .debug_macro   0x0000000000001985       0x40 EthIf/EthIf.o
 .debug_macro   0x00000000000019c5       0xd7 EthIf/EthIf.o
 .debug_macro   0x0000000000001a9c       0x1c EthIf/EthIf.o
 .debug_macro   0x0000000000001ab8       0x3d EthIf/EthIf.o
 .debug_macro   0x0000000000001af5       0x16 EthIf/EthIf.o
 .debug_macro   0x0000000000001b0b      0x145 EthIf/EthIf.o
 .debug_macro   0x0000000000001c50       0x16 EthIf/EthIf.o
 .debug_macro   0x0000000000001c66       0x35 EthIf/EthIf.o
 .debug_macro   0x0000000000001c9b       0x16 EthIf/EthIf.o
 .debug_macro   0x0000000000001cb1       0x29 EthIf/EthIf.o
 .debug_macro   0x0000000000001cda       0xef EthIf/EthIf.o
 .debug_macro   0x0000000000001dc9      0x1df EthIf/EthIf.o
 .debug_macro   0x0000000000001fa8      0x6b8 EthIf/EthIf.o
 .debug_macro   0x0000000000002660       0xdc EthIf/EthIf.o
 .debug_macro   0x000000000000273c      0x21a EthIf/EthIf.o
 .debug_macro   0x0000000000002956       0x16 EthIf/EthIf.o
 .debug_macro   0x000000000000296c       0xe2 EthIf/EthIf.o
 .debug_macro   0x0000000000002a4e       0x7f SoAd/SoAd.o
 .debug_macro   0x0000000000002acd       0x3a SoAd/SoAd.o
 .debug_macro   0x0000000000002b07       0x22 SoAd/SoAd.o
 .debug_macro   0x0000000000002b29       0x62 SoAd/SoAd_PBcfg.o
 .debug_macro   0x0000000000002b8b      0x1cd Src/PduR.o
 .debug_macro   0x0000000000002d58      0x10e Src/PduR.o
 .debug_macro   0x0000000000002e66       0x8d Src/PduR.o
 .debug_macro   0x0000000000002ef3      0x1cd Src/main.o
 .debug_macro   0x00000000000030c0       0xee Src/sysmem.o
 .debug_macro   0x00000000000031ae      0x23b Src/sysmem.o
 .debug_macro   0x00000000000033e9      0x14e Stm32f103c6_Drivers/Stm32_F103C6_EXTI_driver.o
 .debug_macro   0x0000000000003537       0xe2 Stm32f103c6_Drivers/Stm32_F103C6_EXTI_driver.o
 .debug_macro   0x0000000000003619      0x13f Stm32f103c6_Drivers/Stm32_F103C6_RCC_driver.o
 .debug_macro   0x0000000000003758       0x10 Stm32f103c6_Drivers/Stm32_F103C6_RCC_driver.o
 .debug_macro   0x0000000000003768      0x151 Stm32f103c6_Drivers/Stm32_F103C6_USART_driver.o
 .debug_macro   0x00000000000038b9      0x13f Stm32f103c6_Drivers/Stm32_F103C6_gpio_driver.o
 .debug_macro   0x00000000000039f8       0x80 TcpIp/TcpIp.o
 .debug_macro   0x0000000000003a78       0x41 TcpIp/TcpIp_PbCfg.o

.debug_line     0x0000000000000000     0x3e36
 .debug_line    0x0000000000000000      0x785 EthIf/EthIf.o
 .debug_line    0x0000000000000785      0x2fb SoAd/SoAd.o
 .debug_line    0x0000000000000a80      0x142 SoAd/SoAd_PBcfg.o
 .debug_line    0x0000000000000bc2      0x6fd Src/PduR.o
 .debug_line    0x00000000000012bf      0x70e Src/main.o
 .debug_line    0x00000000000019cd      0x4c2 Src/sysmem.o
 .debug_line    0x0000000000001e8f       0x84 Startup/startup_stm32f103c6tx.o
 .debug_line    0x0000000000001f13      0x74f Stm32f103c6_Drivers/Stm32_F103C6_EXTI_driver.o
 .debug_line    0x0000000000002662      0x5b4 Stm32f103c6_Drivers/Stm32_F103C6_RCC_driver.o
 .debug_line    0x0000000000002c16      0x6a9 Stm32f103c6_Drivers/Stm32_F103C6_USART_driver.o
 .debug_line    0x00000000000032bf      0x67c Stm32f103c6_Drivers/Stm32_F103C6_gpio_driver.o
 .debug_line    0x000000000000393b      0x431 TcpIp/TcpIp.o
 .debug_line    0x0000000000003d6c       0xca TcpIp/TcpIp_PbCfg.o

.debug_str      0x0000000000000000     0xe565
 .debug_str     0x0000000000000000     0xccfb EthIf/EthIf.o
                                       0xcf6d (size before relaxing)
 .debug_str     0x000000000000ccfb      0x848 SoAd/SoAd.o
                                       0x43df (size before relaxing)
 .debug_str     0x000000000000d543       0x15 SoAd/SoAd_PBcfg.o
                                       0x3f69 (size before relaxing)
 .debug_str     0x000000000000d558       0xfc Src/PduR.o
                                       0xc22e (size before relaxing)
 .debug_str     0x000000000000d654      0x12e Src/main.o
                                       0xc24a (size before relaxing)
 .debug_str     0x000000000000d782      0x4e4 Src/sysmem.o
                                       0x5f59 (size before relaxing)
 .debug_str     0x000000000000dc66       0x31 Startup/startup_stm32f103c6tx.o
                                         0x7c (size before relaxing)
 .debug_str     0x000000000000dc97      0x284 Stm32f103c6_Drivers/Stm32_F103C6_EXTI_driver.o
                                       0xaac2 (size before relaxing)
 .debug_str     0x000000000000df1b       0xa6 Stm32f103c6_Drivers/Stm32_F103C6_RCC_driver.o
                                       0x92bb (size before relaxing)
 .debug_str     0x000000000000dfc1      0x163 Stm32f103c6_Drivers/Stm32_F103C6_USART_driver.o
                                       0x9ed1 (size before relaxing)
 .debug_str     0x000000000000e124       0xfc Stm32f103c6_Drivers/Stm32_F103C6_gpio_driver.o
                                       0x9735 (size before relaxing)
 .debug_str     0x000000000000e220      0x31f TcpIp/TcpIp.o
                                       0x43c7 (size before relaxing)
 .debug_str     0x000000000000e53f       0x26 TcpIp/TcpIp_PbCfg.o
                                       0x3d2b (size before relaxing)

.comment        0x0000000000000000       0x7b
 .comment       0x0000000000000000       0x7b EthIf/EthIf.o
                                         0x7c (size before relaxing)
 .comment       0x000000000000007b       0x7c SoAd/SoAd.o
 .comment       0x000000000000007b       0x7c SoAd/SoAd_PBcfg.o
 .comment       0x000000000000007b       0x7c Src/PduR.o
 .comment       0x000000000000007b       0x7c Src/main.o
 .comment       0x000000000000007b       0x7c Src/sysmem.o
 .comment       0x000000000000007b       0x7c Stm32f103c6_Drivers/Stm32_F103C6_EXTI_driver.o
 .comment       0x000000000000007b       0x7c Stm32f103c6_Drivers/Stm32_F103C6_RCC_driver.o
 .comment       0x000000000000007b       0x7c Stm32f103c6_Drivers/Stm32_F103C6_USART_driver.o
 .comment       0x000000000000007b       0x7c Stm32f103c6_Drivers/Stm32_F103C6_gpio_driver.o
 .comment       0x000000000000007b       0x7c TcpIp/TcpIp.o
 .comment       0x000000000000007b       0x7c TcpIp/TcpIp_PbCfg.o

.debug_frame    0x0000000000000000      0xc78
 .debug_frame   0x0000000000000000       0x60 EthIf/EthIf.o
 .debug_frame   0x0000000000000060      0x1b0 SoAd/SoAd.o
 .debug_frame   0x0000000000000210       0xac Src/PduR.o
 .debug_frame   0x00000000000002bc       0x54 Src/main.o
 .debug_frame   0x0000000000000310       0x34 Src/sysmem.o
 .debug_frame   0x0000000000000344      0x1b0 Stm32f103c6_Drivers/Stm32_F103C6_EXTI_driver.o
 .debug_frame   0x00000000000004f4       0x84 Stm32f103c6_Drivers/Stm32_F103C6_RCC_driver.o
 .debug_frame   0x0000000000000578      0x14c Stm32f103c6_Drivers/Stm32_F103C6_USART_driver.o
 .debug_frame   0x00000000000006c4      0x150 Stm32f103c6_Drivers/Stm32_F103C6_gpio_driver.o
 .debug_frame   0x0000000000000814      0x260 TcpIp/TcpIp.o
 .debug_frame   0x0000000000000a74       0x20 c:/st/stm32cubeide_1.4.0/stm32cubeide/plugins/com.st.stm32cube.ide.mcu.externaltools.gnu-tools-for-stm32.7-2018-q2-update.win32_1.4.0.202007081208/tools/bin/../lib/gcc/arm-none-eabi/7.3.1/../../../../arm-none-eabi/lib/thumb/v7-m\libc_nano.a(lib_a-calloc.o)
 .debug_frame   0x0000000000000a94       0x20 c:/st/stm32cubeide_1.4.0/stm32cubeide/plugins/com.st.stm32cube.ide.mcu.externaltools.gnu-tools-for-stm32.7-2018-q2-update.win32_1.4.0.202007081208/tools/bin/../lib/gcc/arm-none-eabi/7.3.1/../../../../arm-none-eabi/lib/thumb/v7-m\libc_nano.a(lib_a-errno.o)
 .debug_frame   0x0000000000000ab4       0x2c c:/st/stm32cubeide_1.4.0/stm32cubeide/plugins/com.st.stm32cube.ide.mcu.externaltools.gnu-tools-for-stm32.7-2018-q2-update.win32_1.4.0.202007081208/tools/bin/../lib/gcc/arm-none-eabi/7.3.1/../../../../arm-none-eabi/lib/thumb/v7-m\libc_nano.a(lib_a-init.o)
 .debug_frame   0x0000000000000ae0       0x30 c:/st/stm32cubeide_1.4.0/stm32cubeide/plugins/com.st.stm32cube.ide.mcu.externaltools.gnu-tools-for-stm32.7-2018-q2-update.win32_1.4.0.202007081208/tools/bin/../lib/gcc/arm-none-eabi/7.3.1/../../../../arm-none-eabi/lib/thumb/v7-m\libc_nano.a(lib_a-malloc.o)
 .debug_frame   0x0000000000000b10       0x20 c:/st/stm32cubeide_1.4.0/stm32cubeide/plugins/com.st.stm32cube.ide.mcu.externaltools.gnu-tools-for-stm32.7-2018-q2-update.win32_1.4.0.202007081208/tools/bin/../lib/gcc/arm-none-eabi/7.3.1/../../../../arm-none-eabi/lib/thumb/v7-m\libc_nano.a(lib_a-memset.o)
 .debug_frame   0x0000000000000b30       0x2c c:/st/stm32cubeide_1.4.0/stm32cubeide/plugins/com.st.stm32cube.ide.mcu.externaltools.gnu-tools-for-stm32.7-2018-q2-update.win32_1.4.0.202007081208/tools/bin/../lib/gcc/arm-none-eabi/7.3.1/../../../../arm-none-eabi/lib/thumb/v7-m\libc_nano.a(lib_a-nano-callocr.o)
 .debug_frame   0x0000000000000b5c       0x38 c:/st/stm32cubeide_1.4.0/stm32cubeide/plugins/com.st.stm32cube.ide.mcu.externaltools.gnu-tools-for-stm32.7-2018-q2-update.win32_1.4.0.202007081208/tools/bin/../lib/gcc/arm-none-eabi/7.3.1/../../../../arm-none-eabi/lib/thumb/v7-m\libc_nano.a(lib_a-nano-freer.o)
 .debug_frame   0x0000000000000b94       0x2c c:/st/stm32cubeide_1.4.0/stm32cubeide/plugins/com.st.stm32cube.ide.mcu.externaltools.gnu-tools-for-stm32.7-2018-q2-update.win32_1.4.0.202007081208/tools/bin/../lib/gcc/arm-none-eabi/7.3.1/../../../../arm-none-eabi/lib/thumb/v7-m\libc_nano.a(lib_a-nano-mallocr.o)
 .debug_frame   0x0000000000000bc0       0x2c c:/st/stm32cubeide_1.4.0/stm32cubeide/plugins/com.st.stm32cube.ide.mcu.externaltools.gnu-tools-for-stm32.7-2018-q2-update.win32_1.4.0.202007081208/tools/bin/../lib/gcc/arm-none-eabi/7.3.1/../../../../arm-none-eabi/lib/thumb/v7-m\libc_nano.a(lib_a-sbrkr.o)
 .debug_frame   0x0000000000000bec       0x30 c:/st/stm32cubeide_1.4.0/stm32cubeide/plugins/com.st.stm32cube.ide.mcu.externaltools.gnu-tools-for-stm32.7-2018-q2-update.win32_1.4.0.202007081208/tools/bin/../lib/gcc/arm-none-eabi/7.3.1/../../../../arm-none-eabi/lib/thumb/v7-m\libc_nano.a(lib_a-mlock.o)
 .debug_frame   0x0000000000000c1c       0x5c c:/st/stm32cubeide_1.4.0/stm32cubeide/plugins/com.st.stm32cube.ide.mcu.externaltools.gnu-tools-for-stm32.7-2018-q2-update.win32_1.4.0.202007081208/tools/bin/../lib/gcc/arm-none-eabi/7.3.1/../../../../arm-none-eabi/lib/thumb/v7-m\libc_nano.a(lib_a-reent.o)
