Stm32_F103C6_EXTI_driver.c:33:6:Enable_NVIC	16	static
Stm32_F103C6_EXTI_driver.c:70:6:Disable_NVIC	16	static
Stm32_F103C6_EXTI_driver.c:107:6:Update_EXTI	24	static
Stm32_F103C6_EXTI_driver.c:169:6:MCAL_EXTI_GPIO_Init	16	static
Stm32_F103C6_EXTI_driver.c:183:6:MCAL_EXTI_GPIO_DeInit	4	static
Stm32_F103C6_EXTI_driver.c:202:6:MCAL_EXTI_GPIO_Update	16	static
Stm32_F103C6_EXTI_driver.c:213:6:EXTI0_IRQHandler	8	static
Stm32_F103C6_EXTI_driver.c:221:6:EXTI1_IRQHandler	8	static
Stm32_F103C6_EXTI_driver.c:229:6:EXTI2_IRQHandler	8	static
Stm32_F103C6_EXTI_driver.c:236:6:EXTI3_IRQHandler	8	static
Stm32_F103C6_EXTI_driver.c:243:6:EXTI4_IRQHandler	8	static
Stm32_F103C6_EXTI_driver.c:250:6:EXTI9_5_IRQHandler	8	static
Stm32_F103C6_EXTI_driver.c:260:6:EXTI15_10_IRQHandler	8	static
